07-17 21:58:23.620: I/WindowManager(533): Screen frozen for +5s113ms due to Window{42863a70 u0 Starting com.kevinchoteau.splode}
07-17 21:58:25.812: D/dalvikvm(533): GC_EXPLICIT freed 2689K, 38% free 25967K/41492K, paused 13ms+10ms, total 186ms
07-17 21:58:28.435: W/ActivityManager(533): Launch timeout has expired, giving up wake lock!
07-17 21:58:28.625: W/ActivityManager(533): Activity idle timeout for ActivityRecord{42027470 u0 com.kevinchoteau.splode/.SOBActivity}
07-17 21:58:29.316: E/NotificationService(533): Not posting notification with icon==0: Notification(pri=2 contentView=null vibrate=null sound=null defaults=0x0 flags=0x91 kind=[null])
07-17 21:58:29.316: E/NotificationService(533): WARNING: In a future release this will crash the app: com.koo.lightmanager
07-17 21:58:29.326: W/Settings(1095): Setting airplane_mode_on has moved from android.provider.Settings.System to android.provider.Settings.Global, returning read-only value.
07-17 21:58:29.336: W/Settings(1095): Setting bluetooth_on has moved from android.provider.Settings.System to android.provider.Settings.Global, returning read-only value.
07-17 21:58:29.356: E/NotificationService(533): Not posting notification with icon==0: Notification(pri=2 contentView=null vibrate=null sound=null defaults=0x0 flags=0x91 kind=[null])
07-17 21:58:29.356: E/NotificationService(533): WARNING: In a future release this will crash the app: com.koo.lightmanager
07-17 21:58:30.577: I/ActivityManager(533): Start proc com.android.providers.calendar for content provider com.android.providers.calendar/.CalendarProvider2: pid=13106 uid=10007 gids={50007, 3003, 1015, 1028}
07-17 21:58:31.658: I/CalendarProvider2(13106): Sending notification intent: Intent { act=android.intent.action.PROVIDER_CHANGED dat=content://com.android.calendar }
07-17 21:58:31.658: W/ContentResolver(13106): Failed to get type for: content://com.android.calendar (Unknown URL content://com.android.calendar)
07-17 21:58:31.698: I/ActivityManager(533): Start proc com.google.android.calendar for broadcast com.google.android.calendar/com.android.calendar.alerts.AlertReceiver: pid=13126 uid=10006 gids={50006, 3003, 1028}
07-17 21:58:31.708: I/ActivityManager(533): No longer want com.android.defcontainer (pid 12799): empty #17
07-17 21:58:31.758: D/AlertReceiver(13126): onReceive: a=android.intent.action.PROVIDER_CHANGED Intent { act=android.intent.action.PROVIDER_CHANGED dat=content://com.android.calendar flg=0x10 cmp=com.google.android.calendar/com.android.calendar.alerts.AlertReceiver }
07-17 21:58:31.768: D/AlertService(13126): 0 Action = android.intent.action.PROVIDER_CHANGED
07-17 21:58:33.140: D/Finsky(4855): [1] 5.onFinished: Installation state replication succeeded.
07-17 21:58:35.622: D/dalvikvm(11354): GC_CONCURRENT freed 418K, 29% free 10125K/14104K, paused 1ms+1ms, total 19ms
07-17 21:58:36.794: D/AlertService(13126): Beginning updateAlertNotification
07-17 21:58:36.844: D/AlertService(13126): No fired or scheduled alerts
07-17 21:58:36.854: D/AlertService(13126): Scheduling next alarm with AlarmScheduler. sEventReminderReceived: null
07-17 21:58:36.854: I/dalvikvm(13126): Could not find method android.app.AlarmManager.setExact, referenced from method com.android.calendar.alerts.AlertUtils$1.set
07-17 21:58:36.854: W/dalvikvm(13126): VFY: unable to resolve virtual method 85: Landroid/app/AlarmManager;.setExact (IJLandroid/app/PendingIntent;)V
07-17 21:58:36.854: D/dalvikvm(13126): VFY: replacing opcode 0x6e at 0x0008
07-17 21:58:36.864: D/AlarmScheduler(13126): Query result count for events starting within 1 week: 1
07-17 21:58:36.874: I/ActivityManager(533): No longer want com.android.keychain (pid 12979): empty #17
07-17 21:58:38.836: W/ContextImpl(533): Calling a method in the system process without a qualified user: android.app.ContextImpl.bindService:1439 com.android.server.MountService$ObbActionHandler.connectToService:2344 com.android.server.MountService$ObbActionHandler.handleMessage:2223 android.os.Handler.dispatchMessage:99 android.os.Looper.loop:137 
07-17 21:58:38.896: I/ActivityManager(533): Start proc com.android.defcontainer for service com.android.defcontainer/.DefaultContainerService: pid=13161 uid=10013 gids={50013, 1015, 1023, 2001, 1028}
07-17 21:58:39.036: D/libEGL(13066): loaded /system/lib/egl/libEGL_adreno200.so
07-17 21:58:39.036: D/libEGL(13066): loaded /system/lib/egl/libGLESv1_CM_adreno200.so
07-17 21:58:39.036: D/libEGL(13066): loaded /system/lib/egl/libGLESv2_adreno200.so
07-17 21:58:39.046: I/Adreno200-EGL(13066): <qeglDrvAPI_eglInitialize:265>: EGL 1.4 QUALCOMM Build: Iabe52cfaeae4c5fab1acacfe6f056ba15fa93274
07-17 21:58:39.066: I/ActivityManager(533): No longer want jp.co.omronsoft.iwnnime.ml (pid 13001): empty #17
07-17 21:58:39.086: D/OpenGLRenderer(13066): Enabling debug mode 0
07-17 21:58:39.086: V/Storage(13066): Mounted /storage/emulated/0/Android/obb/com.kevinchoteau.splode/main.1.com.kevinchoteau.splode.obb
07-17 21:58:39.306: E/NotificationService(533): Not posting notification with icon==0: Notification(pri=2 contentView=null vibrate=null sound=null defaults=0x0 flags=0x91 kind=[null])
07-17 21:58:39.306: E/NotificationService(533): WARNING: In a future release this will crash the app: com.koo.lightmanager
07-17 21:58:39.316: W/Settings(1095): Setting airplane_mode_on has moved from android.provider.Settings.System to android.provider.Settings.Global, returning read-only value.
07-17 21:58:39.326: W/Settings(1095): Setting bluetooth_on has moved from android.provider.Settings.System to android.provider.Settings.Global, returning read-only value.
07-17 21:58:39.336: E/NotificationService(533): Not posting notification with icon==0: Notification(pri=2 contentView=null vibrate=null sound=null defaults=0x0 flags=0x91 kind=[null])
07-17 21:58:39.336: E/NotificationService(533): WARNING: In a future release this will crash the app: com.koo.lightmanager
07-17 21:58:39.366: D/dalvikvm(1095): GC_CONCURRENT freed 387K, 5% free 9030K/9452K, paused 5ms+1ms, total 53ms
07-17 21:58:40.367: E/NotificationService(533): Not posting notification with icon==0: Notification(pri=2 contentView=null vibrate=null sound=null defaults=0x0 flags=0x91 kind=[null])
07-17 21:58:40.367: E/NotificationService(533): WARNING: In a future release this will crash the app: com.koo.lightmanager
07-17 21:58:40.377: W/Settings(1095): Setting airplane_mode_on has moved from android.provider.Settings.System to android.provider.Settings.Global, returning read-only value.
07-17 21:58:40.387: W/Settings(1095): Setting bluetooth_on has moved from android.provider.Settings.System to android.provider.Settings.Global, returning read-only value.
07-17 21:58:40.397: E/NotificationService(533): Not posting notification with icon==0: Notification(pri=2 contentView=null vibrate=null sound=null defaults=0x0 flags=0x91 kind=[null])
07-17 21:58:40.397: E/NotificationService(533): WARNING: In a future release this will crash the app: com.koo.lightmanager
07-17 21:58:41.298: D/Debug(13066): Checking if /mnt/obb/a122d59948485f8c7e8743465746b529/script/init.lua exists
07-17 21:58:41.298: D/Debug(13066): true
07-17 21:58:41.328: D/dalvikvm(13066): Trying to load lib /data/app-lib/com.kevinchoteau.splode-1/libfmod.so 0x41fe5ac8
07-17 21:58:41.328: D/dalvikvm(13066): Added shared lib /data/app-lib/com.kevinchoteau.splode-1/libfmod.so 0x41fe5ac8
07-17 21:58:41.338: D/dalvikvm(13066): Trying to load lib /data/app-lib/com.kevinchoteau.splode-1/libfmodstudio.so 0x41fe5ac8
07-17 21:58:41.358: D/dalvikvm(13066): Added shared lib /data/app-lib/com.kevinchoteau.splode-1/libfmodstudio.so 0x41fe5ac8
07-17 21:58:41.358: D/dalvikvm(13066): No JNI_OnLoad found in /data/app-lib/com.kevinchoteau.splode-1/libfmodstudio.so 0x41fe5ac8, skipping init
07-17 21:58:41.368: D/dalvikvm(13066): Trying to load lib /data/app-lib/com.kevinchoteau.splode-1/libgame.so 0x41fe5ac8
07-17 21:58:41.378: D/dalvikvm(13066): Added shared lib /data/app-lib/com.kevinchoteau.splode-1/libgame.so 0x41fe5ac8
07-17 21:58:41.398: I/Call Native(13066): com.android.sob.SOBLib.testAsset
07-17 21:58:41.398: I/Call Native(13066): com.android.sob.SOBLib.init
07-17 21:58:41.398: I/Game(13066): Init - params
07-17 21:58:41.398: I/Game(13066): Init - init.lua
07-17 21:58:41.398: I/Game(13066): Init - init.lua - load from file
07-17 21:58:41.398: I/Game(13066): Init - init.lua - execute
07-17 21:58:41.459: E/Game(13066): jni/../../engine/resource/loader_TTF.cpp(1957212335):ERROR: Could not load character 
07-17 21:58:41.469: I/Game(13066): Init - create window 3d screen.lua
07-17 21:58:41.469: I/Game(13066): Init - inputs
07-17 21:58:41.469: I/Game(13066): Init - sounds
07-17 21:58:41.489: D/audio_hw_primary(175): out_set_parameters: enter: usecase(1: low-latency-playback) kvpairs: routing=2
07-17 21:58:41.489: D/audio_hw_primary(175): out_set_parameters: exit: code(1)
07-17 21:58:41.509: D/audio_hw_primary(175): start_output_stream: enter: usecase(1: low-latency-playback) devices(0x2)
07-17 21:58:41.509: D/audio_hw_primary(175): select_devices: out_snd_device(2: speaker) in_snd_device(0: none)
07-17 21:58:41.509: D/audio_hw_primary(175): enable_snd_device: sending audio calibration for snd_device(2) acdb_id(14)
07-17 21:58:41.509: D/ACDB-LOADER(175): ACDB -> send_afe_cal
07-17 21:58:41.509: D/audio_hw_primary(175): enable_snd_device: snd_device(2: speaker)
07-17 21:58:41.519: D/audio_hw_primary(175): enable_audio_route: apply mixer path: low-latency-playback
07-17 21:58:41.529: D/audio_hw_primary(175): start_output_stream: exit
07-17 21:58:41.999: I/Game(13066): Init - flow
07-17 21:58:41.999: I/Game(13066): Load : /data/data/com.kevinchoteau.splode/files/game.sav exist
07-17 21:58:41.999: I/Game(13066): /data/data/com.kevinchoteau.splode/files/ already exists
07-17 21:58:41.999: I/Game(13066): Load : Open
07-17 21:58:41.999: I/Game(13066): Load : Load TOTALOBTAINABLESTAR = 180.000000 ou (null)
07-17 21:58:41.999: I/Game(13066): Load : Load TOTALSTAR = 0.000000 ou (null)
07-17 21:58:41.999: I/Game(13066): Load : Close
07-17 21:58:42.009: I/Game(13066): SetParam State = 0.000000
07-17 21:58:43.511: I/Game(13066): Init - timer
07-17 21:58:43.511: I/Game(13066): CPlatformManager::Init
07-17 21:58:43.511: I/Game(13066): ->Activity ce300021
07-17 21:58:43.521: I/GamesNativeSDK(13066): Adding listener on entrypoint 1957045521
07-17 21:58:43.521: I/GamesNativeSDK(13066): Adding listener on entrypoint 1957045657
07-17 21:58:43.551: W/PopupManager(13066): You have not specified a View to use as content view for popups. Falling back to the Activity content view which may not work properly in future versions of the API. Use setViewForPopups() to set your content view.
07-17 21:58:43.551: V/GamesNativeSDK(13066): Opened /data/data/com.kevinchoteau.splode/app_.gpg/0 (80441)
07-17 21:58:43.551: I/Game(13066): ->Ok 78798a38
07-17 21:58:43.551: I/GamesNativeSDK(13066): Connecting to Google Play...
07-17 21:58:43.561: V/GamesNativeSDK(13066): Attached to JVM on thread main_dispatch
07-17 21:58:43.571: I/Game(13066): CPlatformManager::OnAuthActionStarted
07-17 21:58:43.621: D/IabHelper(13066): Starting in-app billing setup.
07-17 21:58:43.661: I/Choreographer(13066): Skipped 274 frames!  The application may be doing too much work on its main thread.
07-17 21:58:43.741: W/SOBView(13066): creating OpenGL ES 2.0 context
07-17 21:58:43.761: I/Call Native(13066): com.android.sob.SOBLib.changeSurface
07-17 21:58:43.761: I/Game(13066): OPENGL Texture max size : 4096
07-17 21:58:43.811: D/IabHelper(13066): Billing service connected.
07-17 21:58:43.811: D/IabHelper(13066): Checking for in-app billing 3 support.
07-17 21:58:43.821: D/Finsky(4855): [4933] InAppBillingUtils.getPreferredAccount: com.kevinchoteau.splode: Account from first account - [_Kkk1N8uHu0G_X58ty0068t5aAY]
07-17 21:58:43.821: D/IabHelper(13066): In-app billing version 3 supported for com.kevinchoteau.splode
07-17 21:58:43.821: D/Finsky(4855): [4932] InAppBillingUtils.getPreferredAccount: com.kevinchoteau.splode: Account from first account - [_Kkk1N8uHu0G_X58ty0068t5aAY]
07-17 21:58:43.821: I/ActivityManager(533): Displayed com.kevinchoteau.splode/.SOBActivity: +25s399ms
07-17 21:58:43.831: D/IabHelper(13066): Subscriptions AVAILABLE.
07-17 21:58:43.861: I/Game(13066): CPlatformManager::SignIn
07-17 21:58:43.861: I/Game(13066): ->Ok
07-17 21:58:44.472: V/GamesNativeSDK(13066): Play Games callback indicates connection failure.
07-17 21:58:44.472: I/GamesNativeSDK(13066): UI interaction required to connect to Google Play.
07-17 21:58:44.472: I/Game(13066): CPlatformManager::OnAuthActionFinished
07-17 21:58:44.472: I/Game(13066): -> Failed Status = ERROR_NOT_AUTHORIZED
07-17 21:58:46.684: I/Game(13066): Flow - go to script script/menu.lua
07-17 21:58:46.984: D/audio_hw_primary(175): out_set_parameters: enter: usecase(1: low-latency-playback) kvpairs: routing=2
07-17 21:58:46.984: D/audio_hw_primary(175): out_set_parameters: exit: code(1)
07-17 21:58:46.984: W/InputMethodManagerService(533): Got RemoteException sending setActive(false) notification to pid 12740 uid 10091
07-17 21:58:47.045: I/Game(13066): /data/data/com.kevinchoteau.splode/files/ already exists
07-17 21:58:47.045: I/Game(13066): Save : Open /data/data/com.kevinchoteau.splode/files/game.sav
07-17 21:58:47.045: I/Game(13066): Save : Save TOTALOBTAINABLESTAR = 180.000000 ou (null)
07-17 21:58:47.045: I/Game(13066): Save : Save TOTALSTAR = 0.000000 ou (null)
07-17 21:58:47.045: I/Game(13066): Save : Close
07-17 21:58:47.045: I/Game(13066): Save : Successfull
07-17 21:58:47.055: I/Game(13066): SetParam State = 0.000000
07-17 21:58:47.855: A/libc(13066): Fatal signal 11 (SIGSEGV) at 0x00000008 (code=1), thread 13200 (Thread-5306)
07-17 21:58:47.905: I/DEBUG(170): *** *** *** *** *** *** *** *** *** *** *** *** *** *** *** ***
07-17 21:58:47.905: I/DEBUG(170): Build fingerprint: 'google/occam/mako:4.3/JWR66Y/776638:user/release-keys'
07-17 21:58:47.905: I/DEBUG(170): Revision: '10'
07-17 21:58:47.905: I/DEBUG(170): pid: 13066, tid: 13200, name: Thread-5306  >>> com.kevinchoteau.splode <<<
07-17 21:58:47.905: I/DEBUG(170): signal 11 (SIGSEGV), code 1 (SEGV_MAPERR), fault addr 00000008
07-17 21:58:48.016: I/DEBUG(170):     r0 000000ad  r1 00000007  r2 00000302  r3 00000000
07-17 21:58:48.016: I/DEBUG(170):     r4 74afec78  r5 74ad8c2c  r6 74aede18  r7 00000000
07-17 21:58:48.016: I/DEBUG(170):     r8 00000048  r9 00000001  sl 00000030  fp 74adb5a4
07-17 21:58:48.016: I/DEBUG(170):     ip 20000000  sp 75d46a18  lr 73825657  pc 7498568e  cpsr 20010030
07-17 21:58:48.016: I/DEBUG(170):     d0  000000003f800000  d1  00000000000000e4
07-17 21:58:48.016: I/DEBUG(170):     d2  787a4fc0787a4fc0  d3  7393980800000000
07-17 21:58:48.016: I/DEBUG(170):     d4  0000000000000000  d5  0000000000000000
07-17 21:58:48.016: I/DEBUG(170):     d6  3f80000000000000  d7  3f800000bf800000
07-17 21:58:48.016: I/DEBUG(170):     d8  0000000000000000  d9  0000000000000000
07-17 21:58:48.016: I/DEBUG(170):     d10 0000000000000000  d11 0000000000000000
07-17 21:58:48.016: I/DEBUG(170):     d12 0000000000000000  d13 0000000000000000
07-17 21:58:48.016: I/DEBUG(170):     d14 0000000000000000  d15 0000000000000000
07-17 21:58:48.016: I/DEBUG(170):     d16 0000000000000000  d17 0000000000000000
07-17 21:58:48.016: I/DEBUG(170):     d18 4197d78400000000  d19 b53d3435e90c01d1
07-17 21:58:48.016: I/DEBUG(170):     d20 3ffccccccccccccd  d21 4066800000000000
07-17 21:58:48.016: I/DEBUG(170):     d22 bfbc71d7be49ffcd  d23 3fb745dc46c90d64
07-17 21:58:48.016: I/DEBUG(170):     d24 bfb3b0ff639ce918  d25 3fb10d71775cdd64
07-17 21:58:48.016: I/DEBUG(170):     d26 4066800000000000  d27 3fa97b523c487304
07-17 21:58:48.016: I/DEBUG(170):     d28 3f90ad3ae322da11  d29 3f6d838fea1412c4
07-17 21:58:48.016: I/DEBUG(170):     d30 3fd5555d1c5e9c2f  d31 4000000000000000
07-17 21:58:48.016: I/DEBUG(170):     scr 20000012
07-17 21:58:48.026: I/DEBUG(170): backtrace:
07-17 21:58:48.026: I/DEBUG(170):     #00  pc 0007968e  /data/app-lib/com.kevinchoteau.splode-1/libgame.so (CRenderer::BeginActiveMaterial()+85)
07-17 21:58:48.026: I/DEBUG(170):     #01  pc 00079eb3  /data/app-lib/com.kevinchoteau.splode-1/libgame.so (CRenderer::DrawTransparent()+142)
07-17 21:58:48.026: I/DEBUG(170):     #02  pc 0007a08f  /data/app-lib/com.kevinchoteau.splode-1/libgame.so (CRenderer::Draw()+254)
07-17 21:58:48.026: I/DEBUG(170):     #03  pc 0009c10f  /data/app-lib/com.kevinchoteau.splode-1/libgame.so (CGame::DoFrame(float)+870)
07-17 21:58:48.026: I/DEBUG(170):     #04  pc 0009c2d9  /data/app-lib/com.kevinchoteau.splode-1/libgame.so (CGame::DoFrame()+112)
07-17 21:58:48.026: I/DEBUG(170):     #05  pc 0001dc4c  /system/lib/libdvm.so (dvmPlatformInvoke+112)
07-17 21:58:48.026: I/DEBUG(170):     #06  pc 0004decf  /system/lib/libdvm.so (dvmCallJNIMethod(unsigned int const*, JValue*, Method const*, Thread*)+398)
07-17 21:58:48.026: I/DEBUG(170):     #07  pc 000270a4  /system/lib/libdvm.so
07-17 21:58:48.026: I/DEBUG(170):     #08  pc 0000ed9c  <unknown>
07-17 21:58:48.026: I/DEBUG(170): stack:
07-17 21:58:48.026: I/DEBUG(170):          75d469d8  00000302  
07-17 21:58:48.026: I/DEBUG(170):          75d469dc  74aede18  
07-17 21:58:48.026: I/DEBUG(170):          75d469e0  74adb57c  /data/app-lib/com.kevinchoteau.splode-1/libgame.so
07-17 21:58:48.026: I/DEBUG(170):          75d469e4  00000048  
07-17 21:58:48.026: I/DEBUG(170):          75d469e8  00000001  
07-17 21:58:48.026: I/DEBUG(170):          75d469ec  00000030  
07-17 21:58:48.026: I/DEBUG(170):          75d469f0  74adb5a4  /data/app-lib/com.kevinchoteau.splode-1/libgame.so
07-17 21:58:48.026: I/DEBUG(170):          75d469f4  7380f98b  /system/lib/egl/libGLESv2_adreno200.so (core_glBlendFunc+10)
07-17 21:58:48.026: I/DEBUG(170):          75d469f8  00000007  
07-17 21:58:48.026: I/DEBUG(170):          75d469fc  00000302  
07-17 21:58:48.026: I/DEBUG(170):          75d46a00  00000303  
07-17 21:58:48.026: I/DEBUG(170):          75d46a04  737f20d3  /system/lib/egl/libGLESv2_adreno200.so (glBlendFunc+22)
07-17 21:58:48.026: I/DEBUG(170):          75d46a08  00000000  
07-17 21:58:48.026: I/DEBUG(170):          75d46a0c  78797aa8  
07-17 21:58:48.026: I/DEBUG(170):          75d46a10  df0027ad  
07-17 21:58:48.026: I/DEBUG(170):          75d46a14  00000000  
07-17 21:58:48.026: I/DEBUG(170):     #00  75d46a18  3f800000  
07-17 21:58:48.026: I/DEBUG(170):          75d46a1c  00000006  
07-17 21:58:48.026: I/DEBUG(170):          75d46a20  00000004  
07-17 21:58:48.026: I/DEBUG(170):          75d46a24  00000048  
07-17 21:58:48.026: I/DEBUG(170):          75d46a28  00000001  
07-17 21:58:48.026: I/DEBUG(170):          75d46a2c  00000030  
07-17 21:58:48.026: I/DEBUG(170):          75d46a30  74adb5a4  /data/app-lib/com.kevinchoteau.splode-1/libgame.so
07-17 21:58:48.026: I/DEBUG(170):          75d46a34  73801c47  /system/lib/egl/libGLESv2_adreno200.so (core_glDrawElements+14)
07-17 21:58:48.026: I/DEBUG(170):          75d46a38  787e5700  
07-17 21:58:48.026: I/DEBUG(170):          75d46a3c  3c880d80  
07-17 21:58:48.026: I/DEBUG(170):          75d46a40  3c880d80  
07-17 21:58:48.026: I/DEBUG(170):          75d46a44  74aede18  
07-17 21:58:48.026: I/DEBUG(170):          75d46a48  7879c610  
07-17 21:58:48.026: I/DEBUG(170):          75d46a4c  74ad8c2c  /data/app-lib/com.kevinchoteau.splode-1/libgame.so
07-17 21:58:48.026: I/DEBUG(170):          75d46a50  74adb57c  /data/app-lib/com.kevinchoteau.splode-1/libgame.so
07-17 21:58:48.026: I/DEBUG(170):          75d46a54  00000048  
07-17 21:58:48.026: I/DEBUG(170):          ........  ........
07-17 21:58:48.026: I/DEBUG(170):     #01  75d46a68  00000030  
07-17 21:58:48.026: I/DEBUG(170):          75d46a6c  787a4fc0  
07-17 21:58:48.026: I/DEBUG(170):          75d46a70  74adb5b8  /data/app-lib/com.kevinchoteau.splode-1/libgame.so
07-17 21:58:48.026: I/DEBUG(170):          75d46a74  74adb5a8  /data/app-lib/com.kevinchoteau.splode-1/libgame.so
07-17 21:58:48.026: I/DEBUG(170):          75d46a78  0f001c38  
07-17 21:58:48.026: I/DEBUG(170):          75d46a7c  74aede18  
07-17 21:58:48.026: I/DEBUG(170):          75d46a80  74adb57c  /data/app-lib/com.kevinchoteau.splode-1/libgame.so
07-17 21:58:48.026: I/DEBUG(170):          75d46a84  74ad2200  /data/app-lib/com.kevinchoteau.splode-1/libgame.so
07-17 21:58:48.026: I/DEBUG(170):          75d46a88  787e97c0  
07-17 21:58:48.026: I/DEBUG(170):          75d46a8c  787e97c0  
07-17 21:58:48.026: I/DEBUG(170):          75d46a90  7561bf38  
07-17 21:58:48.026: I/DEBUG(170):          75d46a94  74af4db0  
07-17 21:58:48.026: I/DEBUG(170):          75d46a98  75d46c74  [stack:13200]
07-17 21:58:48.026: I/DEBUG(170):          75d46a9c  74986093  /data/app-lib/com.kevinchoteau.splode-1/libgame.so (CRenderer::Draw()+258)
07-17 21:58:48.026: I/DEBUG(170):     #02  75d46aa0  74ad2208  /data/app-lib/com.kevinchoteau.splode-1/libgame.so
07-17 21:58:48.026: I/DEBUG(170):          75d46aa4  49742400  /dev/ashmem/dalvik-heap (deleted)
07-17 21:58:48.026: I/DEBUG(170):          75d46aa8  4d8d1b8c  /dev/ashmem/dalvik-heap (deleted)
07-17 21:58:48.026: I/DEBUG(170):          75d46aac  75311364  
07-17 21:58:48.026: I/DEBUG(170):          75d46ab0  00000003  
07-17 21:58:48.026: I/DEBUG(170):          75d46ab4  3c880d80  
07-17 21:58:48.026: I/DEBUG(170):          75d46ab8  3c880d80  
07-17 21:58:48.026: I/DEBUG(170):          75d46abc  75311360  
07-17 21:58:48.026: I/DEBUG(170):          75d46ac0  00000000  
07-17 21:58:48.026: I/DEBUG(170):          75d46ac4  75311360  
07-17 21:58:48.026: I/DEBUG(170):          75d46ac8  00000000  
07-17 21:58:48.026: I/DEBUG(170):          75d46acc  749a776d  /data/app-lib/com.kevinchoteau.splode-1/libgame.so (CWorld::Update(float)+264)
07-17 21:58:48.026: I/DEBUG(170):          75d46ad0  74ad2208  /data/app-lib/com.kevinchoteau.splode-1/libgame.so
07-17 21:58:48.026: I/DEBUG(170):          75d46ad4  49742400  /dev/ashmem/dalvik-heap (deleted)
07-17 21:58:48.026: I/DEBUG(170):          75d46ad8  4d8d1b89  /dev/ashmem/dalvik-heap (deleted)
07-17 21:58:48.026: I/DEBUG(170):          75d46adc  787e97c0  
07-17 21:58:48.026: I/DEBUG(170):          ........  ........
07-17 21:58:48.026: I/DEBUG(170): memory near r4:
07-17 21:58:48.026: I/DEBUG(170):     74afec58 00000000 00000000 00000000 00000013  
07-17 21:58:48.026: I/DEBUG(170):     74afec68 00000000 00000000 74afeb30 00000043  
07-17 21:58:48.026: I/DEBUG(170):     74afec78 74ad2360 62e78699 74ad1b90 74aef328  
07-17 21:58:48.026: I/DEBUG(170):     74afec88 0000001b 0000001b 00000000 00000000  
07-17 21:58:48.026: I/DEBUG(170):     74afec98 74ad2330 00000000 00000000 00000000  
07-17 21:58:48.026: I/DEBUG(170):     74afeca8 00000000 00000000 00000000 00000013  
07-17 21:58:48.026: I/DEBUG(170):     74afecb8 00000003 00000000 00000000 0000043b  
07-17 21:58:48.026: I/DEBUG(170):     74afecc8 74ad1f70 528ec6c7 74ad1b90 74f03828  
07-17 21:58:48.026: I/DEBUG(170):     74afecd8 00000018 00000018 00000000 00000400  
07-17 21:58:48.036: I/DEBUG(170):     74afece8 74afec78 74afecb8 cb189680 4b189680  
07-17 21:58:48.036: I/DEBUG(170):     74afecf8 00000000 00000000 00000000 00000000  
07-17 21:58:48.036: I/DEBUG(170):     74afed08 00000000 00000000 00000000 00000000  
07-17 21:58:48.036: I/DEBUG(170):     74afed18 00000000 00000000 00000000 00000000  
07-17 21:58:48.036: I/DEBUG(170):     74afed28 00000000 00000000 00000000 00000000  
07-17 21:58:48.036: I/DEBUG(170):     74afed38 00000000 00000000 00000000 00000000  
07-17 21:58:48.036: I/DEBUG(170):     74afed48 00000000 00000000 00000000 00000000  
07-17 21:58:48.036: I/DEBUG(170): memory near r5:
07-17 21:58:48.036: I/DEBUG(170):     74ad8c0c 74ae3e28 74ae4144 74ae4020 74ae3f8c  
07-17 21:58:48.036: I/DEBUG(170):     74ad8c1c 74ae3dbc 74ae3e90 74ad3a18 74ad3c10  
07-17 21:58:48.036: I/DEBUG(170):     74ad8c2c 00000000 00000000 00000000 400eff61  
07-17 21:58:48.036: I/DEBUG(170):     74ad8c3c 400f0055 400e8e94 405e65c0 405e617c  
07-17 21:58:48.036: I/DEBUG(170):     74ad8c4c 405e6c60 405e6288 405e6978 405e61f4  
07-17 21:58:48.036: I/DEBUG(170):     74ad8c5c 405e666c 405e6684 405e631c 405e626c  
07-17 21:58:48.036: I/DEBUG(170):     74ad8c6c 405e6028 405e68a0 405e6624 405e663c  
07-17 21:58:48.036: I/DEBUG(170):     74ad8c7c 405e62ec 405e6334 405e660c 405e6194  
07-17 21:58:48.036: I/DEBUG(170):     74ad8c8c 405e6574 405e6748 405e6d80 405e6bd0  
07-17 21:58:48.036: I/DEBUG(170):     74ad8c9c 405e6100 405e6514 405e60a0 405e6a68  
07-17 21:58:48.036: I/DEBUG(170):     74ad8cac 405e6a20 405e6b10 405e6ae0 405e6d68  
07-17 21:58:48.036: I/DEBUG(170):     74ad8cbc 405e6424 405e63dc 405e6c78 405e63f4  
07-17 21:58:48.036: I/DEBUG(170):     74ad8ccc 405e640c 405e63ac 400e8d88 400d99b5  
07-17 21:58:48.036: I/DEBUG(170):     74ad8cdc 400d99a1 400e883c 400ea1d4 400f1299  
07-17 21:58:48.036: I/DEBUG(170):     74ad8cec 400f62c5 400f2ee9 400f305d 400efd93  
07-17 21:58:48.036: I/DEBUG(170):     74ad8cfc 400dd6a5 400e7b50 71f66f31 71f66f03  
07-17 21:58:48.036: I/DEBUG(170): memory near r6:
07-17 21:58:48.036: I/DEBUG(170):     74aeddf8 00000028 0000018b 74ad2c98 00000000  
07-17 21:58:48.036: I/DEBUG(170):     74aede08 00000000 00000000 000004ac 00000300  
07-17 21:58:48.036: I/DEBUG(170):     74aede18 00000000 00000000 5f736100 78797aa8  
07-17 21:58:48.036: I/DEBUG(170):     74aede28 74ad1be0 00000000 00000000 00000000  
07-17 21:58:48.036: I/DEBUG(170):     74aede38 74ad1be0 00000000 00000000 3f800000  
07-17 21:58:48.036: I/DEBUG(170):     74aede48 74ad2058 3b0382a8 00000000 00000000  
07-17 21:58:48.036: I/DEBUG(170):     74aede58 bf7694fb 00000000 bb4ccccd 00000000  
07-17 21:58:48.036: I/DEBUG(170):     74aede68 3f800000 00000000 00000000 3c23065e  
07-17 21:58:48.036: I/DEBUG(170):     74aede78 bf7d73e7 00000000 00000000 00000000  
07-17 21:58:48.036: I/DEBUG(170):     74aede88 3f800000 74ad2058 43f92aaa 80000000  
07-17 21:58:48.036: I/DEBUG(170):     74aede98 80000000 43f00000 80000000 c3a00000  
07-17 21:58:48.036: I/DEBUG(170):     74aedea8 80000000 43a00000 80000000 80000000  
07-17 21:58:48.036: I/DEBUG(170):     74aedeb8 42c90001 42c70001 80000000 80000000  
07-17 21:58:48.036: I/DEBUG(170):     74aedec8 80000000 3f800000 74ad2058 3b0382a8  
07-17 21:58:48.036: I/DEBUG(170):     74aeded8 00000000 00000000 bf7694fb 00000000  
07-17 21:58:48.036: I/DEBUG(170):     74aedee8 bb4ccccd 00000000 3f800000 00000000  
07-17 21:58:48.036: I/DEBUG(170): memory near fp:
07-17 21:58:48.036: I/DEBUG(170):     74adb584 00000004 00000001 00000005 00000001  
07-17 21:58:48.036: I/DEBUG(170):     74adb594 00000006 00000001 74aede18 00000003  
07-17 21:58:48.036: I/DEBUG(170):     74adb5a4 00000002 00000000 00000000 00000002  
07-17 21:58:48.036: I/DEBUG(170):     74adb5b4 00000001 00000001 00000003 00000000  
07-17 21:58:48.036: I/DEBUG(170):     74adb5c4 74ad2378 74ad1c60 00000004 00000003  
07-17 21:58:48.036: I/DEBUG(170):     74adb5d4 746340a0 74affbd0 74ad20e0 3f000000  
07-17 21:58:48.036: I/DEBUG(170):     74adb5e4 3f000000 3f000000 3f800000 74ad20e0  
07-17 21:58:48.036: I/DEBUG(170):     74adb5f4 00000000 00000000 00000000 3f800000  
07-17 21:58:48.036: I/DEBUG(170):     74adb604 74ad20e0 3f800000 3f800000 3f800000  
07-17 21:58:48.036: I/DEBUG(170):     74adb614 3f800000 74ad20e0 3f800000 3f800000  
07-17 21:58:48.036: I/DEBUG(170):     74adb624 00000000 3f800000 74ad20e0 3f800000  
07-17 21:58:48.036: I/DEBUG(170):     74adb634 00000000 3f800000 3f800000 74ad20e0  
07-17 21:58:48.036: I/DEBUG(170):     74adb644 00000000 3f800000 3f800000 3f800000  
07-17 21:58:48.036: I/DEBUG(170):     74adb654 74ad20e0 00000000 00000000 3f800000  
07-17 21:58:48.036: I/DEBUG(170):     74adb664 3f800000 74ad20e0 00000000 3f800000  
07-17 21:58:48.036: I/DEBUG(170):     74adb674 00000000 3f800000 74ad20e0 3f800000  
07-17 21:58:48.036: I/DEBUG(170): memory near ip:
07-17 21:58:48.036: I/DEBUG(170):     1fffffe0 ffffffff ffffffff ffffffff ffffffff  
07-17 21:58:48.036: I/DEBUG(170):     1ffffff0 ffffffff ffffffff ffffffff ffffffff  
07-17 21:58:48.036: I/DEBUG(170):     20000000 ffffffff ffffffff ffffffff ffffffff  
07-17 21:58:48.036: I/DEBUG(170):     20000010 ffffffff ffffffff ffffffff ffffffff  
07-17 21:58:48.036: I/DEBUG(170):     20000020 ffffffff ffffffff ffffffff ffffffff  
07-17 21:58:48.036: I/DEBUG(170):     20000030 ffffffff ffffffff ffffffff ffffffff  
07-17 21:58:48.036: I/DEBUG(170):     20000040 ffffffff ffffffff ffffffff ffffffff  
07-17 21:58:48.036: I/DEBUG(170):     20000050 ffffffff ffffffff ffffffff ffffffff  
07-17 21:58:48.036: I/DEBUG(170):     20000060 ffffffff ffffffff ffffffff ffffffff  
07-17 21:58:48.036: I/DEBUG(170):     20000070 ffffffff ffffffff ffffffff ffffffff  
07-17 21:58:48.036: I/DEBUG(170):     20000080 ffffffff ffffffff ffffffff ffffffff  
07-17 21:58:48.036: I/DEBUG(170):     20000090 ffffffff ffffffff ffffffff ffffffff  
07-17 21:58:48.036: I/DEBUG(170):     200000a0 ffffffff ffffffff ffffffff ffffffff  
07-17 21:58:48.036: I/DEBUG(170):     200000b0 ffffffff ffffffff ffffffff ffffffff  
07-17 21:58:48.036: I/DEBUG(170):     200000c0 ffffffff ffffffff ffffffff ffffffff  
07-17 21:58:48.036: I/DEBUG(170):     200000d0 ffffffff ffffffff ffffffff ffffffff  
07-17 21:58:48.036: I/DEBUG(170): memory near sp:
07-17 21:58:48.036: I/DEBUG(170):     75d469f8 00000007 00000302 00000303 737f20d3  
07-17 21:58:48.036: I/DEBUG(170):     75d46a08 00000000 78797aa8 df0027ad 00000000  
07-17 21:58:48.036: I/DEBUG(170):     75d46a18 3f800000 00000006 00000004 00000048  
07-17 21:58:48.036: I/DEBUG(170):     75d46a28 00000001 00000030 74adb5a4 73801c47  
07-17 21:58:48.036: I/DEBUG(170):     75d46a38 787e5700 3c880d80 3c880d80 74aede18  
07-17 21:58:48.036: I/DEBUG(170):     75d46a48 7879c610 74ad8c2c 74adb57c 00000048  
07-17 21:58:48.036: I/DEBUG(170):     75d46a58 00000001 00000030 74adb5a4 74985eb7  
07-17 21:58:48.036: I/DEBUG(170):     75d46a68 00000030 787a4fc0 74adb5b8 74adb5a8  
07-17 21:58:48.036: I/DEBUG(170):     75d46a78 0f001c38 74aede18 74adb57c 74ad2200  
07-17 21:58:48.036: I/DEBUG(170):     75d46a88 787e97c0 787e97c0 7561bf38 74af4db0  
07-17 21:58:48.036: I/DEBUG(170):     75d46a98 75d46c74 74986093 74ad2208 49742400  
07-17 21:58:48.036: I/DEBUG(170):     75d46aa8 4d8d1b8c 75311364 00000003 3c880d80  
07-17 21:58:48.036: I/DEBUG(170):     75d46ab8 3c880d80 75311360 00000000 75311360  
07-17 21:58:48.036: I/DEBUG(170):     75d46ac8 00000000 749a776d 74ad2208 49742400  
07-17 21:58:48.036: I/DEBUG(170):     75d46ad8 4d8d1b89 787e97c0 7561bf38 3c880d80  
07-17 21:58:48.036: I/DEBUG(170):     75d46ae8 74adbee4 74ae7f90 00000003 74ad2200  
07-17 21:58:48.036: I/DEBUG(170): code around pc:
07-17 21:58:48.036: I/DEBUG(170):     7498566c f2408a08 21013002 3044f893 f240b90b  
07-17 21:58:48.036: I/DEBUG(170):     7498567c f7f73103 68f3ea2a 2c006bdc 6b27d063  
07-17 21:58:48.036: I/DEBUG(170):     7498568c edd36ae3 ee287a02 edd38a27 97077a03  
07-17 21:58:48.036: I/DEBUG(170):     7498569c 8aa7ee68 2301b137 50e1f640 3034f884  
07-17 21:58:48.046: I/DEBUG(170):     749856ac e0534639 a9072001 ea14f7f7 50e1f640  
07-17 21:58:48.046: I/DEBUG(170):     749856bc 46b89907 ea14f7f7 50e1f640 0101f642  
07-17 21:58:48.046: I/DEBUG(170):     749856cc 6201f242 ea12f7f7 50e1f640 5120f44f  
07-17 21:58:48.046: I/DEBUG(170):     749856dc 6201f242 ea0af7f7 1908f641 1a07f641  
07-17 21:58:48.046: I/DEBUG(170):     749856ec 4b01f241 6ae3e018 684819d9 f8cd690a  
07-17 21:58:48.046: I/DEBUG(170):     749856fc 9000b00c bf142a03 4652464a 92022000  
07-17 21:58:48.046: I/DEBUG(170):     7498570c f6409001 694950e1 46419104 f10859db  
07-17 21:58:48.046: I/DEBUG(170):     7498571c f7f70801 3718e9f2 45986aa3 9b07dbe3  
07-17 21:58:48.046: I/DEBUG(170):     7498572c 70a6f506 23016323 3034f884 1154f8d6  
07-17 21:58:48.046: I/DEBUG(170):     7498573c f7ff18c9 f8d6ff59 f8d62154 3a013158  
07-17 21:58:48.046: I/DEBUG(170):     7498574c 4022f843 f640e004 462150e1 e9c8f7f7  
07-17 21:58:48.046: I/DEBUG(170):     7498575c ee184b16 ee181a10 58eb2a90 f7f76818  
07-17 21:58:48.046: I/DEBUG(170): code around lr:
07-17 21:58:48.046: I/DEBUG(170):     73825634 f10b3004 34040b01 45939a03 f505d1c6  
07-17 21:58:48.046: I/DEBUG(170):     73825644 f8cd5386 46289000 68dc4631 463b4642  
07-17 21:58:48.046: I/DEBUG(170):     73825654 b01547a0 8ff0e8bd 5386f500 4605b5f0  
07-17 21:58:48.046: I/DEBUG(170):     73825664 b0856918 2400b1e0 f8d52101 91006880  
07-17 21:58:48.046: I/DEBUG(170):     73825674 91014627 91039102 eb05e00a f8d00084  
07-17 21:58:48.046: I/DEBUG(170):     73825684 698817f0 fe6af003 f84db108 34017024  
07-17 21:58:48.046: I/DEBUG(170):     73825694 d1f242b4 5286f505 46694628 47986913  
07-17 21:58:48.046: I/DEBUG(170):     738256a4 bdf0b005 f500b508 695a5386 bd084790  
07-17 21:58:48.046: I/DEBUG(170):     738256b4 f500b508 699a5386 bd084790 f500b508  
07-17 21:58:48.046: I/DEBUG(170):     738256c4 69da5386 bd084790 f500b510 68245487  
07-17 21:58:48.046: I/DEBUG(170):     738256d4 47a0b104 edd1bd10 f5007a00 f600630e  
07-17 21:58:48.046: I/DEBUG(170):     738256e4 edc302e4 f6007a00 ed9103e8 f6000a01  
07-17 21:58:48.046: I/DEBUG(170):     738256f4 ed8200ec edd10a00 edc30a02 ed910a00  
07-17 21:58:48.046: I/DEBUG(170):     73825704 ed801a03 47701a00 600ff500 47706001  
07-17 21:58:48.046: I/DEBUG(170):     73825714 18f4f8c0 b5374770 5487f500 5018f89d  
07-17 21:58:48.046: I/DEBUG(170):     73825724 18f8f880 28f9f880 38faf880 58fbf880  
07-17 21:58:48.226: I/BootReceiver(533): Copying /data/tombstones/tombstone_06 to DropBox (SYSTEM_TOMBSTONE)
07-17 21:58:48.226: W/ActivityManager(533): Process com.kevinchoteau.splode has crashed too many times: killing!
07-17 21:58:48.226: W/ActivityManager(533):   Force finishing activity com.kevinchoteau.splode/.SOBActivity
07-17 21:58:48.246: I/ActivityManager(533): Killing proc 13066:com.kevinchoteau.splode/u0a10091: crash
07-17 21:58:48.286: I/ActivityManager(533): Config changes=1480 {1.0 208mcc1mnc fr_FR ldltr sw384dp w384dp h567dp 320dpi nrml port finger -keyb/v/h -nav/h s.247}
07-17 21:58:48.296: I/InputReader(533): Reconfiguring input devices.  changes=0x00000004
07-17 21:58:48.296: I/InputReader(533): Device reconfigured: id=6, name='touch_dev', size 768x1280, orientation 0, mode 1, display id 0
07-17 21:58:48.296: I/InputReader(533): Reconfiguring input devices.  changes=0x00000004
07-17 21:58:48.296: I/InputReader(533): Device reconfigured: id=6, name='touch_dev', size 768x1280, orientation 0, mode 1, display id 0
07-17 21:58:48.346: W/InputDispatcher(533): channel '428f4ba8 com.kevinchoteau.splode/com.kevinchoteau.splode.SOBActivity (server)' ~ Consumer closed input channel or an error occurred.  events=0x9
07-17 21:58:48.346: E/InputDispatcher(533): channel '428f4ba8 com.kevinchoteau.splode/com.kevinchoteau.splode.SOBActivity (server)' ~ Channel is unrecoverably broken and will be disposed!
07-17 21:58:48.346: W/InputDispatcher(533): Attempted to unregister already unregistered input channel '428f4ba8 com.kevinchoteau.splode/com.kevinchoteau.splode.SOBActivity (server)'
07-17 21:58:48.346: W/ContextImpl(533): Calling a method in the system process without a qualified user: android.app.ContextImpl.bindService:1439 com.android.server.MountService$ObbActionHandler.connectToService:2344 com.android.server.MountService$ObbActionHandler.handleMessage:2223 android.os.Handler.dispatchMessage:99 android.os.Looper.loop:137 
07-17 21:58:48.346: I/WindowState(533): WIN DEATH: Window{428f4ba8 u0 com.kevinchoteau.splode/com.kevinchoteau.splode.SOBActivity}
07-17 21:58:48.346: W/WindowManager(533): Force-removing child win Window{428f6ef8 u0 SurfaceView} from container Window{428f4ba8 u0 com.kevinchoteau.splode/com.kevinchoteau.splode.SOBActivity}
07-17 21:58:48.346: W/WindowManager(533): Failed looking up window
07-17 21:58:48.346: W/WindowManager(533): java.lang.IllegalArgumentException: Requested window android.os.BinderProxy@4275c180 does not exist
07-17 21:58:48.346: W/WindowManager(533): 	at com.android.server.wm.WindowManagerService.windowForClientLocked(WindowManagerService.java:7608)
07-17 21:58:48.346: W/WindowManager(533): 	at com.android.server.wm.WindowManagerService.windowForClientLocked(WindowManagerService.java:7599)
07-17 21:58:48.346: W/WindowManager(533): 	at com.android.server.wm.WindowState$DeathRecipient.binderDied(WindowState.java:1000)
07-17 21:58:48.346: W/WindowManager(533): 	at android.os.BinderProxy.sendDeathNotice(Binder.java:470)
07-17 21:58:48.346: W/WindowManager(533): 	at dalvik.system.NativeStart.run(Native Method)
07-17 21:58:48.346: I/WindowState(533): WIN DEATH: null
07-17 21:58:48.376: W/InputMethodManagerService(533): Got RemoteException sending setActive(false) notification to pid 13066 uid 10091
07-17 21:58:48.386: D/Zygote(173): Process 13066 terminated by signal (11)
07-17 21:58:48.386: D/PhoneStatusBar(716): mSettingsPanelGravity = 55
07-17 21:58:48.436: I/WindowManager(533): Screen frozen for +177ms due to Window{43090188 u0 com.android.launcher/com.android.launcher2.Launcher}
07-17 21:58:48.526: W/MountService(533): MountServiceListener went away while calling onObbStateChanged
07-17 21:58:49.297: W/Settings(1095): Setting airplane_mode_on has moved from android.provider.Settings.System to android.provider.Settings.Global, returning read-only value.
07-17 21:58:49.297: W/Settings(1095): Setting bluetooth_on has moved from android.provider.Settings.System to android.provider.Settings.Global, returning read-only value.
07-17 21:58:49.297: E/NotificationService(533): Not posting notification with icon==0: Notification(pri=2 contentView=null vibrate=null sound=null defaults=0x0 flags=0x91 kind=[null])
07-17 21:58:49.297: E/NotificationService(533): WARNING: In a future release this will crash the app: com.koo.lightmanager
07-17 21:58:49.307: E/NotificationService(533): Not posting notification with icon==0: Notification(pri=2 contentView=null vibrate=null sound=null defaults=0x0 flags=0x91 kind=[null])
07-17 21:58:49.307: E/NotificationService(533): WARNING: In a future release this will crash the app: com.koo.lightmanager
07-17 21:58:50.638: D/dalvikvm(533): JIT code cache reset in 1 ms (1048540 bytes 153/0)
07-17 21:58:50.658: D/dalvikvm(533): GC_EXPLICIT freed 2303K, 37% free 26243K/41492K, paused 15ms+12ms, total 178ms
07-17 21:58:50.999: D/audio_hw_primary(175): out_standby: enter: usecase(1: low-latency-playback)
07-17 21:58:51.049: D/audio_hw_primary(175): stop_output_stream: enter: usecase(1: low-latency-playback)
07-17 21:58:51.049: D/audio_hw_primary(175): disable_audio_route: reset mixer path: low-latency-playback
07-17 21:58:51.049: D/audio_hw_primary(175): disable_snd_device: snd_device(2: speaker)
07-17 21:58:51.059: D/audio_hw_primary(175): stop_output_stream: exit: status(0)
07-17 21:58:51.059: D/audio_hw_primary(175): out_standby: exit
07-17 21:58:53.922: D/dalvikvm(716): GC_CONCURRENT freed 1473K, 29% free 15450K/21552K, paused 2ms+4ms, total 30ms
07-17 21:58:53.922: D/dalvikvm(716): WAIT_FOR_CONCURRENT_GC blocked 10ms
07-17 21:58:53.922: D/dalvikvm(716): WAIT_FOR_CONCURRENT_GC blocked 30ms
07-17 21:58:53.932: D/audio_hw_primary(175): out_set_parameters: enter: usecase(1: low-latency-playback) kvpairs: routing=2
07-17 21:58:53.932: D/audio_hw_primary(175): out_set_parameters: exit: code(1)
07-17 21:58:53.942: I/ActivityManager(533): START u0 {act=com.android.systemui.recent.action.TOGGLE_RECENTS flg=0x10800000 cmp=com.android.systemui/.recent.RecentsActivity} from pid 716
07-17 21:58:53.952: D/audio_hw_primary(175): start_output_stream: enter: usecase(1: low-latency-playback) devices(0x2)
07-17 21:58:53.952: D/audio_hw_primary(175): select_devices: out_snd_device(2: speaker) in_snd_device(0: none)
07-17 21:58:53.952: D/audio_hw_primary(175): enable_snd_device: sending audio calibration for snd_device(2) acdb_id(14)
07-17 21:58:53.952: D/ACDB-LOADER(175): ACDB -> send_afe_cal
07-17 21:58:53.952: D/audio_hw_primary(175): enable_snd_device: snd_device(2: speaker)
07-17 21:58:53.952: D/audio_hw_primary(175): enable_audio_route: apply mixer path: low-latency-playback
07-17 21:58:53.962: D/audio_hw_primary(175): start_output_stream: exit
07-17 21:58:54.042: W/ResourceType(533): Skipping entry 0x7f05000c in package table 0 because it is not complex!
07-17 21:58:54.052: W/ResourceType(533): Skipping entry 0x7f05000d in package table 0 because it is not complex!
07-17 21:58:54.052: I/ActivityManager(533): Displayed com.android.systemui/.recent.RecentsActivity: +102ms
07-17 21:58:55.023: I/ActivityManager(533): START u0 {act=android.intent.action.MAIN cat=[android.intent.category.LAUNCHER] flg=0x10104000 cmp=com.kevinchoteau.splode/.SOBActivity} from pid 716
07-17 21:58:55.033: D/audio_hw_primary(175): out_set_parameters: enter: usecase(1: low-latency-playback) kvpairs: routing=2
07-17 21:58:55.033: D/audio_hw_primary(175): out_set_parameters: exit: code(1)
07-17 21:58:55.073: D/dalvikvm(13269): Late-enabling CheckJNI
07-17 21:58:55.073: I/ActivityManager(533): Start proc com.kevinchoteau.splode for activity com.kevinchoteau.splode/.SOBActivity: pid=13269 uid=10091 gids={50091, 3003, 1015, 1028}
07-17 21:58:55.163: I/InputReader(533): Reconfiguring input devices.  changes=0x00000004
07-17 21:58:55.163: I/InputReader(533): Device reconfigured: id=6, name='touch_dev', size 768x1280, orientation 1, mode 1, display id 0
07-17 21:58:55.163: I/InputReader(533): Reconfiguring input devices.  changes=0x00000004
07-17 21:58:55.163: I/InputReader(533): Device reconfigured: id=6, name='touch_dev', size 768x1280, orientation 1, mode 1, display id 0
07-17 21:58:55.163: I/ActivityManager(533): Config changes=1480 {1.0 208mcc1mnc fr_FR ldltr sw384dp w598dp h359dp 320dpi nrml land finger -keyb/v/h -nav/h s.248}
07-17 21:58:55.293: D/PhoneStatusBar(716): mSettingsPanelGravity = 55
07-17 21:58:55.293: W/ContextImpl(533): Calling a method in the system process without a qualified user: android.app.ContextImpl.bindService:1439 com.android.server.MountService$ObbActionHandler.connectToService:2344 com.android.server.MountService$ObbActionHandler.handleMessage:2223 android.os.Handler.dispatchMessage:99 android.os.Looper.loop:137 
07-17 21:58:55.313: W/PhoneStatusBar/NavigationBarView(716): *** Invalid layout in navigation bar (sizeChanged this=84x768 cur=768x96)
07-17 21:58:55.333: D/libEGL(13269): loaded /system/lib/egl/libEGL_adreno200.so
07-17 21:58:55.333: D/libEGL(13269): loaded /system/lib/egl/libGLESv1_CM_adreno200.so
07-17 21:58:55.333: D/libEGL(13269): loaded /system/lib/egl/libGLESv2_adreno200.so
07-17 21:58:55.343: I/Adreno200-EGL(13269): <qeglDrvAPI_eglInitialize:265>: EGL 1.4 QUALCOMM Build: Iabe52cfaeae4c5fab1acacfe6f056ba15fa93274
07-17 21:58:55.373: D/OpenGLRenderer(13269): Enabling debug mode 0
07-17 21:58:55.373: W/IInputConnectionWrapper(716): showStatusIcon on inactive InputConnection
07-17 21:58:55.413: V/Storage(13269): Mounted /storage/emulated/0/Android/obb/com.kevinchoteau.splode/main.1.com.kevinchoteau.splode.obb
07-17 21:58:55.413: D/Debug(13269): Checking if /mnt/obb/a122d59948485f8c7e8743465746b529/script/init.lua exists
07-17 21:58:55.413: D/Debug(13269): true
07-17 21:58:55.413: D/dalvikvm(13269): Trying to load lib /data/app-lib/com.kevinchoteau.splode-1/libfmod.so 0x41fe90c8
07-17 21:58:55.423: D/dalvikvm(13269): Added shared lib /data/app-lib/com.kevinchoteau.splode-1/libfmod.so 0x41fe90c8
07-17 21:58:55.423: D/dalvikvm(13269): Trying to load lib /data/app-lib/com.kevinchoteau.splode-1/libfmodstudio.so 0x41fe90c8
07-17 21:58:55.423: I/ActivityManager(533): Displayed com.kevinchoteau.splode/.SOBActivity: +366ms
07-17 21:58:55.423: D/dalvikvm(13269): Added shared lib /data/app-lib/com.kevinchoteau.splode-1/libfmodstudio.so 0x41fe90c8
07-17 21:58:55.423: D/dalvikvm(13269): No JNI_OnLoad found in /data/app-lib/com.kevinchoteau.splode-1/libfmodstudio.so 0x41fe90c8, skipping init
07-17 21:58:55.423: D/dalvikvm(13269): Trying to load lib /data/app-lib/com.kevinchoteau.splode-1/libgame.so 0x41fe90c8
07-17 21:58:55.433: D/dalvikvm(13269): Added shared lib /data/app-lib/com.kevinchoteau.splode-1/libgame.so 0x41fe90c8
07-17 21:58:55.433: I/WindowManager(533): Screen frozen for +323ms due to Window{4296c0d0 u0 Starting com.kevinchoteau.splode}
07-17 21:58:55.443: I/Call Native(13269): com.android.sob.SOBLib.testAsset
07-17 21:58:55.443: I/Call Native(13269): com.android.sob.SOBLib.init
07-17 21:58:55.443: I/Game(13269): Init - params
07-17 21:58:55.443: I/Game(13269): Init - init.lua
07-17 21:58:55.443: I/Game(13269): Init - init.lua - load from file
07-17 21:58:55.443: I/Game(13269): Init - init.lua - execute
07-17 21:58:55.514: E/Game(13269): jni/../../engine/resource/loader_TTF.cpp(1961619631):ERROR: Could not load character 
07-17 21:58:55.534: I/Game(13269): Init - create window 3d screen.lua
07-17 21:58:55.534: I/Game(13269): Init - inputs
07-17 21:58:55.534: I/Game(13269): Init - sounds
07-17 21:58:55.554: D/audio_hw_primary(175): out_set_parameters: enter: usecase(1: low-latency-playback) kvpairs: routing=2
07-17 21:58:55.554: D/audio_hw_primary(175): out_set_parameters: exit: code(1)
07-17 21:58:56.144: I/Game(13269): Init - flow
07-17 21:58:56.144: I/Game(13269): Load : /data/data/com.kevinchoteau.splode/files/game.sav exist
07-17 21:58:56.144: I/Game(13269): /data/data/com.kevinchoteau.splode/files/ already exists
07-17 21:58:56.144: I/Game(13269): Load : Open
07-17 21:58:56.144: I/Game(13269): Load : Load TOTALOBTAINABLESTAR = 180.000000 ou (null)
07-17 21:58:56.144: I/Game(13269): Load : Load TOTALSTAR = 0.000000 ou (null)
07-17 21:58:56.144: I/Game(13269): Load : Close
07-17 21:58:56.154: I/Game(13269): SetParam State = 0.000000
07-17 21:58:57.596: D/dalvikvm(533): GC_EXPLICIT freed 3219K, 38% free 25859K/41492K, paused 7ms+10ms, total 144ms
07-17 21:58:57.726: I/Game(13269): Init - timer
07-17 21:58:57.726: I/Game(13269): CPlatformManager::Init
07-17 21:58:57.726: I/Game(13269): ->Activity d1a00021
07-17 21:58:57.726: I/GamesNativeSDK(13269): Adding listener on entrypoint 1961452817
07-17 21:58:57.726: I/GamesNativeSDK(13269): Adding listener on entrypoint 1961452953
07-17 21:58:57.736: W/PopupManager(13269): You have not specified a View to use as content view for popups. Falling back to the Activity content view which may not work properly in future versions of the API. Use setViewForPopups() to set your content view.
07-17 21:58:57.736: V/GamesNativeSDK(13269): Opened /data/data/com.kevinchoteau.splode/app_.gpg/0 (80441)
07-17 21:58:57.736: I/Game(13269): ->Ok 416e62d8
07-17 21:58:57.736: I/GamesNativeSDK(13269): Connecting to Google Play...
07-17 21:58:57.736: V/GamesNativeSDK(13269): Attached to JVM on thread main_dispatch
07-17 21:58:57.736: I/Game(13269): CPlatformManager::OnAuthActionStarted
07-17 21:58:57.736: D/IabHelper(13269): Starting in-app billing setup.
07-17 21:58:57.776: W/SOBView(13269): creating OpenGL ES 2.0 context
07-17 21:58:57.796: D/IabHelper(13269): Billing service connected.
07-17 21:58:57.796: D/IabHelper(13269): Checking for in-app billing 3 support.
07-17 21:58:57.806: D/Finsky(4855): [4932] InAppBillingUtils.getPreferredAccount: com.kevinchoteau.splode: Account from first account - [_Kkk1N8uHu0G_X58ty0068t5aAY]
07-17 21:58:57.806: D/IabHelper(13269): In-app billing version 3 supported for com.kevinchoteau.splode
07-17 21:58:57.806: I/Call Native(13269): com.android.sob.SOBLib.changeSurface
07-17 21:58:57.806: I/Game(13269): OPENGL Texture max size : 4096
07-17 21:58:57.806: D/Finsky(4855): [4933] InAppBillingUtils.getPreferredAccount: com.kevinchoteau.splode: Account from first account - [_Kkk1N8uHu0G_X58ty0068t5aAY]
07-17 21:58:57.806: D/IabHelper(13269): Subscriptions AVAILABLE.
07-17 21:58:57.886: V/GamesNativeSDK(13269): Play Games callback indicates connection failure.
07-17 21:58:57.886: I/GamesNativeSDK(13269): UI interaction required to connect to Google Play.
07-17 21:58:57.886: I/Game(13269): CPlatformManager::OnAuthActionFinished
07-17 21:58:57.886: I/Game(13269): -> Failed Status = ERROR_NOT_AUTHORIZED
07-17 21:58:57.906: I/Game(13269): CPlatformManager::SignIn
07-17 21:58:57.906: I/Game(13269): ->Ok
07-17 21:58:57.906: I/GamesNativeSDK(13269): Connecting to Google Play...
07-17 21:58:57.906: I/Game(13269): CPlatformManager::OnAuthActionStarted
07-17 21:58:57.936: D/dalvikvm(1077): GC_CONCURRENT freed 910K, 35% free 11960K/18312K, paused 4ms+8ms, total 51ms
07-17 21:58:57.966: V/GamesNativeSDK(13269): Play Games callback indicates connection failure.
07-17 21:58:57.966: I/GamesNativeSDK(13269): UI interaction required to connect to Google Play.
07-17 21:58:57.966: I/GamesNativeSDK(13269): Resolving connection.
07-17 21:58:57.966: I/ActivityManager(533): START u0 {flg=0x4000000 cmp=com.google.android.gms/.games.ui.signin.SignInActivity (has extras)} from pid -1
07-17 21:58:57.996: I/Call Native(13269): com.android.sob.SOBLib.pause
07-17 21:58:57.996: I/Game(13269): m_MainTheme->Pause
07-17 21:58:58.006: I/ActivityManager(533): Start proc com.google.android.gms.ui for activity com.google.android.gms/.games.ui.signin.SignInActivity: pid=13321 uid=10023 gids={50023, 3003, 1007, 1028, 1015, 1006, 3002, 3001, 2001, 3006}
07-17 21:58:58.046: I/MultiDex(13321): install
07-17 21:58:58.046: I/MultiDex(13321): MultiDexExtractor.load(/data/app/com.google.android.gms-1.apk, false)
07-17 21:58:58.056: I/MultiDex(13321): loading existing secondary dex files
07-17 21:58:58.056: I/MultiDex(13321): load found 1 secondary dex files
07-17 21:58:58.056: I/MultiDex(13321): install done
07-17 21:58:58.076: I/ProviderInstaller(13321): Insert disabled by gate 'gms:security:enable_conscrypt_in_gms_application'
07-17 21:58:58.086: D/GCM(945): GcmService start Intent { act=com.google.android.gms.INITIALIZE flg=0x10 pkg=com.google.android.gms cmp=com.google.android.gms/.gcm.GcmService } com.google.android.gms.INITIALIZE
