07-17 21:59:43.014: D/audio_hw_primary(175): out_set_parameters: enter: usecase(1: low-latency-playback) kvpairs: routing=2
07-17 21:59:43.014: D/audio_hw_primary(175): out_set_parameters: exit: code(1)
07-17 21:59:43.034: D/audio_hw_primary(175): start_output_stream: enter: usecase(1: low-latency-playback) devices(0x2)
07-17 21:59:43.034: D/audio_hw_primary(175): select_devices: out_snd_device(2: speaker) in_snd_device(0: none)
07-17 21:59:43.034: D/audio_hw_primary(175): enable_snd_device: sending audio calibration for snd_device(2) acdb_id(14)
07-17 21:59:43.034: D/ACDB-LOADER(175): ACDB -> send_afe_cal
07-17 21:59:43.034: D/audio_hw_primary(175): enable_snd_device: snd_device(2: speaker)
07-17 21:59:43.034: D/audio_hw_primary(175): enable_audio_route: apply mixer path: low-latency-playback
07-17 21:59:43.044: D/audio_hw_primary(175): start_output_stream: exit
07-17 21:59:43.094: W/Settings(1095): Setting airplane_mode_on has moved from android.provider.Settings.System to android.provider.Settings.Global, returning read-only value.
07-17 21:59:43.094: W/Settings(1095): Setting bluetooth_on has moved from android.provider.Settings.System to android.provider.Settings.Global, returning read-only value.
07-17 21:59:43.094: D/BackupManagerService(533): Now staging backup of com.android.providers.settings
07-17 21:59:43.104: E/NotificationService(533): Not posting notification with icon==0: Notification(pri=2 contentView=null vibrate=null sound=null defaults=0x0 flags=0x91 kind=[null])
07-17 21:59:43.104: E/NotificationService(533): WARNING: In a future release this will crash the app: com.koo.lightmanager
07-17 21:59:43.405: I/ActivityManager(533): Start proc com.google.android.music:main for broadcast com.google.android.music/.store.MediaStoreImportService$Receiver: pid=13592 uid=10042 gids={50042, 3003, 1015, 1028}
07-17 21:59:43.435: D/dalvikvm(173): GC_EXPLICIT freed 41K, 1% free 8929K/9008K, paused 2ms+3ms, total 33ms
07-17 21:59:43.455: D/dalvikvm(173): GC_EXPLICIT freed <1K, 1% free 8929K/9008K, paused 2ms+2ms, total 26ms
07-17 21:59:43.475: D/dalvikvm(173): GC_EXPLICIT freed <1K, 1% free 8929K/9008K, paused 1ms+2ms, total 17ms
07-17 21:59:43.575: I/MusicStore(13592): Database version: 91
07-17 21:59:43.635: D/dalvikvm(13592): GC_CONCURRENT freed 209K, 3% free 9138K/9384K, paused 5ms+3ms, total 44ms
07-17 21:59:43.945: W/Settings(1095): Setting airplane_mode_on has moved from android.provider.Settings.System to android.provider.Settings.Global, returning read-only value.
07-17 21:59:43.945: W/Settings(1095): Setting bluetooth_on has moved from android.provider.Settings.System to android.provider.Settings.Global, returning read-only value.
07-17 21:59:43.945: W/Settings(1095): Setting airplane_mode_on has moved from android.provider.Settings.System to android.provider.Settings.Global, returning read-only value.
07-17 21:59:43.955: W/Settings(1095): Setting bluetooth_on has moved from android.provider.Settings.System to android.provider.Settings.Global, returning read-only value.
07-17 21:59:43.965: W/Settings(1095): Setting airplane_mode_on has moved from android.provider.Settings.System to android.provider.Settings.Global, returning read-only value.
07-17 21:59:43.965: W/Settings(1095): Setting bluetooth_on has moved from android.provider.Settings.System to android.provider.Settings.Global, returning read-only value.
07-17 21:59:43.985: W/Settings(1095): Setting airplane_mode_on has moved from android.provider.Settings.System to android.provider.Settings.Global, returning read-only value.
07-17 21:59:43.985: W/Settings(1095): Setting bluetooth_on has moved from android.provider.Settings.System to android.provider.Settings.Global, returning read-only value.
07-17 21:59:43.985: I/ConfigStore(13592): Config Database version: 1
07-17 21:59:43.985: W/Settings(1095): Setting airplane_mode_on has moved from android.provider.Settings.System to android.provider.Settings.Global, returning read-only value.
07-17 21:59:43.995: W/Settings(1095): Setting bluetooth_on has moved from android.provider.Settings.System to android.provider.Settings.Global, returning read-only value.
07-17 21:59:44.045: I/dalvikvm(13592): Could not find method android.app.ActivityManager.isLowRamDevice, referenced from method com.google.android.music.utils.SystemUtils.isLowMemory
07-17 21:59:44.045: W/dalvikvm(13592): VFY: unable to resolve virtual method 275: Landroid/app/ActivityManager;.isLowRamDevice ()Z
07-17 21:59:44.045: D/dalvikvm(13592): VFY: replacing opcode 0x6e at 0x000e
07-17 21:59:44.055: I/dalvikvm(13592): Could not find method android.content.Context.getExternalFilesDirs, referenced from method com.google.android.music.download.cache.CacheLocationManager.deviceHasExternalStorage
07-17 21:59:44.055: W/dalvikvm(13592): VFY: unable to resolve virtual method 518: Landroid/content/Context;.getExternalFilesDirs (Ljava/lang/String;)[Ljava/io/File;
07-17 21:59:44.055: D/dalvikvm(13592): VFY: replacing opcode 0x6e at 0x008f
07-17 21:59:44.065: I/dalvikvm(13592): Could not find method android.content.Context.getExternalFilesDirs, referenced from method com.google.android.music.download.cache.StorageProbeUtils.getLocationsWithKitKatApis
07-17 21:59:44.065: W/dalvikvm(13592): VFY: unable to resolve virtual method 518: Landroid/content/Context;.getExternalFilesDirs (Ljava/lang/String;)[Ljava/io/File;
07-17 21:59:44.065: D/dalvikvm(13592): VFY: replacing opcode 0x6e at 0x0015
07-17 21:59:44.135: D/dalvikvm(13592): GC_CONCURRENT freed 323K, 4% free 9325K/9684K, paused 4ms+5ms, total 38ms
07-17 21:59:44.135: D/dalvikvm(13592): WAIT_FOR_CONCURRENT_GC blocked 14ms
07-17 21:59:44.165: I/MediaRouter(13592): Found default route: MediaRouter.RouteInfo{ uniqueId=android/.support.v7.media.SystemMediaRouteProvider:DEFAULT_ROUTE, name=Tlphone, description=null, enabled=true, connecting=false, playbackType=0, playbackStream=3, volumeHandling=1, volume=1, volumeMax=15, presentationDisplayId=-1, extras=null, providerPackageName=android }
07-17 21:59:44.206: I/ActivityManager(533): Start proc com.google.android.gallery3d for broadcast com.google.android.gallery3d/com.google.android.picasasync.BatteryReceiver: pid=13635 uid=10020 gids={50020, 1006, 3003, 1015, 1028}
07-17 21:59:44.286: W/Settings(1095): Setting airplane_mode_on has moved from android.provider.Settings.System to android.provider.Settings.Global, returning read-only value.
07-17 21:59:44.286: W/Settings(1095): Setting bluetooth_on has moved from android.provider.Settings.System to android.provider.Settings.Global, returning read-only value.
07-17 21:59:44.296: W/Settings(1095): Setting airplane_mode_on has moved from android.provider.Settings.System to android.provider.Settings.Global, returning read-only value.
07-17 21:59:44.296: W/Settings(1095): Setting bluetooth_on has moved from android.provider.Settings.System to android.provider.Settings.Global, returning read-only value.
07-17 21:59:44.306: W/Settings(1095): Setting airplane_mode_on has moved from android.provider.Settings.System to android.provider.Settings.Global, returning read-only value.
07-17 21:59:44.306: W/Settings(1095): Setting bluetooth_on has moved from android.provider.Settings.System to android.provider.Settings.Global, returning read-only value.
07-17 21:59:44.356: D/dalvikvm(13635): GC_CONCURRENT freed 310K, 4% free 9076K/9420K, paused 1ms+2ms, total 18ms
07-17 21:59:44.376: D/dalvikvm(13592): GC_CONCURRENT freed 165K, 3% free 9563K/9828K, paused 1ms+2ms, total 14ms
07-17 21:59:44.386: D/UploadsManager(13635):    wifiOnlyPhoto changed to true
07-17 21:59:44.386: D/UploadsManager(13635):    wifiOnlyVideo changed to true
07-17 21:59:44.386: D/UploadsManager(13635):    syncOnBattery changed to true
07-17 21:59:44.386: I/ActivityManager(533): Start proc com.google.android.apps.uploader for broadcast com.google.android.apps.uploader/com.google.android.picasasync.BatteryReceiver: pid=13661 uid=10040 gids={50040, 3003, 1015, 1028}
07-17 21:59:44.386: I/ActivityManager(533): No longer want com.google.android.partnersetup (pid 12083): empty #17
07-17 21:59:44.396: D/PicasaSync(13635): sync account database
07-17 21:59:44.406: D/PicasaSync(13635): accounts in DB=1
07-17 21:59:44.416: D/PicasaSyncManager(13635): active network: NetworkInfo: type: WIFI[], state: CONNECTED/CONNECTED, reason: (unspecified), extra: "FreeRaptor", roaming: false, failover: false, isAvailable: true
07-17 21:59:44.416: D/PicasaSyncManager(13635): background data: true
07-17 21:59:44.426: D/PicasaSyncManager(13635): battery info: false
07-17 21:59:44.436: I/MediaStoreImporter(13592): Update: incremental Added music: 0 Updated music: 0 Deleted music: 0 Created playlists: 0 Updated playlists: 0 Deleted playlists: 0 Inserted playlist items: 0 Deleted playlist items: 0 Removed orphaned playlist items: 0
07-17 21:59:44.446: I/ActivityManager(533): Start proc com.android.chrome for broadcast com.android.chrome/com.google.android.apps.chrome.precache.PrecacheServiceLauncher: pid=13676 uid=10010 gids={50010, 1006, 3003, 1015, 1028}
07-17 21:59:44.456: D/PicasaUploader(13661):    wifiOnlyPhoto changed to true
07-17 21:59:44.456: D/PicasaUploader(13661):    wifiOnlyVideo changed to true
07-17 21:59:44.456: D/PicasaUploader(13661):    syncOnBattery changed to true
07-17 21:59:44.456: D/PicasaUploaderSync(13661): sync account database
07-17 21:59:44.456: I/ActivityManager(533): No longer want com.google.android.apps.plus (pid 3517): empty #17
07-17 21:59:44.456: I/ActivityManager(533): No longer want com.google.android.apps.docs (pid 10534): empty #17
07-17 21:59:44.486: D/PicasaUploaderSync(13661): accounts in DB=1
07-17 21:59:44.486: D/PicasaUploaderSyncManager(13661): active network: NetworkInfo: type: WIFI[], state: CONNECTED/CONNECTED, reason: (unspecified), extra: "FreeRaptor", roaming: false, failover: false, isAvailable: true
07-17 21:59:44.486: D/PicasaUploaderSyncManager(13661): background data: true
07-17 21:59:44.496: D/PicasaUploaderSyncManager(13661): battery info: false
07-17 21:59:44.546: I/ActivityManager(533): Start proc com.google.android.apps.plus for broadcast com.google.android.apps.plus/com.google.android.apps.photos.autobackup.AutoBackupEnvironment$BatteryReceiver: pid=13690 uid=10051 gids={50051, 3003, 3002, 1015, 1006, 1028}
07-17 21:59:44.546: I/ActivityManager(533): No longer want com.android.musicfx (pid 6116): empty #17
07-17 21:59:44.606: D/dalvikvm(13690): Trying to load lib /data/app-lib/com.google.android.apps.plus-2/libcrashreporter.so 0x41fe9038
07-17 21:59:44.606: D/dalvikvm(13690): Added shared lib /data/app-lib/com.google.android.apps.plus-2/libcrashreporter.so 0x41fe9038
07-17 21:59:44.646: D/dalvikvm(13690): GC_CONCURRENT freed 310K, 4% free 9096K/9444K, paused 2ms+1ms, total 19ms
07-17 21:59:44.736: D/dalvikvm(13690): GC_CONCURRENT freed 266K, 4% free 9298K/9600K, paused 3ms+5ms, total 30ms
07-17 21:59:44.736: I/ActivityManager(533): Start proc com.dailymotion.dailymotion for broadcast com.dailymotion.dailymotion/.broadcast.PowerReceiver: pid=13717 uid=10099 gids={50099, 3003, 1015, 1028}
07-17 21:59:44.736: I/ActivityManager(533): No longer want com.google.android.apps.magazines (pid 12657): empty #17
07-17 21:59:44.786: I/dalvikvm(13717): Could not find method android.app.ActivityManager.isLowRamDevice, referenced from method com.dailymotion.dailymotion.DailymotionApplication.b
07-17 21:59:44.786: W/dalvikvm(13717): VFY: unable to resolve virtual method 152: Landroid/app/ActivityManager;.isLowRamDevice ()Z
07-17 21:59:44.786: D/dalvikvm(13717): VFY: replacing opcode 0x6e at 0x003d
07-17 21:59:44.806: I/BugSenseHandler(13717): Registering default exceptions handler
07-17 21:59:44.856: D/dalvikvm(13717): GC_CONCURRENT freed 316K, 4% free 9124K/9476K, paused 2ms+3ms, total 23ms
07-17 21:59:44.866: W/Settings(13717): Setting airplane_mode_on has moved from android.provider.Settings.System to android.provider.Settings.Global, returning read-only value.
07-17 21:59:44.886: I/BugSenseHandler(13717): Flushing...
07-17 21:59:44.886: I/BugSenseHandler(13717): Registering default exceptions handler
07-17 21:59:44.896: D/dalvikvm(13717): GC_CONCURRENT freed 228K, 3% free 9383K/9608K, paused 2ms+3ms, total 19ms
07-17 21:59:44.946: D/dalvikvm(13717): GC_CONCURRENT freed 269K, 4% free 9600K/9904K, paused 2ms+3ms, total 19ms
07-17 21:59:44.976: D/dalvikvm(13690): GC_CONCURRENT freed 300K, 4% free 9395K/9732K, paused 3ms+1ms, total 20ms
07-17 21:59:44.996: D/dalvikvm(13717): GC_CONCURRENT freed 418K, 5% free 9680K/10132K, paused 1ms+1ms, total 17ms
07-17 21:59:45.066: D/audio_hw_primary(175): out_set_parameters: enter: usecase(1: low-latency-playback) kvpairs: routing=2
07-17 21:59:45.066: D/audio_hw_primary(175): out_set_parameters: exit: code(1)
07-17 21:59:45.066: I/dalvikvm(13717): Could not find method android.media.MediaMetadataEditor.putString, referenced from method com.dailymotion.dailymotion.cast.a.b.a
07-17 21:59:45.066: W/dalvikvm(13717): VFY: unable to resolve virtual method 889: Landroid/media/MediaMetadataEditor;.putString (ILjava/lang/String;)Landroid/media/MediaMetadataEditor;
07-17 21:59:45.066: D/dalvikvm(13717): VFY: replacing opcode 0x6e at 0x001a
07-17 21:59:45.096: D/dalvikvm(13717): GC_CONCURRENT freed 311K, 4% free 9781K/10132K, paused 1ms+3ms, total 24ms
07-17 21:59:45.096: I/ActivityManager(533): No longer want com.google.android.talk (pid 6133): empty #17
07-17 21:59:45.106: I/ActivityManager(533): No longer want com.humblebundle.library (pid 6198): empty #17
07-17 21:59:45.297: W/Settings(1095): Setting airplane_mode_on has moved from android.provider.Settings.System to android.provider.Settings.Global, returning read-only value.
07-17 21:59:45.297: W/Settings(1095): Setting bluetooth_on has moved from android.provider.Settings.System to android.provider.Settings.Global, returning read-only value.
07-17 21:59:45.477: D/KeepAlive(13717): cancel()
07-17 21:59:45.487: D/KeepAlive(13717): reset:86400000
07-17 21:59:45.627: D/dalvikvm(13717): GC_CONCURRENT freed 320K, 4% free 9850K/10208K, paused 2ms+2ms, total 19ms
07-17 21:59:47.619: W/Settings(1095): Setting airplane_mode_on has moved from android.provider.Settings.System to android.provider.Settings.Global, returning read-only value.
07-17 21:59:47.619: W/Settings(1095): Setting bluetooth_on has moved from android.provider.Settings.System to android.provider.Settings.Global, returning read-only value.
07-17 21:59:47.619: W/PowerUI(716): unknown intent: Intent { act=android.intent.action.ACTION_POWER_CONNECTED flg=0x8000010 }
07-17 21:59:47.619: I/EntropyMixer(533): Writing entropy...
07-17 21:59:47.629: E/NotificationService(533): Not posting notification with icon==0: Notification(pri=2 contentView=null vibrate=null sound=null defaults=0x0 flags=0x91 kind=[null])
07-17 21:59:47.629: E/NotificationService(533): WARNING: In a future release this will crash the app: com.koo.lightmanager
07-17 21:59:47.639: W/Settings(1095): Setting airplane_mode_on has moved from android.provider.Settings.System to android.provider.Settings.Global, returning read-only value.
07-17 21:59:47.639: W/Settings(1095): Setting bluetooth_on has moved from android.provider.Settings.System to android.provider.Settings.Global, returning read-only value.
07-17 21:59:47.649: D/PicasaUploaderSyncManager(13661): battery info: true
07-17 21:59:47.649: D/PicasaSyncManager(13635): battery info: true
07-17 21:59:47.819: D/dalvikvm(533): GC_EXPLICIT freed 1841K, 38% free 26106K/41492K, paused 5ms+11ms, total 127ms
07-17 21:59:47.869: W/Settings(1095): Setting airplane_mode_on has moved from android.provider.Settings.System to android.provider.Settings.Global, returning read-only value.
07-17 21:59:47.869: W/Settings(1095): Setting bluetooth_on has moved from android.provider.Settings.System to android.provider.Settings.Global, returning read-only value.
07-17 21:59:47.879: W/Settings(1095): Setting airplane_mode_on has moved from android.provider.Settings.System to android.provider.Settings.Global, returning read-only value.
07-17 21:59:47.889: W/Settings(1095): Setting bluetooth_on has moved from android.provider.Settings.System to android.provider.Settings.Global, returning read-only value.
07-17 21:59:47.909: D/PicasaSyncManager(13635): battery info: false
07-17 21:59:47.909: D/PicasaUploaderSyncManager(13661): battery info: false
07-17 21:59:47.909: D/libEGL(13690): loaded /system/lib/egl/libEGL_adreno200.so
07-17 21:59:47.909: D/libEGL(13690): loaded /system/lib/egl/libGLESv1_CM_adreno200.so
07-17 21:59:47.919: D/libEGL(13690): loaded /system/lib/egl/libGLESv2_adreno200.so
07-17 21:59:47.919: I/Adreno200-EGL(13690): <qeglDrvAPI_eglInitialize:265>: EGL 1.4 QUALCOMM Build: Iabe52cfaeae4c5fab1acacfe6f056ba15fa93274
07-17 21:59:48.090: W/Settings(1095): Setting airplane_mode_on has moved from android.provider.Settings.System to android.provider.Settings.Global, returning read-only value.
07-17 21:59:48.090: W/Settings(1095): Setting bluetooth_on has moved from android.provider.Settings.System to android.provider.Settings.Global, returning read-only value.
07-17 21:59:48.090: I/EntropyMixer(533): Writing entropy...
07-17 21:59:48.090: W/PowerUI(716): unknown intent: Intent { act=android.intent.action.ACTION_POWER_CONNECTED flg=0x8000010 }
07-17 21:59:48.100: D/PicasaSyncManager(13635): battery info: true
07-17 21:59:48.110: D/PicasaUploaderSyncManager(13661): battery info: true
07-17 21:59:48.110: E/NotificationService(533): Not posting notification with icon==0: Notification(pri=2 contentView=null vibrate=null sound=null defaults=0x0 flags=0x91 kind=[null])
07-17 21:59:48.110: E/NotificationService(533): WARNING: In a future release this will crash the app: com.koo.lightmanager
07-17 21:59:48.130: I/dalvikvm(12277): Jit: resizing JitTable from 4096 to 8192
07-17 21:59:48.160: D/audio_hw_primary(175): out_standby: enter: usecase(1: low-latency-playback)
07-17 21:59:48.200: W/Settings(1095): Setting airplane_mode_on has moved from android.provider.Settings.System to android.provider.Settings.Global, returning read-only value.
07-17 21:59:48.200: W/Settings(1095): Setting bluetooth_on has moved from android.provider.Settings.System to android.provider.Settings.Global, returning read-only value.
07-17 21:59:48.200: D/audio_hw_primary(175): stop_output_stream: enter: usecase(1: low-latency-playback)
07-17 21:59:48.200: D/audio_hw_primary(175): disable_audio_route: reset mixer path: low-latency-playback
07-17 21:59:48.200: D/audio_hw_primary(175): disable_snd_device: snd_device(2: speaker)
07-17 21:59:48.210: D/audio_hw_primary(175): stop_output_stream: exit: status(0)
07-17 21:59:48.210: D/audio_hw_primary(175): out_standby: exit
07-17 21:59:48.240: D/dalvikvm(13690): GC_CONCURRENT freed 442K, 5% free 9454K/9932K, paused 3ms+5ms, total 40ms
07-17 21:59:48.911: W/Settings(1095): Setting airplane_mode_on has moved from android.provider.Settings.System to android.provider.Settings.Global, returning read-only value.
07-17 21:59:48.921: W/Settings(1095): Setting bluetooth_on has moved from android.provider.Settings.System to android.provider.Settings.Global, returning read-only value.
07-17 21:59:48.931: E/NotificationService(533): Not posting notification with icon==0: Notification(pri=2 contentView=null vibrate=null sound=null defaults=0x0 flags=0x91 kind=[null])
07-17 21:59:48.931: E/NotificationService(533): WARNING: In a future release this will crash the app: com.koo.lightmanager
07-17 21:59:48.941: W/Settings(1095): Setting airplane_mode_on has moved from android.provider.Settings.System to android.provider.Settings.Global, returning read-only value.
07-17 21:59:48.941: W/Settings(1095): Setting bluetooth_on has moved from android.provider.Settings.System to android.provider.Settings.Global, returning read-only value.
07-17 21:59:48.951: E/NotificationService(533): Not posting notification with icon==0: Notification(pri=2 contentView=null vibrate=null sound=null defaults=0x0 flags=0x91 kind=[null])
07-17 21:59:48.951: E/NotificationService(533): WARNING: In a future release this will crash the app: com.koo.lightmanager
07-17 21:59:48.951: E/NotificationService(533): Not posting notification with icon==0: Notification(pri=2 contentView=null vibrate=null sound=null defaults=0x0 flags=0x91 kind=[null])
07-17 21:59:48.951: E/NotificationService(533): WARNING: In a future release this will crash the app: com.koo.lightmanager
07-17 21:59:48.961: W/Settings(1095): Setting airplane_mode_on has moved from android.provider.Settings.System to android.provider.Settings.Global, returning read-only value.
07-17 21:59:48.961: W/Settings(1095): Setting bluetooth_on has moved from android.provider.Settings.System to android.provider.Settings.Global, returning read-only value.
07-17 21:59:48.961: E/NotificationService(533): Not posting notification with icon==0: Notification(pri=2 contentView=null vibrate=null sound=null defaults=0x0 flags=0x91 kind=[null])
07-17 21:59:48.961: E/NotificationService(533): WARNING: In a future release this will crash the app: com.koo.lightmanager
07-17 21:59:49.061: W/Settings(1095): Setting airplane_mode_on has moved from android.provider.Settings.System to android.provider.Settings.Global, returning read-only value.
07-17 21:59:49.061: W/Settings(1095): Setting bluetooth_on has moved from android.provider.Settings.System to android.provider.Settings.Global, returning read-only value.
07-17 21:59:49.071: W/Settings(1095): Setting airplane_mode_on has moved from android.provider.Settings.System to android.provider.Settings.Global, returning read-only value.
07-17 21:59:49.071: W/Settings(1095): Setting bluetooth_on has moved from android.provider.Settings.System to android.provider.Settings.Global, returning read-only value.
07-17 21:59:49.101: W/Settings(1095): Setting airplane_mode_on has moved from android.provider.Settings.System to android.provider.Settings.Global, returning read-only value.
07-17 21:59:49.101: W/Settings(1095): Setting bluetooth_on has moved from android.provider.Settings.System to android.provider.Settings.Global, returning read-only value.
07-17 21:59:49.111: W/Settings(1095): Setting airplane_mode_on has moved from android.provider.Settings.System to android.provider.Settings.Global, returning read-only value.
07-17 21:59:49.111: W/Settings(1095): Setting bluetooth_on has moved from android.provider.Settings.System to android.provider.Settings.Global, returning read-only value.
07-17 21:59:49.181: W/Settings(1095): Setting airplane_mode_on has moved from android.provider.Settings.System to android.provider.Settings.Global, returning read-only value.
07-17 21:59:49.181: W/Settings(1095): Setting bluetooth_on has moved from android.provider.Settings.System to android.provider.Settings.Global, returning read-only value.
07-17 21:59:49.201: E/NotificationService(533): Not posting notification with icon==0: Notification(pri=2 contentView=null vibrate=null sound=null defaults=0x0 flags=0x91 kind=[null])
07-17 21:59:49.201: E/NotificationService(533): WARNING: In a future release this will crash the app: com.koo.lightmanager
07-17 21:59:49.211: W/Settings(1095): Setting airplane_mode_on has moved from android.provider.Settings.System to android.provider.Settings.Global, returning read-only value.
07-17 21:59:49.211: W/Settings(1095): Setting bluetooth_on has moved from android.provider.Settings.System to android.provider.Settings.Global, returning read-only value.
07-17 21:59:49.211: E/NotificationService(533): Not posting notification with icon==0: Notification(pri=2 contentView=null vibrate=null sound=null defaults=0x0 flags=0x91 kind=[null])
07-17 21:59:49.211: E/NotificationService(533): WARNING: In a future release this will crash the app: com.koo.lightmanager
07-17 21:59:49.221: D/CacheService(13592): onCreate
07-17 21:59:49.241: D/MtpService(10430): updating state; isCurrentUser=true, mMtpLocked=false
07-17 21:59:49.251: D/MtpService(10430): addStorageLocked 65537 /storage/emulated/0
07-17 21:59:49.251: D/MtpService(10430): updating state; isCurrentUser=true, mMtpLocked=false
07-17 21:59:49.251: D/CacheService(13592): onBind
07-17 21:59:49.251: D/MtpService(10430): starting MTP server in MTP mode
07-17 21:59:49.251: D/MtpService(10430): addStorageLocked 65537 /storage/emulated/0
07-17 21:59:49.291: E/NotificationService(533): Not posting notification with icon==0: Notification(pri=2 contentView=null vibrate=null sound=null defaults=0x0 flags=0x91 kind=[null])
07-17 21:59:49.291: E/NotificationService(533): WARNING: In a future release this will crash the app: com.koo.lightmanager
07-17 21:59:49.301: W/Settings(1095): Setting airplane_mode_on has moved from android.provider.Settings.System to android.provider.Settings.Global, returning read-only value.
07-17 21:59:49.301: W/Settings(1095): Setting bluetooth_on has moved from android.provider.Settings.System to android.provider.Settings.Global, returning read-only value.
07-17 21:59:49.301: E/NotificationService(533): Not posting notification with icon==0: Notification(pri=2 contentView=null vibrate=null sound=null defaults=0x0 flags=0x91 kind=[null])
07-17 21:59:49.301: E/NotificationService(533): WARNING: In a future release this will crash the app: com.koo.lightmanager
07-17 21:59:49.331: I/MusicLeanback(13592): Conditions not met for autocaching.
07-17 21:59:49.331: I/MusicLeanback(13592): Stop autocaching.
07-17 21:59:49.331: D/CacheService(13592): onDestroy
07-17 21:59:49.391: I/GAV2(13635): Thread[GAThread,5,main]: No campaign data found.
07-17 21:59:49.411: D/dalvikvm(13635): GC_CONCURRENT freed 170K, 3% free 9301K/9508K, paused 9ms+2ms, total 22ms
07-17 21:59:49.671: I/GAV2(13690): Thread[GAThread,5,main]: No campaign data found.
07-17 21:59:49.801: W/Settings(1095): Setting airplane_mode_on has moved from android.provider.Settings.System to android.provider.Settings.Global, returning read-only value.
07-17 21:59:49.801: E/NotificationService(533): Not posting notification with icon==0: Notification(pri=2 contentView=null vibrate=null sound=null defaults=0x0 flags=0x91 kind=[null])
07-17 21:59:49.801: E/NotificationService(533): WARNING: In a future release this will crash the app: com.koo.lightmanager
07-17 21:59:49.811: W/Settings(1095): Setting bluetooth_on has moved from android.provider.Settings.System to android.provider.Settings.Global, returning read-only value.
07-17 21:59:49.811: E/NotificationService(533): Not posting notification with icon==0: Notification(pri=2 contentView=null vibrate=null sound=null defaults=0x0 flags=0x91 kind=[null])
07-17 21:59:49.811: E/NotificationService(533): WARNING: In a future release this will crash the app: com.koo.lightmanager
07-17 21:59:51.223: D/audio_hw_primary(175): out_set_parameters: enter: usecase(1: low-latency-playback) kvpairs: routing=2
07-17 21:59:51.223: D/audio_hw_primary(175): out_set_parameters: exit: code(1)
07-17 21:59:51.243: D/audio_hw_primary(175): start_output_stream: enter: usecase(1: low-latency-playback) devices(0x2)
07-17 21:59:51.243: D/audio_hw_primary(175): select_devices: out_snd_device(2: speaker) in_snd_device(0: none)
07-17 21:59:51.243: D/audio_hw_primary(175): enable_snd_device: sending audio calibration for snd_device(2) acdb_id(14)
07-17 21:59:51.243: D/ACDB-LOADER(175): ACDB -> send_afe_cal
07-17 21:59:51.243: D/audio_hw_primary(175): enable_snd_device: snd_device(2: speaker)
07-17 21:59:51.243: D/audio_hw_primary(175): enable_audio_route: apply mixer path: low-latency-playback
07-17 21:59:51.253: D/audio_hw_primary(175): start_output_stream: exit
07-17 21:59:53.065: I/ActivityManager(533): START u0 {act=android.intent.action.MAIN cat=[android.intent.category.LAUNCHER] flg=0x10200000 cmp=com.kevinchoteau.splode/.SOBActivity} from pid 894
07-17 21:59:53.075: D/audio_hw_primary(175): out_set_parameters: enter: usecase(1: low-latency-playback) kvpairs: routing=2
07-17 21:59:53.075: D/audio_hw_primary(175): out_set_parameters: exit: code(1)
07-17 21:59:53.135: D/dalvikvm(13848): Late-enabling CheckJNI
07-17 21:59:53.135: I/ActivityManager(533): Start proc com.kevinchoteau.splode for activity com.kevinchoteau.splode/.SOBActivity: pid=13848 uid=10091 gids={50091, 3003, 1015, 1028}
07-17 21:59:53.185: I/InputReader(533): Reconfiguring input devices.  changes=0x00000004
07-17 21:59:53.185: I/InputReader(533): Device reconfigured: id=6, name='touch_dev', size 768x1280, orientation 1, mode 1, display id 0
07-17 21:59:53.185: I/InputReader(533): Reconfiguring input devices.  changes=0x00000004
07-17 21:59:53.185: I/InputReader(533): Device reconfigured: id=6, name='touch_dev', size 768x1280, orientation 1, mode 1, display id 0
07-17 21:59:53.185: I/ActivityManager(533): Config changes=1480 {1.0 208mcc1mnc fr_FR ldltr sw384dp w598dp h359dp 320dpi nrml land finger -keyb/v/h -nav/h s.250}
07-17 21:59:53.265: W/ContextImpl(533): Calling a method in the system process without a qualified user: android.app.ContextImpl.bindService:1439 com.android.server.MountService$ObbActionHandler.connectToService:2344 com.android.server.MountService$ObbActionHandler.handleMessage:2223 android.os.Handler.dispatchMessage:99 android.os.Looper.loop:137 
07-17 21:59:53.285: D/PhoneStatusBar(716): mSettingsPanelGravity = 55
07-17 21:59:53.305: D/libEGL(13848): loaded /system/lib/egl/libEGL_adreno200.so
07-17 21:59:53.305: D/libEGL(13848): loaded /system/lib/egl/libGLESv1_CM_adreno200.so
07-17 21:59:53.305: D/libEGL(13848): loaded /system/lib/egl/libGLESv2_adreno200.so
07-17 21:59:53.305: I/Adreno200-EGL(13848): <qeglDrvAPI_eglInitialize:265>: EGL 1.4 QUALCOMM Build: Iabe52cfaeae4c5fab1acacfe6f056ba15fa93274
07-17 21:59:53.345: D/OpenGLRenderer(13848): Enabling debug mode 0
07-17 21:59:53.355: W/IInputConnectionWrapper(894): showStatusIcon on inactive InputConnection
07-17 21:59:53.375: V/Storage(13848): Mounted /storage/emulated/0/Android/obb/com.kevinchoteau.splode/main.1.com.kevinchoteau.splode.obb
07-17 21:59:53.385: D/Debug(13848): Checking if /mnt/obb/a122d59948485f8c7e8743465746b529/script/init.lua exists
07-17 21:59:53.385: I/ActivityManager(533): Displayed com.kevinchoteau.splode/.SOBActivity: +263ms
07-17 21:59:53.385: D/Debug(13848): true
07-17 21:59:53.385: D/dalvikvm(13848): Trying to load lib /data/app-lib/com.kevinchoteau.splode-1/libfmod.so 0x41fe71f8
07-17 21:59:53.385: D/dalvikvm(13848): Added shared lib /data/app-lib/com.kevinchoteau.splode-1/libfmod.so 0x41fe71f8
07-17 21:59:53.385: D/dalvikvm(13848): Trying to load lib /data/app-lib/com.kevinchoteau.splode-1/libfmodstudio.so 0x41fe71f8
07-17 21:59:53.395: D/dalvikvm(13848): Added shared lib /data/app-lib/com.kevinchoteau.splode-1/libfmodstudio.so 0x41fe71f8
07-17 21:59:53.395: D/dalvikvm(13848): No JNI_OnLoad found in /data/app-lib/com.kevinchoteau.splode-1/libfmodstudio.so 0x41fe71f8, skipping init
07-17 21:59:53.395: D/dalvikvm(13848): Trying to load lib /data/app-lib/com.kevinchoteau.splode-1/libgame.so 0x41fe71f8
07-17 21:59:53.395: D/dalvikvm(13848): Added shared lib /data/app-lib/com.kevinchoteau.splode-1/libgame.so 0x41fe71f8
07-17 21:59:53.395: I/WindowManager(533): Screen frozen for +235ms due to Window{427a9c30 u0 Starting com.kevinchoteau.splode}
07-17 21:59:53.405: I/Call Native(13848): com.android.sob.SOBLib.testAsset
07-17 21:59:53.405: I/Call Native(13848): com.android.sob.SOBLib.init
07-17 21:59:53.405: I/Game(13848): Init - params
07-17 21:59:53.405: I/Game(13848): Init - init.lua
07-17 21:59:53.405: I/Game(13848): Init - init.lua - load from file
07-17 21:59:53.415: I/Game(13848): Init - init.lua - execute
07-17 21:59:53.475: E/Game(13848): jni/../../engine/resource/loader_TTF.cpp(1959501999):ERROR: Could not load character 
07-17 21:59:53.485: I/Game(13848): Init - create window 3d screen.lua
07-17 21:59:53.485: I/Game(13848): Init - inputs
07-17 21:59:53.485: I/Game(13848): Init - sounds
07-17 21:59:53.515: D/audio_hw_primary(175): out_set_parameters: enter: usecase(1: low-latency-playback) kvpairs: routing=2
07-17 21:59:53.515: D/audio_hw_primary(175): out_set_parameters: exit: code(1)
07-17 21:59:54.216: I/Game(13848): Init - flow
07-17 21:59:54.216: I/Game(13848): Load : /data/data/com.kevinchoteau.splode/files/game.sav exist
07-17 21:59:54.216: I/Game(13848): /data/data/com.kevinchoteau.splode/files/ already exists
07-17 21:59:54.216: I/Game(13848): Load : Open
07-17 21:59:54.216: I/Game(13848): Load : Load TOTALOBTAINABLESTAR = 180.000000 ou (null)
07-17 21:59:54.216: I/Game(13848): Load : Load TOTALSTAR = 0.000000 ou (null)
07-17 21:59:54.216: I/Game(13848): Load : Close
07-17 21:59:54.216: I/Game(13848): SetParam State = 0.000000
07-17 21:59:55.548: D/dalvikvm(533): GC_EXPLICIT freed 2464K, 39% free 25645K/41492K, paused 4ms+10ms, total 152ms
07-17 21:59:55.788: I/Game(13848): Init - timer
07-17 21:59:55.788: I/Game(13848): CPlatformManager::Init
07-17 21:59:55.788: I/Game(13848): ->Activity d9400021
07-17 21:59:55.798: I/GamesNativeSDK(13848): Adding listener on entrypoint 1959335185
07-17 21:59:55.798: I/GamesNativeSDK(13848): Adding listener on entrypoint 1959335321
07-17 21:59:55.808: W/PopupManager(13848): You have not specified a View to use as content view for popups. Falling back to the Activity content view which may not work properly in future versions of the API. Use setViewForPopups() to set your content view.
07-17 21:59:55.808: V/GamesNativeSDK(13848): Opened /data/data/com.kevinchoteau.splode/app_.gpg/0 (80441)
07-17 21:59:55.808: I/Game(13848): ->Ok 416e62d8
07-17 21:59:55.808: I/GamesNativeSDK(13848): Connecting to Google Play...
07-17 21:59:55.808: V/GamesNativeSDK(13848): Attached to JVM on thread main_dispatch
07-17 21:59:55.808: I/Game(13848): CPlatformManager::OnAuthActionStarted
07-17 21:59:55.808: D/IabHelper(13848): Starting in-app billing setup.
07-17 21:59:55.848: W/SOBView(13848): creating OpenGL ES 2.0 context
07-17 21:59:55.868: I/Call Native(13848): com.android.sob.SOBLib.changeSurface
07-17 21:59:55.868: I/Game(13848): OPENGL Texture max size : 4096
07-17 21:59:55.878: D/IabHelper(13848): Billing service connected.
07-17 21:59:55.878: D/IabHelper(13848): Checking for in-app billing 3 support.
07-17 21:59:55.878: D/Finsky(4855): [4933] InAppBillingUtils.getPreferredAccount: com.kevinchoteau.splode: Account from first account - [_Kkk1N8uHu0G_X58ty0068t5aAY]
07-17 21:59:55.878: D/IabHelper(13848): In-app billing version 3 supported for com.kevinchoteau.splode
07-17 21:59:55.888: D/Finsky(4855): [4932] InAppBillingUtils.getPreferredAccount: com.kevinchoteau.splode: Account from first account - [_Kkk1N8uHu0G_X58ty0068t5aAY]
07-17 21:59:55.888: D/IabHelper(13848): Subscriptions AVAILABLE.
07-17 21:59:55.978: I/Game(13848): CPlatformManager::SignIn
07-17 21:59:55.978: I/Game(13848): ->Ok
07-17 21:59:55.988: V/GamesNativeSDK(13848): Play Games callback indicates connection failure.
07-17 21:59:55.988: I/GamesNativeSDK(13848): UI interaction required to connect to Google Play.
07-17 21:59:55.988: I/Game(13848): CPlatformManager::OnAuthActionFinished
07-17 21:59:55.988: I/Game(13848): -> Failed Status = ERROR_NOT_AUTHORIZED
07-17 21:59:58.801: I/Game(13848): Flow - go to script script/menu.lua
07-17 21:59:59.151: I/Game(13848): /data/data/com.kevinchoteau.splode/files/ already exists
07-17 21:59:59.151: I/Game(13848): Save : Open /data/data/com.kevinchoteau.splode/files/game.sav
07-17 21:59:59.151: I/Game(13848): Save : Save TOTALOBTAINABLESTAR = 180.000000 ou (null)
07-17 21:59:59.151: I/Game(13848): Save : Save TOTALSTAR = 0.000000 ou (null)
07-17 21:59:59.151: I/Game(13848): Save : Close
07-17 21:59:59.151: I/Game(13848): Save : Successfull
07-17 21:59:59.181: I/Game(13848): SetParam State = 0.000000
07-17 21:59:59.292: W/Settings(1095): Setting airplane_mode_on has moved from android.provider.Settings.System to android.provider.Settings.Global, returning read-only value.
07-17 21:59:59.292: W/Settings(1095): Setting bluetooth_on has moved from android.provider.Settings.System to android.provider.Settings.Global, returning read-only value.
07-17 21:59:59.292: E/NotificationService(533): Not posting notification with icon==0: Notification(pri=2 contentView=null vibrate=null sound=null defaults=0x0 flags=0x91 kind=[null])
07-17 21:59:59.292: E/NotificationService(533): WARNING: In a future release this will crash the app: com.koo.lightmanager
07-17 21:59:59.302: E/NotificationService(533): Not posting notification with icon==0: Notification(pri=2 contentView=null vibrate=null sound=null defaults=0x0 flags=0x91 kind=[null])
07-17 21:59:59.302: E/NotificationService(533): WARNING: In a future release this will crash the app: com.koo.lightmanager
07-17 22:00:00.072: A/libc(13848): Fatal signal 11 (SIGSEGV) at 0x00000008 (code=1), thread 13894 (Thread-5344)
07-17 22:00:00.122: I/DEBUG(170): *** *** *** *** *** *** *** *** *** *** *** *** *** *** *** ***
07-17 22:00:00.122: I/DEBUG(170): Build fingerprint: 'google/occam/mako:4.3/JWR66Y/776638:user/release-keys'
07-17 22:00:00.122: I/DEBUG(170): Revision: '10'
07-17 22:00:00.122: I/DEBUG(170): pid: 13848, tid: 13894, name: Thread-5344  >>> com.kevinchoteau.splode <<<
07-17 22:00:00.122: I/DEBUG(170): signal 11 (SIGSEGV), code 1 (SEGV_MAPERR), fault addr 00000008
07-17 22:00:00.213: I/DEBUG(170):     r0 000000ad  r1 00000007  r2 00000302  r3 00000000
07-17 22:00:00.213: I/DEBUG(170):     r4 7443e148  r5 74d07c2c  r6 74437a40  r7 00000000
07-17 22:00:00.213: I/DEBUG(170):     r8 00000048  r9 00000001  sl 00000030  fp 74d0a5a4
07-17 22:00:00.213: I/DEBUG(170):     ip 20000000  sp 75f33a28  lr 73614657  pc 74bb468e  cpsr 20010030
07-17 22:00:00.213: I/DEBUG(170):     d0  000000003f800000  d1  00000000000000e4
07-17 22:00:00.213: I/DEBUG(170):     d2  7586ca087586ca08  d3  73728c0800000000
07-17 22:00:00.213: I/DEBUG(170):     d4  75857a6875858878  d5  75855e4875856c58
07-17 22:00:00.213: I/DEBUG(170):     d6  3f80000000000000  d7  3f800000bf800000
07-17 22:00:00.213: I/DEBUG(170):     d8  0000000000000000  d9  0000000000000000
07-17 22:00:00.213: I/DEBUG(170):     d10 0000000000000000  d11 0000000000000000
07-17 22:00:00.213: I/DEBUG(170):     d12 0000000000000000  d13 0000000000000000
07-17 22:00:00.213: I/DEBUG(170):     d14 0000000000000000  d15 0000000000000000
07-17 22:00:00.213: I/DEBUG(170):     d16 0000000000000000  d17 0000000000000000
07-17 22:00:00.213: I/DEBUG(170):     d18 4197d78400000000  d19 b53d3435e90c01d1
07-17 22:00:00.213: I/DEBUG(170):     d20 3ffccccccccccccd  d21 4066800000000000
07-17 22:00:00.213: I/DEBUG(170):     d22 bfbc71d7be49ffcd  d23 3fb745dc46c90d64
07-17 22:00:00.213: I/DEBUG(170):     d24 bfb3b0ff639ce918  d25 3fb10d71775cdd64
07-17 22:00:00.213: I/DEBUG(170):     d26 4066800000000000  d27 3fa97b523c487304
07-17 22:00:00.213: I/DEBUG(170):     d28 3f90ad3ae322da11  d29 3f6d838fea1412c4
07-17 22:00:00.213: I/DEBUG(170):     d30 3fd5555d1c5e9c2f  d31 4000000000000000
07-17 22:00:00.213: I/DEBUG(170):     scr 20000012
07-17 22:00:00.223: I/DEBUG(170): backtrace:
07-17 22:00:00.223: I/DEBUG(170):     #00  pc 0007968e  /data/app-lib/com.kevinchoteau.splode-1/libgame.so (CRenderer::BeginActiveMaterial()+85)
07-17 22:00:00.223: I/DEBUG(170):     #01  pc 00079eb3  /data/app-lib/com.kevinchoteau.splode-1/libgame.so (CRenderer::DrawTransparent()+142)
07-17 22:00:00.223: I/DEBUG(170):     #02  pc 0007a08f  /data/app-lib/com.kevinchoteau.splode-1/libgame.so (CRenderer::Draw()+254)
07-17 22:00:00.223: I/DEBUG(170):     #03  pc 0009c10f  /data/app-lib/com.kevinchoteau.splode-1/libgame.so (CGame::DoFrame(float)+870)
07-17 22:00:00.223: I/DEBUG(170):     #04  pc 0009c2d9  /data/app-lib/com.kevinchoteau.splode-1/libgame.so (CGame::DoFrame()+112)
07-17 22:00:00.223: I/DEBUG(170):     #05  pc 0001dc4c  /system/lib/libdvm.so (dvmPlatformInvoke+112)
07-17 22:00:00.223: I/DEBUG(170):     #06  pc 0004decf  /system/lib/libdvm.so (dvmCallJNIMethod(unsigned int const*, JValue*, Method const*, Thread*)+398)
07-17 22:00:00.223: I/DEBUG(170):     #07  pc 00027060  /system/lib/libdvm.so
07-17 22:00:00.223: I/DEBUG(170):     #08  pc 0002b5ec  /system/lib/libdvm.so (dvmInterpret(Thread*, Method const*, JValue*)+184)
07-17 22:00:00.223: I/DEBUG(170):     #09  pc 0005ff21  /system/lib/libdvm.so (dvmCallMethodV(Thread*, Method const*, Object*, bool, JValue*, std::__va_list)+292)
07-17 22:00:00.223: I/DEBUG(170):     #10  pc 0005ff4b  /system/lib/libdvm.so (dvmCallMethod(Thread*, Method const*, Object*, JValue*, ...)+20)
07-17 22:00:00.223: I/DEBUG(170):     #11  pc 00054ccb  /system/lib/libdvm.so
07-17 22:00:00.223: I/DEBUG(170):     #12  pc 0000ca58  /system/lib/libc.so (__thread_entry+72)
07-17 22:00:00.223: I/DEBUG(170):     #13  pc 0000cbd4  /system/lib/libc.so (pthread_create+208)
07-17 22:00:00.223: I/DEBUG(170): stack:
07-17 22:00:00.223: I/DEBUG(170):          75f339e8  00000302  
07-17 22:00:00.223: I/DEBUG(170):          75f339ec  74437a40  
07-17 22:00:00.223: I/DEBUG(170):          75f339f0  74d0a57c  /data/app-lib/com.kevinchoteau.splode-1/libgame.so
07-17 22:00:00.223: I/DEBUG(170):          75f339f4  00000048  
07-17 22:00:00.223: I/DEBUG(170):          75f339f8  00000001  
07-17 22:00:00.223: I/DEBUG(170):          75f339fc  00000030  
07-17 22:00:00.223: I/DEBUG(170):          75f33a00  74d0a5a4  /data/app-lib/com.kevinchoteau.splode-1/libgame.so
07-17 22:00:00.223: I/DEBUG(170):          75f33a04  735fe98b  /system/lib/egl/libGLESv2_adreno200.so (core_glBlendFunc+10)
07-17 22:00:00.223: I/DEBUG(170):          75f33a08  00000007  
07-17 22:00:00.223: I/DEBUG(170):          75f33a0c  00000302  
07-17 22:00:00.223: I/DEBUG(170):          75f33a10  00000303  
07-17 22:00:00.223: I/DEBUG(170):          75f33a14  735e10d3  /system/lib/egl/libGLESv2_adreno200.so (glBlendFunc+22)
07-17 22:00:00.223: I/DEBUG(170):          75f33a18  00000000  
07-17 22:00:00.223: I/DEBUG(170):          75f33a1c  7586f170  
07-17 22:00:00.223: I/DEBUG(170):          75f33a20  df0027ad  
07-17 22:00:00.223: I/DEBUG(170):          75f33a24  00000000  
07-17 22:00:00.223: I/DEBUG(170):     #00  75f33a28  3f800000  
07-17 22:00:00.223: I/DEBUG(170):          75f33a2c  00000006  
07-17 22:00:00.223: I/DEBUG(170):          75f33a30  00000004  
07-17 22:00:00.223: I/DEBUG(170):          75f33a34  00000048  
07-17 22:00:00.223: I/DEBUG(170):          75f33a38  00000001  
07-17 22:00:00.223: I/DEBUG(170):          75f33a3c  00000030  
07-17 22:00:00.223: I/DEBUG(170):          75f33a40  74d0a5a4  /data/app-lib/com.kevinchoteau.splode-1/libgame.so
07-17 22:00:00.223: I/DEBUG(170):          75f33a44  735f0c47  /system/lib/egl/libGLESv2_adreno200.so (core_glDrawElements+14)
07-17 22:00:00.223: I/DEBUG(170):          75f33a48  7586c078  
07-17 22:00:00.223: I/DEBUG(170):          75f33a4c  3c9f1f15  
07-17 22:00:00.223: I/DEBUG(170):          75f33a50  3c9f1f15  
07-17 22:00:00.223: I/DEBUG(170):          75f33a54  74437a40  
07-17 22:00:00.223: I/DEBUG(170):          75f33a58  74469f58  
07-17 22:00:00.223: I/DEBUG(170):          75f33a5c  74d07c2c  /data/app-lib/com.kevinchoteau.splode-1/libgame.so
07-17 22:00:00.223: I/DEBUG(170):          75f33a60  74d0a57c  /data/app-lib/com.kevinchoteau.splode-1/libgame.so
07-17 22:00:00.223: I/DEBUG(170):          75f33a64  00000048  
07-17 22:00:00.223: I/DEBUG(170):          ........  ........
07-17 22:00:00.223: I/DEBUG(170):     #01  75f33a78  00000030  
07-17 22:00:00.223: I/DEBUG(170):          75f33a7c  7586ca08  
07-17 22:00:00.223: I/DEBUG(170):          75f33a80  74d0a5b8  /data/app-lib/com.kevinchoteau.splode-1/libgame.so
07-17 22:00:00.223: I/DEBUG(170):          75f33a84  74d0a5a8  /data/app-lib/com.kevinchoteau.splode-1/libgame.so
07-17 22:00:00.223: I/DEBUG(170):          75f33a88  0f001c38  
07-17 22:00:00.223: I/DEBUG(170):          75f33a8c  74437a40  
07-17 22:00:00.223: I/DEBUG(170):          75f33a90  74d0a57c  /data/app-lib/com.kevinchoteau.splode-1/libgame.so
07-17 22:00:00.223: I/DEBUG(170):          75f33a94  74d01200  /data/app-lib/com.kevinchoteau.splode-1/libgame.so
07-17 22:00:00.223: I/DEBUG(170):          75f33a98  78978140  
07-17 22:00:00.223: I/DEBUG(170):          75f33a9c  78978140  
07-17 22:00:00.223: I/DEBUG(170):          75f33aa0  75808f38  
07-17 22:00:00.223: I/DEBUG(170):          75f33aa4  744b48c8  
07-17 22:00:00.223: I/DEBUG(170):          75f33aa8  75f33c84  [stack:13894]
07-17 22:00:00.223: I/DEBUG(170):          75f33aac  74bb5093  /data/app-lib/com.kevinchoteau.splode-1/libgame.so (CRenderer::Draw()+258)
07-17 22:00:00.223: I/DEBUG(170):     #02  75f33ab0  74d01208  /data/app-lib/com.kevinchoteau.splode-1/libgame.so
07-17 22:00:00.223: I/DEBUG(170):          75f33ab4  49742400  /dev/ashmem/dalvik-heap (deleted)
07-17 22:00:00.223: I/DEBUG(170):          75f33ab8  4daf8b0a  /dev/ashmem/dalvik-heap (deleted)
07-17 22:00:00.223: I/DEBUG(170):          75f33abc  789b342c  
07-17 22:00:00.223: I/DEBUG(170):          75f33ac0  00000003  
07-17 22:00:00.223: I/DEBUG(170):          75f33ac4  3c9f1f15  
07-17 22:00:00.223: I/DEBUG(170):          75f33ac8  3c9f1f15  
07-17 22:00:00.223: I/DEBUG(170):          75f33acc  789b3428  
07-17 22:00:00.223: I/DEBUG(170):          75f33ad0  00000000  
07-17 22:00:00.223: I/DEBUG(170):          75f33ad4  789b3428  
07-17 22:00:00.223: I/DEBUG(170):          75f33ad8  00000000  
07-17 22:00:00.223: I/DEBUG(170):          75f33adc  74bd676d  /data/app-lib/com.kevinchoteau.splode-1/libgame.so (CWorld::Update(float)+264)
07-17 22:00:00.223: I/DEBUG(170):          75f33ae0  74d01208  /data/app-lib/com.kevinchoteau.splode-1/libgame.so
07-17 22:00:00.223: I/DEBUG(170):          75f33ae4  49742400  /dev/ashmem/dalvik-heap (deleted)
07-17 22:00:00.223: I/DEBUG(170):          75f33ae8  4daf8b07  /dev/ashmem/dalvik-heap (deleted)
07-17 22:00:00.223: I/DEBUG(170):          75f33aec  78978140  
07-17 22:00:00.223: I/DEBUG(170):          ........  ........
07-17 22:00:00.233: I/DEBUG(170): memory near r4:
07-17 22:00:00.233: I/DEBUG(170):     7443e128 00000000 00000000 00000000 00000013  
07-17 22:00:00.233: I/DEBUG(170):     7443e138 00000000 00000000 74434810 00000043  
07-17 22:00:00.233: I/DEBUG(170):     7443e148 74d01360 62e78699 74d00b90 744b34a0  
07-17 22:00:00.233: I/DEBUG(170):     7443e158 0000001b 0000001b 00000000 00000000  
07-17 22:00:00.233: I/DEBUG(170):     7443e168 74d01330 00000000 00000000 00000000  
07-17 22:00:00.233: I/DEBUG(170):     7443e178 00000000 00000000 00000000 00000013  
07-17 22:00:00.233: I/DEBUG(170):     7443e188 00000003 00000000 00000000 00000013  
07-17 22:00:00.233: I/DEBUG(170):     7443e198 00000002 6d6f435f 53676e69 00000053  
07-17 22:00:00.233: I/DEBUG(170):     7443e1a8 00000048 00000000 74b2e218 749c2990  
07-17 22:00:00.233: I/DEBUG(170):     7443e1b8 74454560 7446af88 7443e1c0 7443e1c0  
07-17 22:00:00.233: I/DEBUG(170):     7443e1c8 7443e1c8 7443e1c8 74460500 00000000  
07-17 22:00:00.233: I/DEBUG(170):     7443e1d8 00000000 00000000 00000000 000003ef  
07-17 22:00:00.233: I/DEBUG(170):     7443e1e8 00000002 437a0000 00000050 00000023  
07-17 22:00:00.233: I/DEBUG(170):     7443e1f8 00000014 00000000 74b2e228 749a7ee8  
07-17 22:00:00.233: I/DEBUG(170):     7443e208 00000fff 4654545f 00000020 00000023  
07-17 22:00:00.233: I/DEBUG(170):     7443e218 544e4f46 4e4f465f 4f435f54 474e494d  
07-17 22:00:00.233: I/DEBUG(170): memory near r5:
07-17 22:00:00.233: I/DEBUG(170):     74d07c0c 74d12e28 74d13144 74d13020 74d12f8c  
07-17 22:00:00.233: I/DEBUG(170):     74d07c1c 74d12dbc 74d12e90 74d02a18 74d02c10  
07-17 22:00:00.233: I/DEBUG(170):     74d07c2c 00000000 00000000 00000000 400eff61  
07-17 22:00:00.233: I/DEBUG(170):     74d07c3c 400f0055 400e8e94 405e65c0 405e617c  
07-17 22:00:00.233: I/DEBUG(170):     74d07c4c 405e6c60 405e6288 405e6978 405e61f4  
07-17 22:00:00.233: I/DEBUG(170):     74d07c5c 405e666c 405e6684 405e631c 405e626c  
07-17 22:00:00.233: I/DEBUG(170):     74d07c6c 405e6028 405e68a0 405e6624 405e663c  
07-17 22:00:00.233: I/DEBUG(170):     74d07c7c 405e62ec 405e6334 405e660c 405e6194  
07-17 22:00:00.233: I/DEBUG(170):     74d07c8c 405e6574 405e6748 405e6d80 405e6bd0  
07-17 22:00:00.233: I/DEBUG(170):     74d07c9c 405e6100 405e6514 405e60a0 405e6a68  
07-17 22:00:00.233: I/DEBUG(170):     74d07cac 405e6a20 405e6b10 405e6ae0 405e6d68  
07-17 22:00:00.233: I/DEBUG(170):     74d07cbc 405e6424 405e63dc 405e6c78 405e63f4  
07-17 22:00:00.233: I/DEBUG(170):     74d07ccc 405e640c 405e63ac 400e8d88 400d99b5  
07-17 22:00:00.233: I/DEBUG(170):     74d07cdc 400d99a1 400e883c 400ea1d4 400f1299  
07-17 22:00:00.233: I/DEBUG(170):     74d07cec 400f62c5 400f2ee9 400f305d 400efd93  
07-17 22:00:00.233: I/DEBUG(170):     74d07cfc 400dd6a5 400e7b50 71f66f31 71f66f03  
07-17 22:00:00.233: I/DEBUG(170): memory near r6:
07-17 22:00:00.233: I/DEBUG(170):     74437a20 00000000 0000018b 74d01c98 00000000  
07-17 22:00:00.233: I/DEBUG(170):     74437a30 00000000 00000000 000004ac 00000300  
07-17 22:00:00.233: I/DEBUG(170):     74437a40 00000000 00000000 00000000 7586f170  
07-17 22:00:00.233: I/DEBUG(170):     74437a50 74d00be0 00000000 00000000 00000000  
07-17 22:00:00.233: I/DEBUG(170):     74437a60 74d00be0 00000000 00000000 3f800000  
07-17 22:00:00.233: I/DEBUG(170):     74437a70 74d01058 3b0382a8 00000000 00000000  
07-17 22:00:00.233: I/DEBUG(170):     74437a80 bf7694fb 00000000 bb4ccccd 00000000  
07-17 22:00:00.233: I/DEBUG(170):     74437a90 3f800000 00000000 00000000 3c23065e  
07-17 22:00:00.233: I/DEBUG(170):     74437aa0 bf7d73e7 00000000 00000000 00000000  
07-17 22:00:00.233: I/DEBUG(170):     74437ab0 3f800000 74d01058 43f92aaa 80000000  
07-17 22:00:00.233: I/DEBUG(170):     74437ac0 80000000 43f00000 80000000 c3a00000  
07-17 22:00:00.233: I/DEBUG(170):     74437ad0 80000000 43a00000 80000000 80000000  
07-17 22:00:00.233: I/DEBUG(170):     74437ae0 42c90001 42c70001 80000000 80000000  
07-17 22:00:00.233: I/DEBUG(170):     74437af0 80000000 3f800000 74d01058 3b0382a8  
07-17 22:00:00.233: I/DEBUG(170):     74437b00 00000000 00000000 bf7694fb 00000000  
