07-17 21:57:46.140: I/GamesNativeSDK(12740): UI interaction required to connect to Google Play.
07-17 21:57:46.140: I/Game(12740): CPlatformManager::OnAuthActionFinished
07-17 21:57:46.140: I/Game(12740): -> Failed Status = ERROR_NOT_AUTHORIZED
07-17 21:57:48.502: I/Game(12740): Flow - go to script script/menu.lua
07-17 21:57:48.852: I/Game(12740): /data/data/com.kevinchoteau.splode/files/ already exists
07-17 21:57:48.852: I/Game(12740): Save : Open /data/data/com.kevinchoteau.splode/files/game.sav
07-17 21:57:48.862: I/Game(12740): Save : Save TOTALOBTAINABLESTAR = 180.000000 ou (null)
07-17 21:57:48.862: I/Game(12740): Save : Save TOTALSTAR = 0.000000 ou (null)
07-17 21:57:48.862: I/Game(12740): Save : Close
07-17 21:57:48.862: I/Game(12740): Save : Successfull
07-17 21:57:48.892: I/Game(12740): SetParam State = 0.000000
07-17 21:57:49.323: W/Settings(1095): Setting airplane_mode_on has moved from android.provider.Settings.System to android.provider.Settings.Global, returning read-only value.
07-17 21:57:49.323: E/NotificationService(533): Not posting notification with icon==0: Notification(pri=2 contentView=null vibrate=null sound=null defaults=0x0 flags=0x91 kind=[null])
07-17 21:57:49.323: E/NotificationService(533): WARNING: In a future release this will crash the app: com.koo.lightmanager
07-17 21:57:49.333: W/Settings(1095): Setting bluetooth_on has moved from android.provider.Settings.System to android.provider.Settings.Global, returning read-only value.
07-17 21:57:49.343: E/NotificationService(533): Not posting notification with icon==0: Notification(pri=2 contentView=null vibrate=null sound=null defaults=0x0 flags=0x91 kind=[null])
07-17 21:57:49.343: E/NotificationService(533): WARNING: In a future release this will crash the app: com.koo.lightmanager
07-17 21:57:49.703: A/libc(12740): Fatal signal 11 (SIGSEGV) at 0x00000008 (code=1), thread 12874 (Thread-5290)
07-17 21:57:49.813: I/DEBUG(170): *** *** *** *** *** *** *** *** *** *** *** *** *** *** *** ***
07-17 21:57:49.813: I/DEBUG(170): Build fingerprint: 'google/occam/mako:4.3/JWR66Y/776638:user/release-keys'
07-17 21:57:49.813: I/DEBUG(170): Revision: '10'
07-17 21:57:49.813: I/DEBUG(170): pid: 12740, tid: 12874, name: Thread-5290  >>> com.kevinchoteau.splode <<<
07-17 21:57:49.813: I/DEBUG(170): signal 11 (SIGSEGV), code 1 (SEGV_MAPERR), fault addr 00000008
07-17 21:57:49.974: I/DEBUG(170):     r0 000000ad  r1 00000007  r2 00000302  r3 00000000
07-17 21:57:49.974: I/DEBUG(170):     r4 7454e470  r5 74e17c2c  r6 745c70c8  r7 00000000
07-17 21:57:49.974: I/DEBUG(170):     r8 00000048  r9 00000001  sl 00000030  fp 74e1a5a4
07-17 21:57:49.974: I/DEBUG(170):     ip 20000000  sp 76043a18  lr 73721657  pc 74cc468e  cpsr 200d0030
07-17 21:57:49.974: I/DEBUG(170):     d0  000000003f800000  d1  00000000000000e4
07-17 21:57:49.974: I/DEBUG(170):     d2  75c3efb075c3efb0  d3  73835c0800000000
07-17 21:57:49.974: I/DEBUG(170):     d4  0000000000000000  d5  0000000000000000
07-17 21:57:49.974: I/DEBUG(170):     d6  3f80000000000000  d7  3f800000bf800000
07-17 21:57:49.974: I/DEBUG(170):     d8  0000000000000000  d9  0000000000000000
07-17 21:57:49.974: I/DEBUG(170):     d10 0000000000000000  d11 0000000000000000
07-17 21:57:49.974: I/DEBUG(170):     d12 0000000000000000  d13 0000000000000000
07-17 21:57:49.974: I/DEBUG(170):     d14 0000000000000000  d15 0000000000000000
07-17 21:57:49.974: I/DEBUG(170):     d16 0000000000000000  d17 0000000000000000
07-17 21:57:49.974: I/DEBUG(170):     d18 4197d78400000000  d19 b53d3435e90c01d1
07-17 21:57:49.974: I/DEBUG(170):     d20 3ffccccccccccccd  d21 4066800000000000
07-17 21:57:49.974: I/DEBUG(170):     d22 bfbc71d7be49ffcd  d23 3fb745dc46c90d64
07-17 21:57:49.974: I/DEBUG(170):     d24 bfb3b0ff639ce918  d25 3fb10d71775cdd64
07-17 21:57:49.974: I/DEBUG(170):     d26 4066800000000000  d27 3fa97b523c487304
07-17 21:57:49.974: I/DEBUG(170):     d28 3f90ad3ae322da11  d29 3f6d838fea1412c4
07-17 21:57:49.974: I/DEBUG(170):     d30 3fd5555d1c5e9c2f  d31 4000000000000000
07-17 21:57:49.974: I/DEBUG(170):     scr 20000012
07-17 21:57:49.984: I/DEBUG(170): backtrace:
07-17 21:57:49.984: I/DEBUG(170):     #00  pc 0007968e  /data/app-lib/com.kevinchoteau.splode-2/libgame.so (CRenderer::BeginActiveMaterial()+85)
07-17 21:57:49.984: I/DEBUG(170):     #01  pc 00079eb3  /data/app-lib/com.kevinchoteau.splode-2/libgame.so (CRenderer::DrawTransparent()+142)
07-17 21:57:49.984: I/DEBUG(170):     #02  pc 0007a08f  /data/app-lib/com.kevinchoteau.splode-2/libgame.so (CRenderer::Draw()+254)
07-17 21:57:49.984: I/DEBUG(170):     #03  pc 0009c10f  /data/app-lib/com.kevinchoteau.splode-2/libgame.so (CGame::DoFrame(float)+870)
07-17 21:57:49.984: I/DEBUG(170):     #04  pc 0009c2d9  /data/app-lib/com.kevinchoteau.splode-2/libgame.so (CGame::DoFrame()+112)
07-17 21:57:49.984: I/DEBUG(170):     #05  pc 0001dc4c  /system/lib/libdvm.so (dvmPlatformInvoke+112)
07-17 21:57:49.984: I/DEBUG(170):     #06  pc 0004decf  /system/lib/libdvm.so (dvmCallJNIMethod(unsigned int const*, JValue*, Method const*, Thread*)+398)
07-17 21:57:49.984: I/DEBUG(170):     #07  pc 000270a4  /system/lib/libdvm.so
07-17 21:57:49.984: I/DEBUG(170):     #08  pc 00011a84  <unknown>
07-17 21:57:49.984: I/DEBUG(170): stack:
07-17 21:57:49.984: I/DEBUG(170):          760439d8  00000302  
07-17 21:57:49.984: I/DEBUG(170):          760439dc  745c70c8  
07-17 21:57:49.984: I/DEBUG(170):          760439e0  74e1a57c  /data/app-lib/com.kevinchoteau.splode-2/libgame.so
07-17 21:57:49.984: I/DEBUG(170):          760439e4  00000048  
07-17 21:57:49.984: I/DEBUG(170):          760439e8  00000001  
07-17 21:57:49.984: I/DEBUG(170):          760439ec  00000030  
07-17 21:57:49.984: I/DEBUG(170):          760439f0  74e1a5a4  /data/app-lib/com.kevinchoteau.splode-2/libgame.so
07-17 21:57:49.984: I/DEBUG(170):          760439f4  7370b98b  /system/lib/egl/libGLESv2_adreno200.so (core_glBlendFunc+10)
07-17 21:57:49.984: I/DEBUG(170):          760439f8  00000007  
07-17 21:57:49.984: I/DEBUG(170):          760439fc  00000302  
07-17 21:57:49.984: I/DEBUG(170):          76043a00  00000303  
07-17 21:57:49.984: I/DEBUG(170):          76043a04  736ee0d3  /system/lib/egl/libGLESv2_adreno200.so (glBlendFunc+22)
07-17 21:57:49.984: I/DEBUG(170):          76043a08  00000000  
07-17 21:57:49.984: I/DEBUG(170):          76043a0c  78a90c98  
07-17 21:57:49.984: I/DEBUG(170):          76043a10  df0027ad  
07-17 21:57:49.984: I/DEBUG(170):          76043a14  00000000  
07-17 21:57:49.984: I/DEBUG(170):     #00  76043a18  3f800000  
07-17 21:57:49.984: I/DEBUG(170):          76043a1c  00000006  
07-17 21:57:49.984: I/DEBUG(170):          76043a20  00000004  
07-17 21:57:49.984: I/DEBUG(170):          76043a24  00000048  
07-17 21:57:49.984: I/DEBUG(170):          76043a28  00000001  
07-17 21:57:49.984: I/DEBUG(170):          76043a2c  00000030  
07-17 21:57:49.984: I/DEBUG(170):          76043a30  74e1a5a4  /data/app-lib/com.kevinchoteau.splode-2/libgame.so
07-17 21:57:49.984: I/DEBUG(170):          76043a34  736fdc47  /system/lib/egl/libGLESv2_adreno200.so (core_glDrawElements+14)
07-17 21:57:49.984: I/DEBUG(170):          76043a38  75c3eb88  
07-17 21:57:49.984: I/DEBUG(170):          76043a3c  3c93faf4  
07-17 21:57:49.984: I/DEBUG(170):          76043a40  3c93faf4  
07-17 21:57:49.984: I/DEBUG(170):          76043a44  745c70c8  
07-17 21:57:49.984: I/DEBUG(170):          76043a48  75c425c0  
07-17 21:57:49.984: I/DEBUG(170):          76043a4c  74e17c2c  /data/app-lib/com.kevinchoteau.splode-2/libgame.so
07-17 21:57:49.984: I/DEBUG(170):          76043a50  74e1a57c  /data/app-lib/com.kevinchoteau.splode-2/libgame.so
07-17 21:57:49.984: I/DEBUG(170):          76043a54  00000048  
07-17 21:57:49.984: I/DEBUG(170):          ........  ........
07-17 21:57:49.984: I/DEBUG(170):     #01  76043a68  00000030  
07-17 21:57:49.984: I/DEBUG(170):          76043a6c  75c3efb0  
07-17 21:57:49.984: I/DEBUG(170):          76043a70  74e1a5b8  /data/app-lib/com.kevinchoteau.splode-2/libgame.so
07-17 21:57:49.984: I/DEBUG(170):          76043a74  74e1a5a8  /data/app-lib/com.kevinchoteau.splode-2/libgame.so
07-17 21:57:49.984: I/DEBUG(170):          76043a78  0f001c38  
07-17 21:57:49.984: I/DEBUG(170):          76043a7c  745c70c8  
07-17 21:57:49.984: I/DEBUG(170):          76043a80  74e1a57c  /data/app-lib/com.kevinchoteau.splode-2/libgame.so
07-17 21:57:49.984: I/DEBUG(170):          76043a84  74e11200  /data/app-lib/com.kevinchoteau.splode-2/libgame.so
07-17 21:57:49.984: I/DEBUG(170):          76043a88  78a9d858  
07-17 21:57:49.984: I/DEBUG(170):          76043a8c  78a9d858  
07-17 21:57:49.984: I/DEBUG(170):          76043a90  7592df38  
07-17 21:57:49.984: I/DEBUG(170):          76043a94  745d2a98  
07-17 21:57:49.984: I/DEBUG(170):          76043a98  76043c74  [stack:12874]
07-17 21:57:49.984: I/DEBUG(170):          76043a9c  74cc5093  /data/app-lib/com.kevinchoteau.splode-2/libgame.so (CRenderer::Draw()+258)
07-17 21:57:49.984: I/DEBUG(170):     #02  76043aa0  74e11208  /data/app-lib/com.kevinchoteau.splode-2/libgame.so
07-17 21:57:49.984: I/DEBUG(170):          76043aa4  49742400  /dev/ashmem/dalvik-heap (deleted)
07-17 21:57:49.984: I/DEBUG(170):          76043aa8  4d62c1f7  /dev/ashmem/dalvik-heap (deleted)
07-17 21:57:49.984: I/DEBUG(170):          76043aac  78a8f294  
07-17 21:57:49.984: I/DEBUG(170):          76043ab0  00000003  
07-17 21:57:49.984: I/DEBUG(170):          76043ab4  3c93faf4  
07-17 21:57:49.984: I/DEBUG(170):          76043ab8  3c93faf4  
07-17 21:57:49.984: I/DEBUG(170):          76043abc  78a8f290  
07-17 21:57:49.984: I/DEBUG(170):          76043ac0  00000000  
07-17 21:57:49.984: I/DEBUG(170):          76043ac4  78a8f290  
07-17 21:57:49.984: I/DEBUG(170):          76043ac8  00000000  
07-17 21:57:49.984: I/DEBUG(170):          76043acc  74ce676d  /data/app-lib/com.kevinchoteau.splode-2/libgame.so (CWorld::Update(float)+264)
07-17 21:57:49.984: I/DEBUG(170):          76043ad0  74e11208  /data/app-lib/com.kevinchoteau.splode-2/libgame.so
07-17 21:57:49.984: I/DEBUG(170):          76043ad4  49742400  /dev/ashmem/dalvik-heap (deleted)
07-17 21:57:49.984: I/DEBUG(170):          76043ad8  4d62c1f4  /dev/ashmem/dalvik-heap (deleted)
07-17 21:57:49.984: I/DEBUG(170):          76043adc  78a9d858  
07-17 21:57:49.984: I/DEBUG(170):          ........  ........
07-17 21:57:49.984: I/DEBUG(170): memory near r4:
07-17 21:57:49.984: I/DEBUG(170):     7454e450 00000000 00000000 00000000 00000013  
07-17 21:57:49.984: I/DEBUG(170):     7454e460 00000000 00000000 745c9bf0 00000043  
07-17 21:57:49.984: I/DEBUG(170):     7454e470 74e11360 62e78699 74e10b90 7454e530  
07-17 21:57:49.984: I/DEBUG(170):     7454e480 0000001b 0000001b 00000000 00000000  
07-17 21:57:49.984: I/DEBUG(170):     7454e490 74e11330 00000000 00000000 00000000  
07-17 21:57:49.984: I/DEBUG(170):     7454e4a0 00000000 00000000 00000000 00000013  
07-17 21:57:49.994: I/DEBUG(170):     7454e4b0 00000003 00000000 00000000 00000053  
07-17 21:57:49.994: I/DEBUG(170):     7454e4c0 00000048 00000000 74c3e218 74ad2908  
07-17 21:57:49.994: I/DEBUG(170):     7454e4d0 745ca018 7454e590 7454e4d8 7454e4d8  
07-17 21:57:49.994: I/DEBUG(170):     7454e4e0 7454e4e0 7454e4e0 74571dc8 00000000  
07-17 21:57:49.994: I/DEBUG(170):     7454e4f0 00000000 00000000 00000000 000003ee  
07-17 21:57:49.994: I/DEBUG(170):     7454e500 00000002 42c80000 00000050 00000023  
07-17 21:57:49.994: I/DEBUG(170):     7454e510 00000014 00000000 745c7900 74571db0  
07-17 21:57:49.994: I/DEBUG(170):     7454e520 74571dc8 5f4e4f4f 00000020 00000023  
07-17 21:57:49.994: I/DEBUG(170):     7454e530 54584554 5f455255 544e4f46 4d4f435f  
07-17 21:57:49.994: I/DEBUG(170):     7454e540 53474e49 5f4e4f4f 00465454 00000023  
07-17 21:57:49.994: I/DEBUG(170): memory near r5:
07-17 21:57:49.994: I/DEBUG(170):     74e17c0c 74e22e28 74e23144 74e23020 74e22f8c  
07-17 21:57:49.994: I/DEBUG(170):     74e17c1c 74e22dbc 74e22e90 74e12a18 74e12c10  
07-17 21:57:49.994: I/DEBUG(170):     74e17c2c 00000000 00000000 00000000 400eff61  
07-17 21:57:49.994: I/DEBUG(170):     74e17c3c 400f0055 400e8e94 405e65c0 405e617c  
07-17 21:57:49.994: I/DEBUG(170):     74e17c4c 405e6c60 405e6288 405e6978 405e61f4  
07-17 21:57:49.994: I/DEBUG(170):     74e17c5c 405e666c 405e6684 405e631c 405e626c  
07-17 21:57:49.994: I/DEBUG(170):     74e17c6c 405e6028 405e68a0 405e6624 405e663c  
07-17 21:57:49.994: I/DEBUG(170):     74e17c7c 405e62ec 405e6334 405e660c 405e6194  
07-17 21:57:49.994: I/DEBUG(170):     74e17c8c 405e6574 405e6748 405e6d80 405e6bd0  
07-17 21:57:49.994: I/DEBUG(170):     74e17c9c 405e6100 405e6514 405e60a0 405e6a68  
07-17 21:57:49.994: I/DEBUG(170):     74e17cac 405e6a20 405e6b10 405e6ae0 405e6d68  
07-17 21:57:49.994: I/DEBUG(170):     74e17cbc 405e6424 405e63dc 405e6c78 405e63f4  
07-17 21:57:49.994: I/DEBUG(170):     74e17ccc 405e640c 405e63ac 400e8d88 400d99b5  
07-17 21:57:49.994: I/DEBUG(170):     74e17cdc 400d99a1 400e883c 400ea1d4 400f1299  
07-17 21:57:49.994: I/DEBUG(170):     74e17cec 400f62c5 400f2ee9 400f305d 400efd93  
07-17 21:57:49.994: I/DEBUG(170):     74e17cfc 400dd6a5 400e7b50 71f66f31 71f66f03  
07-17 21:57:49.994: I/DEBUG(170): memory near r6:
07-17 21:57:49.994: I/DEBUG(170):     745c70a8 000000b0 0000018b 74e11c98 00000000  
07-17 21:57:49.994: I/DEBUG(170):     745c70b8 00000000 00000000 000004ac 00000300  
07-17 21:57:49.994: I/DEBUG(170):     745c70c8 00000000 00000000 745d0400 78a90c98  
07-17 21:57:49.994: I/DEBUG(170):     745c70d8 74e10be0 00000000 00000000 00000000  
07-17 21:57:49.994: I/DEBUG(170):     745c70e8 74e10be0 00000000 00000000 3f800000  
07-17 21:57:49.994: I/DEBUG(170):     745c70f8 74e11058 3b0382a8 00000000 00000000  
07-17 21:57:49.994: I/DEBUG(170):     745c7108 bf7694fb 00000000 bb4ccccd 00000000  
07-17 21:57:49.994: I/DEBUG(170):     745c7118 3f800000 00000000 00000000 3c23065e  
07-17 21:57:49.994: I/DEBUG(170):     745c7128 bf7d73e7 00000000 00000000 00000000  
07-17 21:57:49.994: I/DEBUG(170):     745c7138 3f800000 74e11058 43f92aaa 80000000  
07-17 21:57:49.994: I/DEBUG(170):     745c7148 80000000 43f00000 80000000 c3a00000  
07-17 21:57:49.994: I/DEBUG(170):     745c7158 80000000 43a00000 80000000 80000000  
07-17 21:57:49.994: I/DEBUG(170):     745c7168 42c90001 42c70001 80000000 80000000  
07-17 21:57:49.994: I/DEBUG(170):     745c7178 80000000 3f800000 74e11058 3b0382a8  
07-17 21:57:49.994: I/DEBUG(170):     745c7188 00000000 00000000 bf7694fb 00000000  
07-17 21:57:49.994: I/DEBUG(170):     745c7198 bb4ccccd 00000000 3f800000 00000000  
07-17 21:57:49.994: I/DEBUG(170): memory near fp:
07-17 21:57:49.994: I/DEBUG(170):     74e1a584 00000004 00000001 00000005 00000001  
07-17 21:57:49.994: I/DEBUG(170):     74e1a594 00000006 00000001 745c70c8 00000003  
07-17 21:57:49.994: I/DEBUG(170):     74e1a5a4 00000002 00000000 00000000 00000002  
07-17 21:57:49.994: I/DEBUG(170):     74e1a5b4 00000001 00000001 00000003 00000000  
07-17 21:57:49.994: I/DEBUG(170):     74e1a5c4 74e11378 74e10c60 00000004 00000003  
07-17 21:57:49.994: I/DEBUG(170):     74e1a5d4 74539178 745ca178 74e110e0 3f000000  
07-17 21:57:49.994: I/DEBUG(170):     74e1a5e4 3f000000 3f000000 3f800000 74e110e0  
07-17 21:57:49.994: I/DEBUG(170):     74e1a5f4 00000000 00000000 00000000 3f800000  
07-17 21:57:49.994: I/DEBUG(170):     74e1a604 74e110e0 3f800000 3f800000 3f800000  
07-17 21:57:49.994: I/DEBUG(170):     74e1a614 3f800000 74e110e0 3f800000 3f800000  
07-17 21:57:49.994: I/DEBUG(170):     74e1a624 00000000 3f800000 74e110e0 3f800000  
07-17 21:57:49.994: I/DEBUG(170):     74e1a634 00000000 3f800000 3f800000 74e110e0  
07-17 21:57:49.994: I/DEBUG(170):     74e1a644 00000000 3f800000 3f800000 3f800000  
07-17 21:57:49.994: I/DEBUG(170):     74e1a654 74e110e0 00000000 00000000 3f800000  
07-17 21:57:49.994: I/DEBUG(170):     74e1a664 3f800000 74e110e0 00000000 3f800000  
07-17 21:57:49.994: I/DEBUG(170):     74e1a674 00000000 3f800000 74e110e0 3f800000  
07-17 21:57:49.994: I/DEBUG(170): memory near ip:
07-17 21:57:49.994: I/DEBUG(170):     1fffffe0 ffffffff ffffffff ffffffff ffffffff  
07-17 21:57:49.994: I/DEBUG(170):     1ffffff0 ffffffff ffffffff ffffffff ffffffff  
07-17 21:57:49.994: I/DEBUG(170):     20000000 ffffffff ffffffff ffffffff ffffffff  
07-17 21:57:49.994: I/DEBUG(170):     20000010 ffffffff ffffffff ffffffff ffffffff  
07-17 21:57:49.994: I/DEBUG(170):     20000020 ffffffff ffffffff ffffffff ffffffff  
07-17 21:57:49.994: I/DEBUG(170):     20000030 ffffffff ffffffff ffffffff ffffffff  
07-17 21:57:49.994: I/DEBUG(170):     20000040 ffffffff ffffffff ffffffff ffffffff  
07-17 21:57:49.994: I/DEBUG(170):     20000050 ffffffff ffffffff ffffffff ffffffff  
07-17 21:57:49.994: I/DEBUG(170):     20000060 ffffffff ffffffff ffffffff ffffffff  
07-17 21:57:49.994: I/DEBUG(170):     20000070 ffffffff ffffffff ffffffff ffffffff  
07-17 21:57:49.994: I/DEBUG(170):     20000080 ffffffff ffffffff ffffffff ffffffff  
07-17 21:57:49.994: I/DEBUG(170):     20000090 ffffffff ffffffff ffffffff ffffffff  
07-17 21:57:49.994: I/DEBUG(170):     200000a0 ffffffff ffffffff ffffffff ffffffff  
07-17 21:57:49.994: I/DEBUG(170):     200000b0 ffffffff ffffffff ffffffff ffffffff  
07-17 21:57:49.994: I/DEBUG(170):     200000c0 ffffffff ffffffff ffffffff ffffffff  
07-17 21:57:49.994: I/DEBUG(170):     200000d0 ffffffff ffffffff ffffffff ffffffff  
07-17 21:57:49.994: I/DEBUG(170): memory near sp:
07-17 21:57:49.994: I/DEBUG(170):     760439f8 00000007 00000302 00000303 736ee0d3  
07-17 21:57:49.994: I/DEBUG(170):     76043a08 00000000 78a90c98 df0027ad 00000000  
07-17 21:57:49.994: I/DEBUG(170):     76043a18 3f800000 00000006 00000004 00000048  
07-17 21:57:49.994: I/DEBUG(170):     76043a28 00000001 00000030 74e1a5a4 736fdc47  
07-17 21:57:49.994: I/DEBUG(170):     76043a38 75c3eb88 3c93faf4 3c93faf4 745c70c8  
07-17 21:57:49.994: I/DEBUG(170):     76043a48 75c425c0 74e17c2c 74e1a57c 00000048  
07-17 21:57:49.994: I/DEBUG(170):     76043a58 00000001 00000030 74e1a5a4 74cc4eb7  
07-17 21:57:49.994: I/DEBUG(170):     76043a68 00000030 75c3efb0 74e1a5b8 74e1a5a8  
07-17 21:57:49.994: I/DEBUG(170):     76043a78 0f001c38 745c70c8 74e1a57c 74e11200  
07-17 21:57:49.994: I/DEBUG(170):     76043a88 78a9d858 78a9d858 7592df38 745d2a98  
07-17 21:57:49.994: I/DEBUG(170):     76043a98 76043c74 74cc5093 74e11208 49742400  
07-17 21:57:49.994: I/DEBUG(170):     76043aa8 4d62c1f7 78a8f294 00000003 3c93faf4  
07-17 21:57:49.994: I/DEBUG(170):     76043ab8 3c93faf4 78a8f290 00000000 78a8f290  
07-17 21:57:49.994: I/DEBUG(170):     76043ac8 00000000 74ce676d 74e11208 49742400  
07-17 21:57:49.994: I/DEBUG(170):     76043ad8 4d62c1f4 78a9d858 7592df38 3c93faf4  
07-17 21:57:49.994: I/DEBUG(170):     76043ae8 74e1aee4 745c47e0 00000003 74e11200  
07-17 21:57:49.994: I/DEBUG(170): code around pc:
07-17 21:57:49.994: I/DEBUG(170):     74cc466c f2408a08 21013002 3044f893 f240b90b  
07-17 21:57:49.994: I/DEBUG(170):     74cc467c f7f73103 68f3ea2a 2c006bdc 6b27d063  
07-17 21:57:49.994: I/DEBUG(170):     74cc468c edd36ae3 ee287a02 edd38a27 97077a03  
07-17 21:57:49.994: I/DEBUG(170):     74cc469c 8aa7ee68 2301b137 50e1f640 3034f884  
07-17 21:57:49.994: I/DEBUG(170):     74cc46ac e0534639 a9072001 ea14f7f7 50e1f640  
07-17 21:57:49.994: I/DEBUG(170):     74cc46bc 46b89907 ea14f7f7 50e1f640 0101f642  
07-17 21:57:49.994: I/DEBUG(170):     74cc46cc 6201f242 ea12f7f7 50e1f640 5120f44f  
07-17 21:57:49.994: I/DEBUG(170):     74cc46dc 6201f242 ea0af7f7 1908f641 1a07f641  
07-17 21:57:49.994: I/DEBUG(170):     74cc46ec 4b01f241 6ae3e018 684819d9 f8cd690a  
07-17 21:57:49.994: I/DEBUG(170):     74cc46fc 9000b00c bf142a03 4652464a 92022000  
07-17 21:57:49.994: I/DEBUG(170):     74cc470c f6409001 694950e1 46419104 f10859db  
07-17 21:57:49.994: I/DEBUG(170):     74cc471c f7f70801 3718e9f2 45986aa3 9b07dbe3  
07-17 21:57:49.994: I/DEBUG(170):     74cc472c 70a6f506 23016323 3034f884 1154f8d6  
07-17 21:57:49.994: I/DEBUG(170):     74cc473c f7ff18c9 f8d6ff59 f8d62154 3a013158  
07-17 21:57:49.994: I/DEBUG(170):     74cc474c 4022f843 f640e004 462150e1 e9c8f7f7  
07-17 21:57:49.994: I/DEBUG(170):     74cc475c ee184b16 ee181a10 58eb2a90 f7f76818  
07-17 21:57:49.994: I/DEBUG(170): code around lr:
07-17 21:57:49.994: I/DEBUG(170):     73721634 f10b3004 34040b01 45939a03 f505d1c6  
07-17 21:57:49.994: I/DEBUG(170):     73721644 f8cd5386 46289000 68dc4631 463b4642  
07-17 21:57:49.994: I/DEBUG(170):     73721654 b01547a0 8ff0e8bd 5386f500 4605b5f0  
07-17 21:57:49.994: I/DEBUG(170):     73721664 b0856918 2400b1e0 f8d52101 91006880  
07-17 21:57:49.994: I/DEBUG(170):     73721674 91014627 91039102 eb05e00a f8d00084  
07-17 21:57:49.994: I/DEBUG(170):     73721684 698817f0 fe6af003 f84db108 34017024  
07-17 21:57:49.994: I/DEBUG(170):     73721694 d1f242b4 5286f505 46694628 47986913  
07-17 21:57:49.994: I/DEBUG(170):     737216a4 bdf0b005 f500b508 695a5386 bd084790  
07-17 21:57:49.994: I/DEBUG(170):     737216b4 f500b508 699a5386 bd084790 f500b508  
07-17 21:57:49.994: I/DEBUG(170):     737216c4 69da5386 bd084790 f500b510 68245487  
07-17 21:57:49.994: I/DEBUG(170):     737216d4 47a0b104 edd1bd10 f5007a00 f600630e  
07-17 21:57:49.994: I/DEBUG(170):     737216e4 edc302e4 f6007a00 ed9103e8 f6000a01  
07-17 21:57:49.994: I/DEBUG(170):     737216f4 ed8200ec edd10a00 edc30a02 ed910a00  
07-17 21:57:49.994: I/DEBUG(170):     73721704 ed801a03 47701a00 600ff500 47706001  
07-17 21:57:49.994: I/DEBUG(170):     73721714 18f4f8c0 b5374770 5487f500 5018f89d  
07-17 21:57:49.994: I/DEBUG(170):     73721724 18f8f880 28f9f880 38faf880 58fbf880  
07-17 21:57:50.144: I/BootReceiver(533): Copying /data/tombstones/tombstone_05 to DropBox (SYSTEM_TOMBSTONE)
07-17 21:57:50.144: W/ActivityManager(533):   Force finishing activity com.kevinchoteau.splode/.SOBActivity
07-17 21:57:50.224: I/ActivityManager(533): Process com.kevinchoteau.splode (pid 12740) has died.
07-17 21:57:50.234: W/ContextImpl(533): Calling a method in the system process without a qualified user: android.app.ContextImpl.bindService:1439 com.android.server.MountService$ObbActionHandler.connectToService:2344 com.android.server.MountService$ObbActionHandler.handleMessage:2223 android.os.Handler.dispatchMessage:99 android.os.Looper.loop:137 
07-17 21:57:50.234: I/WindowState(533): WIN DEATH: Window{4265db40 u0 com.kevinchoteau.splode/com.kevinchoteau.splode.SOBActivity}
07-17 21:57:50.234: I/WindowState(533): WIN DEATH: Window{42710768 u0 SurfaceView}
07-17 21:57:50.254: I/InputReader(533): Reconfiguring input devices.  changes=0x00000004
07-17 21:57:50.254: I/InputReader(533): Device reconfigured: id=6, name='touch_dev', size 768x1280, orientation 0, mode 1, display id 0
07-17 21:57:50.254: I/ActivityManager(533): Config changes=1480 {1.0 208mcc1mnc fr_FR ldltr sw384dp w384dp h567dp 320dpi nrml port finger -keyb/v/h -nav/h s.245}
07-17 21:57:50.294: D/Zygote(173): Process 12740 terminated by signal (11)
07-17 21:57:50.354: D/PhoneStatusBar(716): mSettingsPanelGravity = 55
07-17 21:57:50.354: I/WindowManager(533): Screen frozen for +119ms due to Window{42bff060 u0 NavigationBar}
07-17 21:57:50.444: W/MountService(533): MountServiceListener went away while calling onObbStateChanged
07-17 21:57:52.576: D/dalvikvm(533): GC_EXPLICIT freed 2177K, 37% free 26203K/41492K, paused 15ms+9ms, total 214ms
07-17 21:57:53.227: D/audio_hw_primary(175): out_standby: enter: usecase(1: low-latency-playback)
07-17 21:57:53.267: D/audio_hw_primary(175): stop_output_stream: enter: usecase(1: low-latency-playback)
07-17 21:57:53.267: D/audio_hw_primary(175): disable_audio_route: reset mixer path: low-latency-playback
07-17 21:57:53.267: D/audio_hw_primary(175): disable_snd_device: snd_device(2: speaker)
07-17 21:57:53.277: D/audio_hw_primary(175): stop_output_stream: exit: status(0)
07-17 21:57:53.277: D/audio_hw_primary(175): out_standby: exit
07-17 21:57:59.324: E/NotificationService(533): Not posting notification with icon==0: Notification(pri=2 contentView=null vibrate=null sound=null defaults=0x0 flags=0x91 kind=[null])
07-17 21:57:59.324: E/NotificationService(533): WARNING: In a future release this will crash the app: com.koo.lightmanager
07-17 21:57:59.334: W/Settings(1095): Setting airplane_mode_on has moved from android.provider.Settings.System to android.provider.Settings.Global, returning read-only value.
07-17 21:57:59.364: W/Settings(1095): Setting bluetooth_on has moved from android.provider.Settings.System to android.provider.Settings.Global, returning read-only value.
07-17 21:57:59.364: E/NotificationService(533): Not posting notification with icon==0: Notification(pri=2 contentView=null vibrate=null sound=null defaults=0x0 flags=0x91 kind=[null])
07-17 21:57:59.364: E/NotificationService(533): WARNING: In a future release this will crash the app: com.koo.lightmanager
07-17 21:58:09.314: E/NotificationService(533): Not posting notification with icon==0: Notification(pri=2 contentView=null vibrate=null sound=null defaults=0x0 flags=0x91 kind=[null])
07-17 21:58:09.314: E/NotificationService(533): WARNING: In a future release this will crash the app: com.koo.lightmanager
07-17 21:58:09.324: W/Settings(1095): Setting airplane_mode_on has moved from android.provider.Settings.System to android.provider.Settings.Global, returning read-only value.
07-17 21:58:09.334: W/Settings(1095): Setting bluetooth_on has moved from android.provider.Settings.System to android.provider.Settings.Global, returning read-only value.
07-17 21:58:09.344: E/NotificationService(533): Not posting notification with icon==0: Notification(pri=2 contentView=null vibrate=null sound=null defaults=0x0 flags=0x91 kind=[null])
07-17 21:58:09.344: E/NotificationService(533): WARNING: In a future release this will crash the app: com.koo.lightmanager
07-17 21:58:13.168: D/AndroidRuntime(12941): >>>>>> AndroidRuntime START com.android.internal.os.RuntimeInit <<<<<<
07-17 21:58:13.168: D/AndroidRuntime(12941): CheckJNI is OFF
07-17 21:58:13.198: D/dalvikvm(12941): Trying to load lib libjavacore.so 0x0
07-17 21:58:13.208: D/dalvikvm(12941): Added shared lib libjavacore.so 0x0
07-17 21:58:13.238: D/dalvikvm(12941): Trying to load lib libnativehelper.so 0x0
07-17 21:58:13.238: D/dalvikvm(12941): Added shared lib libnativehelper.so 0x0
07-17 21:58:13.409: D/AndroidRuntime(12941): Calling main entry com.android.commands.pm.Pm
07-17 21:58:13.429: D/Finsky(4855): [1] PackageVerificationReceiver.onReceive: Verification requested, id = 89
07-17 21:58:13.429: W/ActivityManager(533): No content provider found for permission revoke: file:///data/local/tmp/SOBActivity.apk
07-17 21:58:13.439: D/Finsky(4855): [1] WorkerTask.onPreExecute: Verification Requested for id = 89, data=file:///data/local/tmp/SOBActivity.apk flags=114 fromVerificationActivity=false
07-17 21:58:13.529: D/dalvikvm(4855): GC_FOR_ALLOC freed 1142K, 12% free 13149K/14868K, paused 33ms, total 33ms
07-17 21:58:13.979: D/dalvikvm(4855): GC_FOR_ALLOC freed 795K, 12% free 13173K/14868K, paused 32ms, total 32ms
07-17 21:58:14.260: I/qtaguid(4855): Failed write_ctrl(u 65) res=-1 errno=22
07-17 21:58:14.260: I/qtaguid(4855): Untagging socket 65 failed errno=-22
07-17 21:58:14.260: W/NetworkManagementSocketTagger(4855): untagSocket(65) failed with errno -22
07-17 21:58:14.270: D/Finsky(4855): [1] 2.onResponse: Verification id=89 response=0
07-17 21:58:14.310: D/Finsky(4855): [1] PackageVerificationReceiver.onReceive: Verification requested, id = 89
07-17 21:58:14.410: W/ActivityManager(533): No content provider found for permission revoke: file:///data/local/tmp/SOBActivity.apk
07-17 21:58:14.410: I/PackageManager(533): Copying native libraries to /data/app-lib/vmdl-32666314
07-17 21:58:14.900: I/ActivityManager(533): Force stopping package com.kevinchoteau.splode appid=10091 user=-1
07-17 21:58:15.000: I/PackageManager(533): Package com.kevinchoteau.splode codePath changed from /data/app/com.kevinchoteau.splode-2.apk to /data/app/com.kevinchoteau.splode-1.apk; Retaining data and using new
07-17 21:58:15.140: I/PackageManager(533): Running dexopt on: com.kevinchoteau.splode
07-17 21:58:15.531: D/dalvikvm(12964): Note: class Lcom/google/android/gms/games/internal/IGamesService$Stub; has 186 unimplemented (abstract) methods
07-17 21:58:16.692: D/dalvikvm(12964): DexOpt: load 173ms, verify+opt 1117ms, 3117420 bytes
07-17 21:58:17.233: I/ActivityManager(533): Force stopping package com.kevinchoteau.splode appid=10091 user=-1
07-17 21:58:17.233: W/PackageManager(533): Code path for pkg : com.kevinchoteau.splode changing from /data/app/com.kevinchoteau.splode-2.apk to /data/app/com.kevinchoteau.splode-1.apk
07-17 21:58:17.233: W/PackageManager(533): Resource path for pkg : com.kevinchoteau.splode changing from /data/app/com.kevinchoteau.splode-2.apk to /data/app/com.kevinchoteau.splode-1.apk
07-17 21:58:17.403: I/ActivityManager(533): Force stopping package com.kevinchoteau.splode appid=10091 user=0
07-17 21:58:17.453: I/ActivityManager(533): Start proc com.android.keychain for broadcast com.android.keychain/.KeyChainBroadcastReceiver: pid=12979 uid=1000 gids={41000, 1015, 1028, 3002, 3001, 3003, 3007}
07-17 21:58:17.503: I/InputReader(533): Reconfiguring input devices.  changes=0x00000010
07-17 21:58:17.533: I/InputReader(533): Reconfiguring input devices.  changes=0x00000010
07-17 21:58:17.553: W/ContextImpl(12979): Calling a method in the system process without a qualified user: android.app.ContextImpl.startService:1385 android.content.ContextWrapper.startService:473 android.content.ContextWrapper.startService:473 com.android.keychain.KeyChainBroadcastReceiver.onReceive:12 android.app.ActivityThread.handleReceiver:2424 
07-17 21:58:17.613: I/ActivityManager(533): No longer want jp.co.omronsoft.iwnnime.ml (pid 11650): empty #17
07-17 21:58:17.643: D/BackupManagerService(533): Received broadcast Intent { act=android.intent.action.PACKAGE_REMOVED dat=package:com.kevinchoteau.splode flg=0x8000010 (has extras) }
07-17 21:58:17.653: D/BackupManagerService(533): Received broadcast Intent { act=android.intent.action.PACKAGE_ADDED dat=package:com.kevinchoteau.splode flg=0x8000010 (has extras) }
07-17 21:58:17.653: V/BackupManagerService(533): removePackageParticipantsLocked: uid=10091 #1
07-17 21:58:17.653: V/BackupManagerService(533): addPackageParticipantsLocked: #1
07-17 21:58:17.703: D/dalvikvm(533): GC_EXPLICIT freed 2872K, 36% free 26618K/41492K, paused 4ms+13ms, total 134ms
07-17 21:58:17.713: D/android.widget.GridLayout(894): horizontal constraints: x1-x0>=350, x2-x1>=390, x2-x0<=736 are inconsistent; permanently removing: x2-x0<=736. 
07-17 21:58:17.723: D/android.widget.GridLayout(894): horizontal constraints: x1-x0>=350, x2-x1>=390, x2-x0<=736 are inconsistent; permanently removing: x2-x0<=736. 
07-17 21:58:17.733: D/AndroidRuntime(12941): Shutting down VM
07-17 21:58:17.733: D/jdwp(12941): Got wake-up signal, bailing out of select
07-17 21:58:17.733: D/dalvikvm(12941): Debugger has detached; object registry had 1 entries
07-17 21:58:17.773: I/ActivityManager(533): Start proc jp.co.omronsoft.iwnnime.ml for broadcast jp.co.omronsoft.iwnnime.ml/.UninstallReceiver: pid=13001 uid=10067 gids={50067, 1028}
07-17 21:58:17.783: E/AppsCustomizePagedView(894): Widget ComponentInfo{com.devhd.feedly/com.devhd.feedly.widget.FeedlyWidgetProvider_4_1} has invalid dimensions (0, 0)
07-17 21:58:17.803: I/ActivityManager(533): No longer want com.google.android.gms.drive (pid 7468): empty #17
07-17 21:58:17.813: D/PackageBroadcastService(1077): Received broadcast action=android.intent.action.PACKAGE_REMOVED and uri=com.kevinchoteau.splode
07-17 21:58:17.813: W/BroadcastQueue(533): Exception when sending broadcast to ComponentInfo{com.google.android.gms/com.google.android.gms.drive.api.DriveSystemBroadcastReceiver}
07-17 21:58:17.813: W/BroadcastQueue(533): android.os.DeadObjectException
07-17 21:58:17.813: W/BroadcastQueue(533): 	at android.os.BinderProxy.transact(Native Method)
07-17 21:58:17.813: W/BroadcastQueue(533): 	at android.app.ApplicationThreadProxy.scheduleReceiver(ApplicationThreadNative.java:786)
07-17 21:58:17.813: W/BroadcastQueue(533): 	at com.android.server.am.BroadcastQueue.processCurBroadcastLocked(BroadcastQueue.java:231)
07-17 21:58:17.813: W/BroadcastQueue(533): 	at com.android.server.am.BroadcastQueue.processNextBroadcast(BroadcastQueue.java:799)
07-17 21:58:17.813: W/BroadcastQueue(533): 	at com.android.server.am.ActivityManagerService.finishReceiver(ActivityManagerService.java:12390)
07-17 21:58:17.813: W/BroadcastQueue(533): 	at android.app.ActivityManagerNative.onTransact(ActivityManagerNative.java:379)
07-17 21:58:17.813: W/BroadcastQueue(533): 	at com.android.server.am.ActivityManagerService.onTransact(ActivityManagerService.java:1737)
07-17 21:58:17.813: W/BroadcastQueue(533): 	at android.os.Binder.execTransact(Binder.java:388)
07-17 21:58:17.813: W/BroadcastQueue(533): 	at dalvik.system.NativeStart.run(Native Method)
07-17 21:58:17.813: W/ActivityManager(533): Scheduling restart of crashed service com.google.android.gms/.drive.api.ApiService in 5000ms
07-17 21:58:17.833: I/ActivityManager(533): Start proc com.google.android.gms.drive for broadcast com.google.android.gms/.drive.api.DriveSystemBroadcastReceiver: pid=13015 uid=10023 gids={50023, 3003, 1007, 1028, 1015, 1006, 3002, 3001, 2001, 3006}
07-17 21:58:17.833: I/ActivityManager(533): Process com.google.android.gms.drive (pid 7468) has died and restarted (pid 13015).
07-17 21:58:17.863: I/MultiDex(13015): install
07-17 21:58:17.863: I/MultiDex(13015): MultiDexExtractor.load(/data/app/com.google.android.gms-1.apk, false)
07-17 21:58:17.863: I/MultiDex(13015): loading existing secondary dex files
07-17 21:58:17.873: I/MultiDex(13015): load found 1 secondary dex files
07-17 21:58:17.873: I/MultiDex(13015): install done
07-17 21:58:17.883: I/ProviderInstaller(13015): Insert disabled by gate 'gms:security:enable_conscrypt_in_gms_application'
07-17 21:58:17.913: D/HumbleBundle.PackageReceiver(6198): Intent received for UID 10091: Intent { act=android.intent.action.PACKAGE_REMOVED dat=package:com.kevinchoteau.splode flg=0x8000010 cmp=com.humblebundle.library/.PackageReceiver (has extras) }
07-17 21:58:17.973: D/PackageBroadcastService(1077): Received broadcast action=android.intent.action.PACKAGE_ADDED and uri=com.kevinchoteau.splode
07-17 21:58:17.984: I/PeopleContactsSync(1077): CP2 sync disabled
07-17 21:58:18.034: D/android.widget.GridLayout(894): horizontal constraints: x1-x0>=350, x2-x1>=390, x2-x0<=736 are inconsistent; permanently removing: x2-x0<=736. 
07-17 21:58:18.054: D/android.widget.GridLayout(894): horizontal constraints: x1-x0>=350, x2-x1>=390, x2-x0<=736 are inconsistent; permanently removing: x2-x0<=736. 
07-17 21:58:18.054: D/dalvikvm(13015): GC_CONCURRENT freed 279K, 4% free 9094K/9408K, paused 2ms+3ms, total 21ms
07-17 21:58:18.064: I/IcingCorporaProvider(2651): Updating corpora: APPS=com.kevinchoteau.splode, CONTACTS=MAYBE
07-17 21:58:18.084: D/HumbleBundle.PackageReceiver(6198): Intent received for UID 10091: Intent { act=android.intent.action.PACKAGE_ADDED dat=package:com.kevinchoteau.splode flg=0x8000010 cmp=com.humblebundle.library/.PackageReceiver (has extras) }
07-17 21:58:18.104: I/IcingCorporaProvider(2651): UpdateCorporaTask done [took 37 ms] updated apps [took 37 ms] 
07-17 21:58:18.134: D/PackageBroadcastService(1077): Received broadcast action=android.intent.action.PACKAGE_REPLACED and uri=com.kevinchoteau.splode
07-17 21:58:18.144: I/PeopleContactsSync(1077): CP2 sync disabled
07-17 21:58:18.154: D/HumbleBundle.PackageReceiver(6198): Intent received for UID 10091: Intent { act=android.intent.action.PACKAGE_REPLACED dat=package:com.kevinchoteau.splode flg=0x8000010 cmp=com.humblebundle.library/.PackageReceiver (has extras) }
07-17 21:58:18.154: D/OnUpgradeReceiver(12692): Action: android.intent.action.PACKAGE_REPLACED
07-17 21:58:18.154: D/OnUpgradeReceiver(12692): OnUpgradeReceiver = com.kevinchoteau.splode
07-17 21:58:18.174: D/GCM(945): GcmService start Intent { act=com.google.android.gms.INITIALIZE flg=0x10 pkg=com.google.android.gms cmp=com.google.android.gms/.gcm.GcmService } com.google.android.gms.INITIALIZE
07-17 21:58:18.174: D/dalvikvm(12726): GC_CONCURRENT freed 398K, 6% free 9525K/10052K, paused 1ms+2ms, total 17ms
07-17 21:58:18.244: D/AndroidRuntime(13042): >>>>>> AndroidRuntime START com.android.internal.os.RuntimeInit <<<<<<
07-17 21:58:18.244: D/AndroidRuntime(13042): CheckJNI is OFF
07-17 21:58:18.254: D/dalvikvm(13042): Trying to load lib libjavacore.so 0x0
07-17 21:58:18.264: D/dalvikvm(13042): Added shared lib libjavacore.so 0x0
07-17 21:58:18.264: D/dalvikvm(13042): Trying to load lib libnativehelper.so 0x0
07-17 21:58:18.264: D/dalvikvm(13042): Added shared lib libnativehelper.so 0x0
07-17 21:58:18.394: D/AndroidRuntime(13042): Calling main entry com.android.commands.am.Am
07-17 21:58:18.394: D/dalvikvm(13042): Note: class Landroid/app/ActivityManagerNative; has 163 unimplemented (abstract) methods
07-17 21:58:18.404: I/ActivityManager(533): Force stopping package com.kevinchoteau.splode appid=10091 user=-1
07-17 21:58:18.404: I/ActivityManager(533): START u0 {act=android.intent.action.MAIN cat=[android.intent.category.LAUNCHER] flg=0x10000000 cmp=com.kevinchoteau.splode/.SOBActivity} from pid 13042
07-17 21:58:18.424: D/AndroidRuntime(13042): Shutting down VM
07-17 21:58:18.424: D/jdwp(13042): Got wake-up signal, bailing out of select
07-17 21:58:18.424: D/dalvikvm(13042): Debugger has detached; object registry had 1 entries
07-17 21:58:18.454: D/dalvikvm(13066): Late-enabling CheckJNI
07-17 21:58:18.454: I/ActivityManager(533): Start proc com.kevinchoteau.splode for activity com.kevinchoteau.splode/.SOBActivity: pid=13066 uid=10091 gids={50091, 3003, 1015, 1028}
07-17 21:58:18.544: I/InputReader(533): Reconfiguring input devices.  changes=0x00000004
07-17 21:58:18.544: I/InputReader(533): Device reconfigured: id=6, name='touch_dev', size 768x1280, orientation 1, mode 1, display id 0
07-17 21:58:18.544: I/ActivityManager(533): Config changes=1480 {1.0 208mcc1mnc fr_FR ldltr sw384dp w598dp h359dp 320dpi nrml land finger -keyb/v/h -nav/h s.246}
07-17 21:58:18.584: W/WindowManager(533): Rebuild removed 5 windows but added 3
07-17 21:58:18.584: W/WindowManager(533): This window was lost: Window{42710768 u0 SurfaceView EXITING}
07-17 21:58:18.584: W/WindowManager(533): mDisplayId=0 mSession=Session{42f25ec0 12740:u0a10091} mClient=android.os.BinderProxy@42825858
07-17 21:58:18.584: W/WindowManager(533): mOwnerUid=10091 mShowToOwnerOnly=true package=null appop=NONE
07-17 21:58:18.584: W/WindowManager(533): mAttrs=WM.LayoutParams{(0,0)(1196x768) gr=#800033 ty=1001 fl=#4218 pfl=0x40 fmt=4}
07-17 21:58:18.584: W/WindowManager(533): Requested w=1196 h=768 mLayoutSeq=18823
07-17 21:58:18.584: W/WindowManager(533): mAttachedWindow=Window{4265db40 u0 com.kevinchoteau.splode/com.kevinchoteau.splode.SOBActivity EXITING} mLayoutAttached=true
07-17 21:58:18.584: W/WindowManager(533): mBaseLayer=21000 mSubLayer=-2 mAnimLayer=21000+0=21000 mLastLayer=21015
07-17 21:58:18.584: W/WindowManager(533): mToken=WindowToken{42c24a60 android.os.BinderProxy@42be2488}
07-17 21:58:18.584: W/WindowManager(533): mRootToken=AppWindowToken{43657598 token=Token{42bdd0d8 ActivityRecord{4203c6f8 u0 com.kevinchoteau.splode/.SOBActivity}}}
07-17 21:58:18.584: W/WindowManager(533): mAppToken=AppWindowToken{43657598 token=Token{42bdd0d8 ActivityRecord{4203c6f8 u0 com.kevinchoteau.splode/.SOBActivity}}}
07-17 21:58:18.584: W/WindowManager(533): mViewVisibility=0x0 mHaveFrame=true mObscured=true
07-17 21:58:18.584: W/WindowManager(533): mSeq=0 mSystemUiVisibility=0x0
07-17 21:58:18.584: W/WindowManager(533): mGivenContentInsets=[0,0][0,0] mGivenVisibleInsets=[0,0][0,0]
07-17 21:58:18.584: W/WindowManager(533): mConfiguration={1.0 208mcc1mnc fr_FR ldltr sw384dp w598dp h359dp 320dpi nrml land finger -keyb/v/h -nav/h s.244}
07-17 21:58:18.584: W/WindowManager(533): mHasSurface=true mShownFrame=[0.0,0.0][1196.0,768.0] isReadyForDisplay()=false
07-17 21:58:18.584: W/WindowManager(533): mFrame=[0,0][1196,768] last=[0,0][1196,768]
07-17 21:58:18.584: W/WindowManager(533): mSystemDecorRect=[0,0][1196,768] last=[0,0][1196,768]
07-17 21:58:18.584: W/WindowManager(533): Frames: containing=[0,0][1196,768] parent=[0,0][1196,768]
07-17 21:58:18.584: W/WindowManager(533):     display=[-10000,-10000][10000,10000] overscan=[-10000,-10000][10000,10000]
07-17 21:58:18.584: W/WindowManager(533):     content=[0,0][1196,768] visible=[0,0][1196,768]
07-17 21:58:18.584: W/WindowManager(533): Cur insets: overscan=[0,0][0,0] content=[0,0][0,0] visible=[0,0][0,0]
07-17 21:58:18.584: W/WindowManager(533): Lst insets: overscan=[0,0][0,0] content=[0,0][0,0] visible=[0,0][0,0]
07-17 21:58:18.584: W/WindowManager(533): WindowStateAnimator{43061240 SurfaceView}:
07-17 21:58:18.584: W/WindowManager(533):   mSurface=Surface(name=SurfaceView)
07-17 21:58:18.584: W/WindowManager(533):   mDrawState=HAS_DRAWN mLastHidden=true
07-17 21:58:18.584: W/WindowManager(533):   Surface: shown=false layer=21015 alpha=1.0 rect=(0.0,0.0) 1196.0 x 768.0
07-17 21:58:18.584: W/WindowManager(533): mExiting=true mRemoveOnExit=true mDestroying=false mRemoved=false
07-17 21:58:18.584: W/WindowManager(533): mOrientationChanging=true mAppFreezing=false mTurnOnScreen=false
07-17 21:58:18.594: W/WindowManager(533): This window was lost: Window{4265db40 u0 com.kevinchoteau.splode/com.kevinchoteau.splode.SOBActivity EXITING}
07-17 21:58:18.594: W/WindowManager(533): mDisplayId=0 mSession=Session{42f25ec0 12740:u0a10091} mClient=android.os.BinderProxy@42be2488
07-17 21:58:18.594: W/WindowManager(533): mOwnerUid=10091 mShowToOwnerOnly=true package=com.kevinchoteau.splode appop=NONE
07-17 21:58:18.594: W/WindowManager(533): mAttrs=WM.LayoutParams{(0,0)(fillxfill) sim=#20 ty=1 fl=#1810500 pfl=0x8 fmt=-3 wanim=0x1030001}
07-17 21:58:18.594: W/WindowManager(533): Requested w=1196 h=768 mLayoutSeq=18823
07-17 21:58:18.594: W/WindowManager(533): mBaseLayer=21000 mSubLayer=0 mAnimLayer=21005+0=21005 mLastLayer=21020
07-17 21:58:18.594: W/WindowManager(533): mToken=AppWindowToken{43657598 token=Token{42bdd0d8 ActivityRecord{4203c6f8 u0 com.kevinchoteau.splode/.SOBActivity}}}
07-17 21:58:18.594: W/WindowManager(533): mRootToken=AppWindowToken{43657598 token=Token{42bdd0d8 ActivityRecord{4203c6f8 u0 com.kevinchoteau.splode/.SOBActivity}}}
07-17 21:58:18.594: W/WindowManager(533): mAppToken=AppWindowToken{43657598 token=Token{42bdd0d8 ActivityRecord{4203c6f8 u0 com.kevinchoteau.splode/.SOBActivity}}}
07-17 21:58:18.594: W/WindowManager(533): mViewVisibility=0x0 mHaveFrame=true mObscured=true
07-17 21:58:18.594: W/WindowManager(533): mSeq=0 mSystemUiVisibility=0x0
07-17 21:58:18.594: W/WindowManager(533): mGivenContentInsets=[0,0][0,0] mGivenVisibleInsets=[0,0][0,0]
07-17 21:58:18.594: W/WindowManager(533): mConfiguration={1.0 208mcc1mnc fr_FR ldltr sw384dp w598dp h359dp 320dpi nrml land finger -keyb/v/h -nav/h s.244}
07-17 21:58:18.594: W/WindowManager(533): mHasSurface=true mShownFrame=[0.0,0.0][1196.0,768.0] isReadyForDisplay()=false
07-17 21:58:18.594: W/WindowManager(533): mFrame=[0,0][1196,768] last=[0,0][1196,768]
07-17 21:58:18.594: W/WindowManager(533): mSystemDecorRect=[0,50][1196,768] last=[0,50][1196,768]
07-17 21:58:18.594: W/WindowManager(533): Frames: containing=[0,0][1196,768] parent=[0,0][1196,768]
07-17 21:58:18.594: W/WindowManager(533):     display=[0,0][1196,768] overscan=[0,0][1280,768]
07-17 21:58:18.594: W/WindowManager(533):     content=[0,0][1196,768] visible=[0,0][1196,768]
07-17 21:58:18.594: W/WindowManager(533): Cur insets: overscan=[0,0][0,0] content=[0,0][0,0] visible=[0,0][0,0]
07-17 21:58:18.594: W/WindowManager(533): Lst insets: overscan=[0,0][0,0] content=[0,0][0,0] visible=[0,0][0,0]
07-17 21:58:18.594: W/WindowManager(533): WindowStateAnimator{4389ef18 com.kevinchoteau.splode/com.kevinchoteau.splode.SOBActivity}:
07-17 21:58:18.594: W/WindowManager(533):   mSurface=Surface(name=com.kevinchoteau.splode/com.kevinchoteau.splode.SOBActivity)
07-17 21:58:18.594: W/WindowManager(533):   mDrawState=HAS_DRAWN mLastHidden=true
07-17 21:58:18.594: W/WindowManager(533):   Surface: shown=false layer=21020 alpha=1.0 rect=(0.0,0.0) 1196.0 x 768.0
07-17 21:58:18.594: W/WindowManager(533): mExiting=true mRemoveOnExit=true mDestroying=false mRemoved=false
07-17 21:58:18.594: W/WindowManager(533): mOrientationChanging=true mAppFreezing=false mTurnOnScreen=false
07-17 21:58:18.604: W/WindowManager(533): Current app token list:
07-17 21:58:18.604: V/WindowManager(533):   #8: Token{4285dae8 ActivityRecord{42027470 u0 com.kevinchoteau.splode/.SOBActivity}}
07-17 21:58:18.604: V/WindowManager(533):   #7: Token{4276e728 ActivityRecord{42758488 u0 com.android.launcher/com.android.launcher2.Launcher}}
07-17 21:58:18.604: V/WindowManager(533):   #6: Token{42bb6070 ActivityRecord{427d1d58 u0 com.android.settings/.Settings$DataUsageSummaryActivity}}
07-17 21:58:18.604: V/WindowManager(533):   #5: Token{429c18e0 ActivityRecord{4205ad08 u0 com.android.settings/.Settings$PowerUsageSummaryActivity}}
07-17 21:58:18.604: V/WindowManager(533):   #4: Token{42cf9950 ActivityRecord{42059648 u0 com.qo.android.sp.oem/com.qo.android.am.pdflib.app.RenderScreen}}
07-17 21:58:18.604: V/WindowManager(533):   #3: Token{42a32940 ActivityRecord{42051258 u0 com.qo.android.sp.oem/com.qo.android.quickoffice.QuickofficeDispatcher}}
07-17 21:58:18.604: V/WindowManager(533):   #2: Token{422f47c0 ActivityRecord{42034d48 u0 com.qo.android.sp.oem/com.qo.android.am.pdflib.app.RenderScreen}}
07-17 21:58:18.604: V/WindowManager(533):   #1: Token{42970b00 ActivityRecord{420099f8 u0 com.qo.android.sp.oem/com.qo.android.quickoffice.QuickofficeDispatcher}}
07-17 21:58:18.604: V/WindowManager(533):   #0: Token{429d5cc8 ActivityRecord{42024af0 u0 com.android.phone/.InCallScreen}}
07-17 21:58:18.604: W/WindowManager(533): Final window list:
07-17 21:58:18.604: V/WindowManager(533):   #0: Window{427c9c38 u0 SearchPanel}
07-17 21:58:18.604: V/WindowManager(533):   #1: Window{42bff060 u0 NavigationBar}
07-17 21:58:18.604: V/WindowManager(533):   #2: Window{425400e0 u0 StatusBar}
07-17 21:58:18.604: V/WindowManager(533):   #3: Window{426b44f0 u0 Keyguard}
07-17 21:58:18.604: V/WindowManager(533):   #4: Window{4200a768 u0 InputMethod}
07-17 21:58:18.604: V/WindowManager(533):   #5: Window{427aa3a8 u0 Application Error: com.kevinchoteau.splode}
07-17 21:58:18.604: V/WindowManager(533):   #6: Window{42863a70 u0 Starting com.kevinchoteau.splode}
07-17 21:58:18.604: V/WindowManager(533):   #7: Window{43090188 u0 com.android.launcher/com.android.launcher2.Launcher}
07-17 21:58:18.604: V/WindowManager(533):   #8: Window{4205d010 u0 com.android.phone/com.android.phone.InCallScreen}
07-17 21:58:18.604: V/WindowManager(533):   #9: Window{426f6b50 u0 com.android.wallpaper.nexus.NexusWallpaper}
07-17 21:58:18.644: W/ActivityThread(13066): Application com.kevinchoteau.splode is waiting for the debugger on port 8100...
07-17 21:58:18.654: I/System.out(13066): Sending WAIT chunk
07-17 21:58:18.664: I/dalvikvm(13066): Debugger is active
07-17 21:58:18.674: D/PhoneStatusBar(716): mSettingsPanelGravity = 55
07-17 21:58:18.694: D/dalvikvm(8631): GC_CONCURRENT freed 452K, 6% free 10069K/10700K, paused 2ms+2ms, total 25ms
07-17 21:58:18.714: W/PhoneStatusBar/NavigationBarView(716): *** Invalid layout in navigation bar (sizeChanged this=84x768 cur=768x96)
07-17 21:58:18.854: I/System.out(13066): Debugger has connected
07-17 21:58:18.854: I/System.out(13066): waiting for debugger to settle...
07-17 21:58:19.055: I/System.out(13066): waiting for debugger to settle...
07-17 21:58:19.255: I/System.out(13066): waiting for debugger to settle...
07-17 21:58:19.315: E/NotificationService(533): Not posting notification with icon==0: Notification(pri=2 contentView=null vibrate=null sound=null defaults=0x0 flags=0x91 kind=[null])
07-17 21:58:19.315: E/NotificationService(533): WARNING: In a future release this will crash the app: com.koo.lightmanager
07-17 21:58:19.325: W/Settings(1095): Setting airplane_mode_on has moved from android.provider.Settings.System to android.provider.Settings.Global, returning read-only value.
07-17 21:58:19.335: W/Settings(1095): Setting bluetooth_on has moved from android.provider.Settings.System to android.provider.Settings.Global, returning read-only value.
07-17 21:58:19.345: E/NotificationService(533): Not posting notification with icon==0: Notification(pri=2 contentView=null vibrate=null sound=null defaults=0x0 flags=0x91 kind=[null])
07-17 21:58:19.345: E/NotificationService(533): WARNING: In a future release this will crash the app: com.koo.lightmanager
07-17 21:58:19.455: I/System.out(13066): waiting for debugger to settle...
07-17 21:58:19.665: I/System.out(13066): waiting for debugger to settle...
07-17 21:58:19.866: I/System.out(13066): waiting for debugger to settle...
07-17 21:58:20.066: I/System.out(13066): waiting for debugger to settle...
07-17 21:58:20.266: I/System.out(13066): debugger has settled (1400)
07-17 21:58:20.516: W/WindowManager(533): Window freeze timeout expired.
07-17 21:58:20.516: W/WindowManager(533): Force clearing orientation change: Window{42863a70 u0 Starting com.kevinchoteau.splode}
07-17 21:58:20.516: W/WindowManager(533): Force clearing orientation change: Window{426f6b50 u0 com.android.wallpaper.nexus.NexusWallpaper}
07-17 21:58:21.457: D/dalvikvm(13066): threadid=1: still suspended after undo (sc=1 dc=1)
07-17 21:58:23.089: I/ActivityManager(533): No longer want com.orange.mysosh:Capptain (pid 12710): empty #17
07-17 21:58:23.549: W/WindowManager(533): App freeze timeout expired.
07-17 21:58:23.549: W/WindowManager(533): Force clearing freeze: AppWindowToken{42f32de8 token=Token{4285dae8 ActivityRecord{42027470 u0 com.kevinchoteau.splode/.SOBActivity}}}
