07-17 22:00:00.233: I/DEBUG(170):     74437b10 bb4ccccd 00000000 3f800000 00000000  
07-17 22:00:00.233: I/DEBUG(170): memory near fp:
07-17 22:00:00.233: I/DEBUG(170):     74d0a584 00000004 00000001 00000005 00000001  
07-17 22:00:00.233: I/DEBUG(170):     74d0a594 00000006 00000001 74437a40 00000003  
07-17 22:00:00.233: I/DEBUG(170):     74d0a5a4 00000002 00000000 00000000 00000002  
07-17 22:00:00.233: I/DEBUG(170):     74d0a5b4 00000001 00000001 00000003 00000000  
07-17 22:00:00.233: I/DEBUG(170):     74d0a5c4 74d01378 74d00c60 00000004 00000003  
07-17 22:00:00.233: I/DEBUG(170):     74d0a5d4 74429058 744c06b8 74d010e0 3f000000  
07-17 22:00:00.233: I/DEBUG(170):     74d0a5e4 3f000000 3f000000 3f800000 74d010e0  
07-17 22:00:00.233: I/DEBUG(170):     74d0a5f4 00000000 00000000 00000000 3f800000  
07-17 22:00:00.233: I/DEBUG(170):     74d0a604 74d010e0 3f800000 3f800000 3f800000  
07-17 22:00:00.233: I/DEBUG(170):     74d0a614 3f800000 74d010e0 3f800000 3f800000  
07-17 22:00:00.233: I/DEBUG(170):     74d0a624 00000000 3f800000 74d010e0 3f800000  
07-17 22:00:00.233: I/DEBUG(170):     74d0a634 00000000 3f800000 3f800000 74d010e0  
07-17 22:00:00.233: I/DEBUG(170):     74d0a644 00000000 3f800000 3f800000 3f800000  
07-17 22:00:00.233: I/DEBUG(170):     74d0a654 74d010e0 00000000 00000000 3f800000  
07-17 22:00:00.233: I/DEBUG(170):     74d0a664 3f800000 74d010e0 00000000 3f800000  
07-17 22:00:00.233: I/DEBUG(170):     74d0a674 00000000 3f800000 74d010e0 3f800000  
07-17 22:00:00.233: I/DEBUG(170): memory near ip:
07-17 22:00:00.233: I/DEBUG(170):     1fffffe0 ffffffff ffffffff ffffffff ffffffff  
07-17 22:00:00.233: I/DEBUG(170):     1ffffff0 ffffffff ffffffff ffffffff ffffffff  
07-17 22:00:00.233: I/DEBUG(170):     20000000 ffffffff ffffffff ffffffff ffffffff  
07-17 22:00:00.233: I/DEBUG(170):     20000010 ffffffff ffffffff ffffffff ffffffff  
07-17 22:00:00.233: I/DEBUG(170):     20000020 ffffffff ffffffff ffffffff ffffffff  
07-17 22:00:00.233: I/DEBUG(170):     20000030 ffffffff ffffffff ffffffff ffffffff  
07-17 22:00:00.233: I/DEBUG(170):     20000040 ffffffff ffffffff ffffffff ffffffff  
07-17 22:00:00.233: I/DEBUG(170):     20000050 ffffffff ffffffff ffffffff ffffffff  
07-17 22:00:00.233: I/DEBUG(170):     20000060 ffffffff ffffffff ffffffff ffffffff  
07-17 22:00:00.233: I/DEBUG(170):     20000070 ffffffff ffffffff ffffffff ffffffff  
07-17 22:00:00.233: I/DEBUG(170):     20000080 ffffffff ffffffff ffffffff ffffffff  
07-17 22:00:00.233: I/DEBUG(170):     20000090 ffffffff ffffffff ffffffff ffffffff  
07-17 22:00:00.233: I/DEBUG(170):     200000a0 ffffffff ffffffff ffffffff ffffffff  
07-17 22:00:00.233: I/DEBUG(170):     200000b0 ffffffff ffffffff ffffffff ffffffff  
07-17 22:00:00.233: I/DEBUG(170):     200000c0 ffffffff ffffffff ffffffff ffffffff  
07-17 22:00:00.233: I/DEBUG(170):     200000d0 ffffffff ffffffff ffffffff ffffffff  
07-17 22:00:00.233: I/DEBUG(170): memory near sp:
07-17 22:00:00.233: I/DEBUG(170):     75f33a08 00000007 00000302 00000303 735e10d3  
07-17 22:00:00.233: I/DEBUG(170):     75f33a18 00000000 7586f170 df0027ad 00000000  
07-17 22:00:00.233: I/DEBUG(170):     75f33a28 3f800000 00000006 00000004 00000048  
07-17 22:00:00.233: I/DEBUG(170):     75f33a38 00000001 00000030 74d0a5a4 735f0c47  
07-17 22:00:00.233: I/DEBUG(170):     75f33a48 7586c078 3c9f1f15 3c9f1f15 74437a40  
07-17 22:00:00.233: I/DEBUG(170):     75f33a58 74469f58 74d07c2c 74d0a57c 00000048  
07-17 22:00:00.233: I/DEBUG(170):     75f33a68 00000001 00000030 74d0a5a4 74bb4eb7  
07-17 22:00:00.233: I/DEBUG(170):     75f33a78 00000030 7586ca08 74d0a5b8 74d0a5a8  
07-17 22:00:00.233: I/DEBUG(170):     75f33a88 0f001c38 74437a40 74d0a57c 74d01200  
07-17 22:00:00.233: I/DEBUG(170):     75f33a98 78978140 78978140 75808f38 744b48c8  
07-17 22:00:00.233: I/DEBUG(170):     75f33aa8 75f33c84 74bb5093 74d01208 49742400  
07-17 22:00:00.233: I/DEBUG(170):     75f33ab8 4daf8b0a 789b342c 00000003 3c9f1f15  
07-17 22:00:00.233: I/DEBUG(170):     75f33ac8 3c9f1f15 789b3428 00000000 789b3428  
07-17 22:00:00.233: I/DEBUG(170):     75f33ad8 00000000 74bd676d 74d01208 49742400  
07-17 22:00:00.233: I/DEBUG(170):     75f33ae8 4daf8b07 78978140 75808f38 3c9f1f15  
07-17 22:00:00.233: I/DEBUG(170):     75f33af8 74d0aee4 74429330 00000003 74d01200  
07-17 22:00:00.233: I/DEBUG(170): code around pc:
07-17 22:00:00.233: I/DEBUG(170):     74bb466c f2408a08 21013002 3044f893 f240b90b  
07-17 22:00:00.233: I/DEBUG(170):     74bb467c f7f73103 68f3ea2a 2c006bdc 6b27d063  
07-17 22:00:00.233: I/DEBUG(170):     74bb468c edd36ae3 ee287a02 edd38a27 97077a03  
07-17 22:00:00.233: I/DEBUG(170):     74bb469c 8aa7ee68 2301b137 50e1f640 3034f884  
07-17 22:00:00.233: I/DEBUG(170):     74bb46ac e0534639 a9072001 ea14f7f7 50e1f640  
07-17 22:00:00.233: I/DEBUG(170):     74bb46bc 46b89907 ea14f7f7 50e1f640 0101f642  
07-17 22:00:00.233: I/DEBUG(170):     74bb46cc 6201f242 ea12f7f7 50e1f640 5120f44f  
07-17 22:00:00.233: I/DEBUG(170):     74bb46dc 6201f242 ea0af7f7 1908f641 1a07f641  
07-17 22:00:00.233: I/DEBUG(170):     74bb46ec 4b01f241 6ae3e018 684819d9 f8cd690a  
07-17 22:00:00.233: I/DEBUG(170):     74bb46fc 9000b00c bf142a03 4652464a 92022000  
07-17 22:00:00.233: I/DEBUG(170):     74bb470c f6409001 694950e1 46419104 f10859db  
07-17 22:00:00.233: I/DEBUG(170):     74bb471c f7f70801 3718e9f2 45986aa3 9b07dbe3  
07-17 22:00:00.233: I/DEBUG(170):     74bb472c 70a6f506 23016323 3034f884 1154f8d6  
07-17 22:00:00.233: I/DEBUG(170):     74bb473c f7ff18c9 f8d6ff59 f8d62154 3a013158  
07-17 22:00:00.233: I/DEBUG(170):     74bb474c 4022f843 f640e004 462150e1 e9c8f7f7  
07-17 22:00:00.243: I/DEBUG(170):     74bb475c ee184b16 ee181a10 58eb2a90 f7f76818  
07-17 22:00:00.243: I/DEBUG(170): code around lr:
07-17 22:00:00.243: I/DEBUG(170):     73614634 f10b3004 34040b01 45939a03 f505d1c6  
07-17 22:00:00.243: I/DEBUG(170):     73614644 f8cd5386 46289000 68dc4631 463b4642  
07-17 22:00:00.243: I/DEBUG(170):     73614654 b01547a0 8ff0e8bd 5386f500 4605b5f0  
07-17 22:00:00.243: I/DEBUG(170):     73614664 b0856918 2400b1e0 f8d52101 91006880  
07-17 22:00:00.243: I/DEBUG(170):     73614674 91014627 91039102 eb05e00a f8d00084  
07-17 22:00:00.243: I/DEBUG(170):     73614684 698817f0 fe6af003 f84db108 34017024  
07-17 22:00:00.243: I/DEBUG(170):     73614694 d1f242b4 5286f505 46694628 47986913  
07-17 22:00:00.243: I/DEBUG(170):     736146a4 bdf0b005 f500b508 695a5386 bd084790  
07-17 22:00:00.243: I/DEBUG(170):     736146b4 f500b508 699a5386 bd084790 f500b508  
07-17 22:00:00.243: I/DEBUG(170):     736146c4 69da5386 bd084790 f500b510 68245487  
07-17 22:00:00.243: I/DEBUG(170):     736146d4 47a0b104 edd1bd10 f5007a00 f600630e  
07-17 22:00:00.243: I/DEBUG(170):     736146e4 edc302e4 f6007a00 ed9103e8 f6000a01  
07-17 22:00:00.243: I/DEBUG(170):     736146f4 ed8200ec edd10a00 edc30a02 ed910a00  
07-17 22:00:00.243: I/DEBUG(170):     73614704 ed801a03 47701a00 600ff500 47706001  
07-17 22:00:00.243: I/DEBUG(170):     73614714 18f4f8c0 b5374770 5487f500 5018f89d  
07-17 22:00:00.243: I/DEBUG(170):     73614724 18f8f880 28f9f880 38faf880 58fbf880  
07-17 22:00:00.413: I/BootReceiver(533): Copying /data/tombstones/tombstone_08 to DropBox (SYSTEM_TOMBSTONE)
07-17 22:00:00.413: W/ActivityManager(533):   Force finishing activity com.kevinchoteau.splode/.SOBActivity
07-17 22:00:00.493: I/WindowState(533): WIN DEATH: Window{428f2030 u0 SurfaceView}
07-17 22:00:00.493: W/ContextImpl(533): Calling a method in the system process without a qualified user: android.app.ContextImpl.bindService:1439 com.android.server.MountService$ObbActionHandler.connectToService:2344 com.android.server.MountService$ObbActionHandler.handleMessage:2223 android.os.Handler.dispatchMessage:99 android.os.Looper.loop:137 
07-17 22:00:00.493: I/WindowState(533): WIN DEATH: Window{42844630 u0 com.kevinchoteau.splode/com.kevinchoteau.splode.SOBActivity}
07-17 22:00:00.513: I/ActivityManager(533): Process com.kevinchoteau.splode (pid 13848) has died.
07-17 22:00:00.533: I/InputReader(533): Reconfiguring input devices.  changes=0x00000004
07-17 22:00:00.533: I/InputReader(533): Device reconfigured: id=6, name='touch_dev', size 768x1280, orientation 0, mode 1, display id 0
07-17 22:00:00.533: I/ActivityManager(533): Config changes=1480 {1.0 208mcc1mnc fr_FR ldltr sw384dp w384dp h567dp 320dpi nrml port finger -keyb/v/h -nav/h s.251}
07-17 22:00:00.553: D/Zygote(173): Process 13848 terminated by signal (11)
07-17 22:00:00.573: I/ActivityManager(533): Config changes=1400 {1.0 208mcc1mnc fr_FR ldltr sw384dp w384dp h567dp 320dpi nrml port finger -keyb/v/h -nav/h s.252}
07-17 22:00:00.663: D/PhoneStatusBar(716): mSettingsPanelGravity = 55
07-17 22:00:00.683: W/PhoneStatusBar/NavigationBarView(716): *** Invalid layout in navigation bar (sizeChanged this=768x96 cur=84x768)
07-17 22:00:00.703: I/WindowManager(533): Screen frozen for +184ms due to Window{43090188 u0 com.android.launcher/com.android.launcher2.Launcher}
07-17 22:00:00.753: W/MountService(533): MountServiceListener went away while calling onObbStateChanged
07-17 22:00:02.905: D/dalvikvm(533): GC_EXPLICIT freed 1948K, 38% free 26028K/41492K, paused 14ms+11ms, total 193ms
07-17 22:00:03.476: D/audio_hw_primary(175): out_standby: enter: usecase(1: low-latency-playback)
07-17 22:00:03.526: D/audio_hw_primary(175): stop_output_stream: enter: usecase(1: low-latency-playback)
07-17 22:00:03.526: D/audio_hw_primary(175): disable_audio_route: reset mixer path: low-latency-playback
07-17 22:00:03.526: D/audio_hw_primary(175): disable_snd_device: snd_device(2: speaker)
07-17 22:00:03.536: D/audio_hw_primary(175): stop_output_stream: exit: status(0)
07-17 22:00:03.536: D/audio_hw_primary(175): out_standby: exit
07-17 22:00:03.646: D/audio_hw_primary(175): out_set_parameters: enter: usecase(1: low-latency-playback) kvpairs: routing=2
07-17 22:00:03.646: D/audio_hw_primary(175): out_set_parameters: exit: code(1)
07-17 22:00:03.656: W/InputMethodManagerService(533): Got RemoteException sending setActive(false) notification to pid 13848 uid 10091
07-17 22:00:03.666: D/audio_hw_primary(175): start_output_stream: enter: usecase(1: low-latency-playback) devices(0x2)
07-17 22:00:03.666: D/audio_hw_primary(175): select_devices: out_snd_device(2: speaker) in_snd_device(0: none)
07-17 22:00:03.666: D/audio_hw_primary(175): enable_snd_device: sending audio calibration for snd_device(2) acdb_id(14)
07-17 22:00:03.666: D/ACDB-LOADER(175): ACDB -> send_afe_cal
07-17 22:00:03.666: D/audio_hw_primary(175): enable_snd_device: snd_device(2: speaker)
07-17 22:00:03.666: D/audio_hw_primary(175): enable_audio_route: apply mixer path: low-latency-playback
07-17 22:00:03.676: D/audio_hw_primary(175): start_output_stream: exit
07-17 22:00:03.716: D/dalvikvm(1095): GC_CONCURRENT freed 391K, 5% free 9024K/9452K, paused 1ms+2ms, total 22ms
07-17 22:00:06.860: D/audio_hw_primary(175): out_standby: enter: usecase(1: low-latency-playback)
07-17 22:00:06.900: D/audio_hw_primary(175): stop_output_stream: enter: usecase(1: low-latency-playback)
07-17 22:00:06.900: D/audio_hw_primary(175): disable_audio_route: reset mixer path: low-latency-playback
07-17 22:00:06.900: D/audio_hw_primary(175): disable_snd_device: snd_device(2: speaker)
07-17 22:00:06.900: D/audio_hw_primary(175): stop_output_stream: exit: status(0)
07-17 22:00:06.900: D/audio_hw_primary(175): out_standby: exit
07-17 22:00:09.312: E/NotificationService(533): Not posting notification with icon==0: Notification(pri=2 contentView=null vibrate=null sound=null defaults=0x0 flags=0x91 kind=[null])
07-17 22:00:09.312: E/NotificationService(533): WARNING: In a future release this will crash the app: com.koo.lightmanager
07-17 22:00:09.322: W/Settings(1095): Setting airplane_mode_on has moved from android.provider.Settings.System to android.provider.Settings.Global, returning read-only value.
07-17 22:00:09.332: W/Settings(1095): Setting bluetooth_on has moved from android.provider.Settings.System to android.provider.Settings.Global, returning read-only value.
07-17 22:00:09.332: E/NotificationService(533): Not posting notification with icon==0: Notification(pri=2 contentView=null vibrate=null sound=null defaults=0x0 flags=0x91 kind=[null])
07-17 22:00:09.332: E/NotificationService(533): WARNING: In a future release this will crash the app: com.koo.lightmanager
07-17 22:00:29.314: E/NotificationService(533): Not posting notification with icon==0: Notification(pri=2 contentView=null vibrate=null sound=null defaults=0x0 flags=0x91 kind=[null])
07-17 22:00:29.314: E/NotificationService(533): WARNING: In a future release this will crash the app: com.koo.lightmanager
07-17 22:00:29.324: W/Settings(1095): Setting airplane_mode_on has moved from android.provider.Settings.System to android.provider.Settings.Global, returning read-only value.
07-17 22:00:29.334: W/Settings(1095): Setting bluetooth_on has moved from android.provider.Settings.System to android.provider.Settings.Global, returning read-only value.
07-17 22:00:29.344: E/NotificationService(533): Not posting notification with icon==0: Notification(pri=2 contentView=null vibrate=null sound=null defaults=0x0 flags=0x91 kind=[null])
07-17 22:00:29.344: E/NotificationService(533): WARNING: In a future release this will crash the app: com.koo.lightmanager
07-17 22:00:39.314: E/NotificationService(533): Not posting notification with icon==0: Notification(pri=2 contentView=null vibrate=null sound=null defaults=0x0 flags=0x91 kind=[null])
07-17 22:00:39.314: E/NotificationService(533): WARNING: In a future release this will crash the app: com.koo.lightmanager
07-17 22:00:39.324: W/Settings(1095): Setting airplane_mode_on has moved from android.provider.Settings.System to android.provider.Settings.Global, returning read-only value.
07-17 22:00:39.334: W/Settings(1095): Setting bluetooth_on has moved from android.provider.Settings.System to android.provider.Settings.Global, returning read-only value.
07-17 22:00:39.344: E/NotificationService(533): Not posting notification with icon==0: Notification(pri=2 contentView=null vibrate=null sound=null defaults=0x0 flags=0x91 kind=[null])
07-17 22:00:39.344: E/NotificationService(533): WARNING: In a future release this will crash the app: com.koo.lightmanager
07-17 22:00:40.375: E/NotificationService(533): Not posting notification with icon==0: Notification(pri=2 contentView=null vibrate=null sound=null defaults=0x0 flags=0x91 kind=[null])
07-17 22:00:40.375: E/NotificationService(533): WARNING: In a future release this will crash the app: com.koo.lightmanager
07-17 22:00:40.385: W/Settings(1095): Setting airplane_mode_on has moved from android.provider.Settings.System to android.provider.Settings.Global, returning read-only value.
07-17 22:00:40.395: W/Settings(1095): Setting bluetooth_on has moved from android.provider.Settings.System to android.provider.Settings.Global, returning read-only value.
07-17 22:00:40.405: E/NotificationService(533): Not posting notification with icon==0: Notification(pri=2 contentView=null vibrate=null sound=null defaults=0x0 flags=0x91 kind=[null])
07-17 22:00:40.405: E/NotificationService(533): WARNING: In a future release this will crash the app: com.koo.lightmanager
07-17 22:00:49.315: E/NotificationService(533): Not posting notification with icon==0: Notification(pri=2 contentView=null vibrate=null sound=null defaults=0x0 flags=0x91 kind=[null])
07-17 22:00:49.315: E/NotificationService(533): WARNING: In a future release this will crash the app: com.koo.lightmanager
07-17 22:00:49.325: W/Settings(1095): Setting airplane_mode_on has moved from android.provider.Settings.System to android.provider.Settings.Global, returning read-only value.
07-17 22:00:49.335: W/Settings(1095): Setting bluetooth_on has moved from android.provider.Settings.System to android.provider.Settings.Global, returning read-only value.
07-17 22:00:49.345: E/NotificationService(533): Not posting notification with icon==0: Notification(pri=2 contentView=null vibrate=null sound=null defaults=0x0 flags=0x91 kind=[null])
07-17 22:00:49.345: E/NotificationService(533): WARNING: In a future release this will crash the app: com.koo.lightmanager
07-17 22:00:59.316: E/NotificationService(533): Not posting notification with icon==0: Notification(pri=2 contentView=null vibrate=null sound=null defaults=0x0 flags=0x91 kind=[null])
07-17 22:00:59.316: E/NotificationService(533): WARNING: In a future release this will crash the app: com.koo.lightmanager
07-17 22:00:59.326: W/Settings(1095): Setting airplane_mode_on has moved from android.provider.Settings.System to android.provider.Settings.Global, returning read-only value.
07-17 22:00:59.336: W/Settings(1095): Setting bluetooth_on has moved from android.provider.Settings.System to android.provider.Settings.Global, returning read-only value.
07-17 22:00:59.346: E/NotificationService(533): Not posting notification with icon==0: Notification(pri=2 contentView=null vibrate=null sound=null defaults=0x0 flags=0x91 kind=[null])
07-17 22:00:59.346: E/NotificationService(533): WARNING: In a future release this will crash the app: com.koo.lightmanager
07-17 22:01:06.854: D/dalvikvm(716): GC_CONCURRENT freed 2011K, 29% free 15441K/21552K, paused 14ms+4ms, total 74ms
07-17 22:01:09.316: E/NotificationService(533): Not posting notification with icon==0: Notification(pri=2 contentView=null vibrate=null sound=null defaults=0x0 flags=0x91 kind=[null])
07-17 22:01:09.316: E/NotificationService(533): WARNING: In a future release this will crash the app: com.koo.lightmanager
07-17 22:01:09.326: W/Settings(1095): Setting airplane_mode_on has moved from android.provider.Settings.System to android.provider.Settings.Global, returning read-only value.
07-17 22:01:09.336: W/Settings(1095): Setting bluetooth_on has moved from android.provider.Settings.System to android.provider.Settings.Global, returning read-only value.
07-17 22:01:09.346: E/NotificationService(533): Not posting notification with icon==0: Notification(pri=2 contentView=null vibrate=null sound=null defaults=0x0 flags=0x91 kind=[null])
07-17 22:01:09.346: E/NotificationService(533): WARNING: In a future release this will crash the app: com.koo.lightmanager
07-17 22:01:29.308: E/NotificationService(533): Not posting notification with icon==0: Notification(pri=2 contentView=null vibrate=null sound=null defaults=0x0 flags=0x91 kind=[null])
07-17 22:01:29.308: E/NotificationService(533): WARNING: In a future release this will crash the app: com.koo.lightmanager
07-17 22:01:29.328: W/Settings(1095): Setting airplane_mode_on has moved from android.provider.Settings.System to android.provider.Settings.Global, returning read-only value.
07-17 22:01:29.328: W/Settings(1095): Setting bluetooth_on has moved from android.provider.Settings.System to android.provider.Settings.Global, returning read-only value.
07-17 22:01:29.338: E/NotificationService(533): Not posting notification with icon==0: Notification(pri=2 contentView=null vibrate=null sound=null defaults=0x0 flags=0x91 kind=[null])
07-17 22:01:29.338: E/NotificationService(533): WARNING: In a future release this will crash the app: com.koo.lightmanager
07-17 22:01:29.448: D/dalvikvm(11354): GC_CONCURRENT freed 383K, 29% free 10152K/14104K, paused 7ms+1ms, total 61ms
07-17 22:01:39.308: E/NotificationService(533): Not posting notification with icon==0: Notification(pri=2 contentView=null vibrate=null sound=null defaults=0x0 flags=0x91 kind=[null])
07-17 22:01:39.308: E/NotificationService(533): WARNING: In a future release this will crash the app: com.koo.lightmanager
07-17 22:01:39.318: W/Settings(1095): Setting airplane_mode_on has moved from android.provider.Settings.System to android.provider.Settings.Global, returning read-only value.
07-17 22:01:39.328: W/Settings(1095): Setting bluetooth_on has moved from android.provider.Settings.System to android.provider.Settings.Global, returning read-only value.
07-17 22:01:39.338: E/NotificationService(533): Not posting notification with icon==0: Notification(pri=2 contentView=null vibrate=null sound=null defaults=0x0 flags=0x91 kind=[null])
07-17 22:01:39.338: E/NotificationService(533): WARNING: In a future release this will crash the app: com.koo.lightmanager
07-17 22:01:40.369: E/NotificationService(533): Not posting notification with icon==0: Notification(pri=2 contentView=null vibrate=null sound=null defaults=0x0 flags=0x91 kind=[null])
07-17 22:01:40.369: E/NotificationService(533): WARNING: In a future release this will crash the app: com.koo.lightmanager
07-17 22:01:40.379: W/Settings(1095): Setting airplane_mode_on has moved from android.provider.Settings.System to android.provider.Settings.Global, returning read-only value.
07-17 22:01:40.389: W/Settings(1095): Setting bluetooth_on has moved from android.provider.Settings.System to android.provider.Settings.Global, returning read-only value.
07-17 22:01:40.389: E/NotificationService(533): Not posting notification with icon==0: Notification(pri=2 contentView=null vibrate=null sound=null defaults=0x0 flags=0x91 kind=[null])
07-17 22:01:40.389: E/NotificationService(533): WARNING: In a future release this will crash the app: com.koo.lightmanager
07-17 22:01:48.288: D/dalvikvm(13690): GC_FOR_ALLOC freed 142K, 5% free 9497K/9928K, paused 14ms, total 16ms
07-17 22:01:48.288: I/dalvikvm-heap(13690): Grow heap (frag case) to 11.042MB for 1821008-byte allocation
07-17 22:01:48.308: D/dalvikvm(13690): GC_FOR_ALLOC freed 9K, 4% free 11266K/11708K, paused 15ms, total 15ms
07-17 22:01:48.348: D/dalvikvm(13690): GC_CONCURRENT freed 9K, 4% free 11267K/11708K, paused 3ms+2ms, total 38ms
07-17 22:01:48.378: D/dalvikvm(13690): GC_FOR_ALLOC freed 11K, 4% free 11269K/11708K, paused 15ms, total 15ms
07-17 22:01:48.378: I/dalvikvm-heap(13690): Grow heap (frag case) to 12.773MB for 1821008-byte allocation
07-17 22:01:48.398: D/dalvikvm(13690): GC_FOR_ALLOC freed 1K, 4% free 13046K/13488K, paused 18ms, total 18ms
07-17 22:01:48.438: D/dalvikvm(13690): GC_CONCURRENT freed 27K, 4% free 13057K/13488K, paused 5ms+5ms, total 44ms
07-17 22:01:48.438: D/dalvikvm(13690): WAIT_FOR_CONCURRENT_GC blocked 27ms
07-17 22:01:48.458: I/dalvikvm-heap(13690): Grow heap (frag case) to 14.519MB for 1821008-byte allocation
07-17 22:01:48.478: D/dalvikvm(13690): GC_FOR_ALLOC freed 5K, 3% free 14831K/15268K, paused 22ms, total 22ms
07-17 22:01:48.498: D/dalvikvm(13690): GC_FOR_ALLOC freed 8K, 3% free 14829K/15268K, paused 19ms, total 19ms
07-17 22:01:48.508: I/dalvikvm-heap(13690): Grow heap (frag case) to 16.250MB for 1821008-byte allocation
07-17 22:01:48.518: D/dalvikvm(13690): GC_FOR_ALLOC freed 1K, 3% free 16606K/17048K, paused 14ms, total 14ms
07-17 22:01:48.558: D/dalvikvm(13690): GC_FOR_ALLOC freed 20K, 3% free 18390K/18828K, paused 14ms, total 14ms
07-17 22:01:48.648: D/dalvikvm(13690): GC_FOR_ALLOC freed 77K, 3% free 21040K/21476K, paused 16ms, total 16ms
07-17 22:01:48.839: D/dalvikvm(10430): GC_EXPLICIT freed 293K, 6% free 9191K/9752K, paused 4ms+8ms, total 47ms
07-17 22:01:49.049: D/dalvikvm(13690): GC_FOR_ALLOC freed 256K, 2% free 24647K/25072K, paused 16ms, total 16ms
07-17 22:01:49.299: E/NotificationService(533): Not posting notification with icon==0: Notification(pri=2 contentView=null vibrate=null sound=null defaults=0x0 flags=0x91 kind=[null])
07-17 22:01:49.299: E/NotificationService(533): WARNING: In a future release this will crash the app: com.koo.lightmanager
07-17 22:01:49.309: W/Settings(1095): Setting airplane_mode_on has moved from android.provider.Settings.System to android.provider.Settings.Global, returning read-only value.
07-17 22:01:49.309: W/Settings(1095): Setting bluetooth_on has moved from android.provider.Settings.System to android.provider.Settings.Global, returning read-only value.
07-17 22:01:49.319: E/NotificationService(533): Not posting notification with icon==0: Notification(pri=2 contentView=null vibrate=null sound=null defaults=0x0 flags=0x91 kind=[null])
07-17 22:01:49.319: E/NotificationService(533): WARNING: In a future release this will crash the app: com.koo.lightmanager
07-17 22:01:49.449: D/dalvikvm(533): GC_EXPLICIT freed 715K, 38% free 26040K/41492K, paused 10ms+9ms, total 134ms
07-17 22:01:50.270: D/dalvikvm(845): GC_CONCURRENT freed 998K, 18% free 12076K/14684K, paused 3ms+3ms, total 48ms
07-17 22:01:50.530: D/dalvikvm(13690): GC_CONCURRENT freed 1872K, 7% free 27924K/29832K, paused 2ms+6ms, total 34ms
07-17 22:01:50.700: D/dalvikvm(10430): GC_EXPLICIT freed 156K, 6% free 9187K/9752K, paused 2ms+3ms, total 23ms
07-17 22:01:51.481: D/dalvikvm(533): GC_EXPLICIT freed 289K, 38% free 26028K/41492K, paused 11ms+9ms, total 150ms
07-17 22:01:51.601: D/dalvikvm(10430): GC_EXPLICIT freed 207K, 6% free 9214K/9752K, paused 1ms+3ms, total 21ms
07-17 22:01:51.862: D/dalvikvm(13690): GC_EXPLICIT freed 2604K, 12% free 27723K/31200K, paused 4ms+5ms, total 50ms
07-17 22:01:52.432: D/dalvikvm(533): GC_EXPLICIT freed 211K, 38% free 26026K/41492K, paused 9ms+8ms, total 144ms
07-17 22:01:52.562: D/dalvikvm(10430): GC_EXPLICIT freed 222K, 6% free 9214K/9752K, paused 2ms+3ms, total 22ms
07-17 22:01:53.093: D/dalvikvm(13690): GC_EXPLICIT freed 1791K, 12% free 27713K/31200K, paused 4ms+7ms, total 45ms
07-17 22:01:54.555: D/dalvikvm(13690): GC_CONCURRENT freed 5956K, 18% free 27971K/34028K, paused 3ms+5ms, total 36ms
07-17 22:01:55.786: D/dalvikvm(13690): GC_CONCURRENT freed 6277K, 19% free 27941K/34316K, paused 4ms+5ms, total 43ms
07-17 22:01:59.310: E/NotificationService(533): Not posting notification with icon==0: Notification(pri=2 contentView=null vibrate=null sound=null defaults=0x0 flags=0x91 kind=[null])
07-17 22:01:59.310: E/NotificationService(533): WARNING: In a future release this will crash the app: com.koo.lightmanager
07-17 22:01:59.320: W/Settings(1095): Setting airplane_mode_on has moved from android.provider.Settings.System to android.provider.Settings.Global, returning read-only value.
07-17 22:01:59.330: W/Settings(1095): Setting bluetooth_on has moved from android.provider.Settings.System to android.provider.Settings.Global, returning read-only value.
07-17 22:01:59.340: E/NotificationService(533): Not posting notification with icon==0: Notification(pri=2 contentView=null vibrate=null sound=null defaults=0x0 flags=0x91 kind=[null])
07-17 22:01:59.340: E/NotificationService(533): WARNING: In a future release this will crash the app: com.koo.lightmanager
07-17 22:02:09.320: E/NotificationService(533): Not posting notification with icon==0: Notification(pri=2 contentView=null vibrate=null sound=null defaults=0x0 flags=0x91 kind=[null])
07-17 22:02:09.320: W/Settings(1095): Setting airplane_mode_on has moved from android.provider.Settings.System to android.provider.Settings.Global, returning read-only value.
07-17 22:02:09.320: W/Settings(1095): Setting bluetooth_on has moved from android.provider.Settings.System to android.provider.Settings.Global, returning read-only value.
07-17 22:02:09.320: E/NotificationService(533): WARNING: In a future release this will crash the app: com.koo.lightmanager
07-17 22:02:09.330: E/NotificationService(533): Not posting notification with icon==0: Notification(pri=2 contentView=null vibrate=null sound=null defaults=0x0 flags=0x91 kind=[null])
07-17 22:02:09.330: E/NotificationService(533): WARNING: In a future release this will crash the app: com.koo.lightmanager
07-17 22:02:11.933: D/dalvikvm(533): GC_EXPLICIT freed 335K, 38% free 26030K/41492K, paused 4ms+8ms, total 117ms
07-17 22:02:25.367: V/BackupManagerService(533): Running a backup pass
07-17 22:02:25.377: V/BackupManagerService(533): clearing pending backups
07-17 22:02:25.388: V/PerformBackupTask(533): Beginning backup of 4 targets
07-17 22:02:25.438: V/BackupServiceBinder(533): doBackup() invoked
07-17 22:02:25.438: D/PerformBackupTask(533): invokeAgentForBackup on @pm@
07-17 22:02:25.448: W/BackupTransportService(533): Unknown package in backup request: @pm@
07-17 22:02:27.620: I/GCoreUlr(845): Successfully inserted location
07-17 22:02:27.620: I/GCoreUlr(845): Not calling LocationReportingService, hasMoved: false, elapsed millis: 2164019, request: Phone
07-17 22:02:27.950: D/PerformBackupTask(533): starting agent for backup of BackupRequest{pkg=android}
07-17 22:02:27.960: D/BackupManagerService(533): awaiting agent for ApplicationInfo{4213ad38 android}
07-17 22:02:27.960: D/BackupManagerService(533): agentConnected pkg=android agent=android.app.backup.BackupAgent$BackupServiceBinder@42009fe0
07-17 22:02:27.960: I/BackupManagerService(533): got agent android.app.backup.BackupAgent$BackupServiceBinder@42009fe0
07-17 22:02:27.960: V/BackupServiceBinder(533): doBackup() invoked
07-17 22:02:27.960: D/PerformBackupTask(533): invokeAgentForBackup on android
07-17 22:02:27.970: D/BackupHelperDispatcher(533): handling existing helper 'wallpaper' android.app.backup.WallpaperBackupHelper@428a4180
07-17 22:02:28.451: D/PerformBackupTask(533): starting agent for backup of BackupRequest{pkg=com.android.providers.settings}
07-17 22:02:28.451: D/BackupManagerService(533): awaiting agent for ApplicationInfo{422bbd88 com.android.providers.settings}
07-17 22:02:28.451: D/BackupManagerService(533): agentConnected pkg=com.android.providers.settings agent=android.app.backup.BackupAgent$BackupServiceBinder@42a4bc40
07-17 22:02:28.461: I/BackupManagerService(533): got agent android.app.backup.BackupAgent$BackupServiceBinder@42a4bc40
07-17 22:02:28.461: V/BackupServiceBinder(533): doBackup() invoked
07-17 22:02:28.461: D/PerformBackupTask(533): invokeAgentForBackup on com.android.providers.settings
07-17 22:02:28.491: I/PerformBackupTask(533): no backup data written; not calling transport
07-17 22:02:28.491: D/PerformBackupTask(533): starting agent for backup of BackupRequest{pkg=com.rhmsoft.fm}
07-17 22:02:28.511: I/dalvikvm(14075): Turning on JNI app bug workarounds for target SDK version 10...
07-17 22:02:28.511: I/ActivityManager(533): Start proc com.rhmsoft.fm for backup com.rhmsoft.fm/.core.BackupAgent: pid=14075 uid=10092 gids={50092, 3003, 1015, 1028}
07-17 22:02:28.511: D/BackupManagerService(533): awaiting agent for ApplicationInfo{42a4b808 com.rhmsoft.fm}
07-17 22:02:28.541: W/Settings(14075): Setting android_id has moved from android.provider.Settings.System to android.provider.Settings.Secure, returning read-only value.
07-17 22:02:28.541: V/BackupServiceBinder(14075): doBackup() invoked
07-17 22:02:28.541: D/BackupManagerService(533): agentConnected pkg=com.rhmsoft.fm agent=android.os.BinderProxy@41fe55d8
07-17 22:02:28.541: I/BackupManagerService(533): got agent android.app.IBackupAgent$Stub$Proxy@4252fb80
07-17 22:02:28.541: D/PerformBackupTask(533): invokeAgentForBackup on com.rhmsoft.fm
07-17 22:02:28.551: I/PerformBackupTask(533): no backup data written; not calling transport
07-17 22:02:28.551: D/PerformBackupTask(533): starting agent for backup of BackupRequest{pkg=com.google.android.gm}
07-17 22:02:28.571: I/ActivityManager(533): Start proc com.google.android.gm for backup com.google.android.gm/.persistence.GmailBackupAgent: pid=14090 uid=10022 gids={50022, 3003, 1015, 1028}
07-17 22:02:28.571: D/BackupManagerService(533): awaiting agent for ApplicationInfo{42ee97e0 com.google.android.gm}
07-17 22:02:28.611: I/dalvikvm(14090): Could not find method android.app.ActivityManager.isLowRamDevice, referenced from method com.android.mail.utils.Y.F
07-17 22:02:28.611: W/dalvikvm(14090): VFY: unable to resolve virtual method 139: Landroid/app/ActivityManager;.isLowRamDevice ()Z
07-17 22:02:28.611: D/dalvikvm(14090): VFY: replacing opcode 0x6e at 0x0011
07-17 22:02:28.631: D/ActivityThread(14090): Loading provider com.android.gmail.ui: com.google.android.gm.provider.GmailProvider
07-17 22:02:28.691: D/dalvikvm(14090): GC_CONCURRENT freed 305K, 4% free 9137K/9476K, paused 4ms+5ms, total 45ms
07-17 22:02:28.691: D/dalvikvm(14090): WAIT_FOR_CONCURRENT_GC blocked 28ms
07-17 22:02:28.691: D/dalvikvm(14090): WAIT_FOR_CONCURRENT_GC blocked 28ms
07-17 22:02:28.731: I/dalvikvm(14090): Could not find method com.android.mail.browse.E.getNotificationUri, referenced from method com.android.mail.browse.t.getNotificationUri
07-17 22:02:28.731: W/dalvikvm(14090): VFY: unable to resolve virtual method 6615: Lcom/android/mail/browse/E;.getNotificationUri ()Landroid/net/Uri;
07-17 22:02:28.731: D/dalvikvm(14090): VFY: replacing opcode 0x6e at 0x0008
07-17 22:02:28.751: W/GAV2(14090): Thread[main,5,main]: Need to call initialize() and be in fallback mode to start dispatch.
07-17 22:02:28.771: D/BackupManagerService(533): agentConnected pkg=com.google.android.gm agent=android.os.BinderProxy@429241f0
07-17 22:02:28.771: I/BackupManagerService(533): got agent android.app.IBackupAgent$Stub$Proxy@42915c38
07-17 22:02:28.771: V/BackupServiceBinder(14090): doBackup() invoked
07-17 22:02:28.771: D/dalvikvm(14090): GC_CONCURRENT freed 322K, 4% free 9266K/9624K, paused 1ms+1ms, total 15ms
07-17 22:02:28.771: D/PerformBackupTask(533): invokeAgentForBackup on com.google.android.gm
07-17 22:02:28.921: D/dalvikvm(14090): GC_CONCURRENT freed 387K, 5% free 9386K/9808K, paused 2ms+1ms, total 16ms
07-17 22:02:28.951: I/Gmail(14090): calculateUnknownSyncRationalesAndPurgeInBackground: queueing
07-17 22:02:28.951: I/Gmail(14090): calculateUnknownSyncRationalesAndPurgeInBackground: queueing
07-17 22:02:28.971: I/Gmail(14090): calculateUnknownSyncRationalesAndPurgeInBackground: running
07-17 22:02:28.971: I/Gmail(14090): calculateUnknownSyncRationalesAndPurgeInBackground: running
07-17 22:02:29.081: D/dalvikvm(14090): GC_CONCURRENT freed 293K, 4% free 9532K/9860K, paused 3ms+3ms, total 25ms
07-17 22:02:29.242: D/dalvikvm(14090): GC_CONCURRENT freed 394K, 5% free 9632K/10060K, paused 4ms+6ms, total 49ms
07-17 22:02:29.292: E/NotificationService(533): Not posting notification with icon==0: Notification(pri=2 contentView=null vibrate=null sound=null defaults=0x0 flags=0x91 kind=[null])
07-17 22:02:29.292: E/NotificationService(533): WARNING: In a future release this will crash the app: com.koo.lightmanager
07-17 22:02:29.302: W/Settings(1095): Setting airplane_mode_on has moved from android.provider.Settings.System to android.provider.Settings.Global, returning read-only value.
07-17 22:02:29.302: W/Settings(1095): Setting bluetooth_on has moved from android.provider.Settings.System to android.provider.Settings.Global, returning read-only value.
07-17 22:02:29.312: E/NotificationService(533): Not posting notification with icon==0: Notification(pri=2 contentView=null vibrate=null sound=null defaults=0x0 flags=0x91 kind=[null])
07-17 22:02:29.312: E/NotificationService(533): WARNING: In a future release this will crash the app: com.koo.lightmanager
07-17 22:02:29.392: D/dalvikvm(14090): GC_CONCURRENT freed 422K, 5% free 9666K/10124K, paused 2ms+2ms, total 18ms
07-17 22:02:29.412: I/PerformBackupTask(533): no backup data written; not calling transport
07-17 22:02:29.412: I/PerformBackupTask(533): Backup pass finished.
07-17 22:02:33.766: I/GAV2(14090): Thread[GAThread,5,main]: No campaign data found.
07-17 22:02:39.312: E/NotificationService(533): Not posting notification with icon==0: Notification(pri=2 contentView=null vibrate=null sound=null defaults=0x0 flags=0x91 kind=[null])
07-17 22:02:39.312: E/NotificationService(533): WARNING: In a future release this will crash the app: com.koo.lightmanager
07-17 22:02:39.332: W/Settings(1095): Setting airplane_mode_on has moved from android.provider.Settings.System to android.provider.Settings.Global, returning read-only value.
07-17 22:02:39.332: W/Settings(1095): Setting bluetooth_on has moved from android.provider.Settings.System to android.provider.Settings.Global, returning read-only value.
07-17 22:02:39.342: E/NotificationService(533): Not posting notification with icon==0: Notification(pri=2 contentView=null vibrate=null sound=null defaults=0x0 flags=0x91 kind=[null])
07-17 22:02:39.342: E/NotificationService(533): WARNING: In a future release this will crash the app: com.koo.lightmanager
07-17 22:02:40.363: E/NotificationService(533): Not posting notification with icon==0: Notification(pri=2 contentView=null vibrate=null sound=null defaults=0x0 flags=0x91 kind=[null])
07-17 22:02:40.363: E/NotificationService(533): WARNING: In a future release this will crash the app: com.koo.lightmanager
07-17 22:02:40.373: W/Settings(1095): Setting airplane_mode_on has moved from android.provider.Settings.System to android.provider.Settings.Global, returning read-only value.
07-17 22:02:40.394: W/Settings(1095): Setting bluetooth_on has moved from android.provider.Settings.System to android.provider.Settings.Global, returning read-only value.
07-17 22:02:40.394: E/NotificationService(533): Not posting notification with icon==0: Notification(pri=2 contentView=null vibrate=null sound=null defaults=0x0 flags=0x91 kind=[null])
07-17 22:02:40.394: E/NotificationService(533): WARNING: In a future release this will crash the app: com.koo.lightmanager
07-17 22:02:49.313: E/NotificationService(533): Not posting notification with icon==0: Notification(pri=2 contentView=null vibrate=null sound=null defaults=0x0 flags=0x91 kind=[null])
07-17 22:02:49.313: E/NotificationService(533): WARNING: In a future release this will crash the app: com.koo.lightmanager
07-17 22:02:49.323: W/Settings(1095): Setting airplane_mode_on has moved from android.provider.Settings.System to android.provider.Settings.Global, returning read-only value.
07-17 22:02:49.333: W/Settings(1095): Setting bluetooth_on has moved from android.provider.Settings.System to android.provider.Settings.Global, returning read-only value.
07-17 22:02:49.343: E/NotificationService(533): Not posting notification with icon==0: Notification(pri=2 contentView=null vibrate=null sound=null defaults=0x0 flags=0x91 kind=[null])
07-17 22:02:49.343: E/NotificationService(533): WARNING: In a future release this will crash the app: com.koo.lightmanager
07-17 22:02:59.314: E/NotificationService(533): Not posting notification with icon==0: Notification(pri=2 contentView=null vibrate=null sound=null defaults=0x0 flags=0x91 kind=[null])
07-17 22:02:59.314: E/NotificationService(533): WARNING: In a future release this will crash the app: com.koo.lightmanager
07-17 22:02:59.324: W/Settings(1095): Setting airplane_mode_on has moved from android.provider.Settings.System to android.provider.Settings.Global, returning read-only value.
07-17 22:02:59.334: W/Settings(1095): Setting bluetooth_on has moved from android.provider.Settings.System to android.provider.Settings.Global, returning read-only value.
07-17 22:02:59.344: E/NotificationService(533): Not posting notification with icon==0: Notification(pri=2 contentView=null vibrate=null sound=null defaults=0x0 flags=0x91 kind=[null])
07-17 22:02:59.344: E/NotificationService(533): WARNING: In a future release this will crash the app: com.koo.lightmanager
07-17 22:02:59.994: I/ActivityManager(533): No longer want com.orange.mysosh (pid 12692): empty #17
07-17 22:03:09.314: E/NotificationService(533): Not posting notification with icon==0: Notification(pri=2 contentView=null vibrate=null sound=null defaults=0x0 flags=0x91 kind=[null])
07-17 22:03:09.314: E/NotificationService(533): WARNING: In a future release this will crash the app: com.koo.lightmanager
07-17 22:03:09.324: W/Settings(1095): Setting airplane_mode_on has moved from android.provider.Settings.System to android.provider.Settings.Global, returning read-only value.
07-17 22:03:09.334: W/Settings(1095): Setting bluetooth_on has moved from android.provider.Settings.System to android.provider.Settings.Global, returning read-only value.
07-17 22:03:09.344: E/NotificationService(533): Not posting notification with icon==0: Notification(pri=2 contentView=null vibrate=null sound=null defaults=0x0 flags=0x91 kind=[null])
07-17 22:03:09.344: E/NotificationService(533): WARNING: In a future release this will crash the app: com.koo.lightmanager
07-17 22:03:19.315: E/NotificationService(533): Not posting notification with icon==0: Notification(pri=2 contentView=null vibrate=null sound=null defaults=0x0 flags=0x91 kind=[null])
07-17 22:03:19.315: E/NotificationService(533): WARNING: In a future release this will crash the app: com.koo.lightmanager
07-17 22:03:19.325: W/Settings(1095): Setting airplane_mode_on has moved from android.provider.Settings.System to android.provider.Settings.Global, returning read-only value.
07-17 22:03:19.335: W/Settings(1095): Setting bluetooth_on has moved from android.provider.Settings.System to android.provider.Settings.Global, returning read-only value.
07-17 22:03:19.345: E/NotificationService(533): Not posting notification with icon==0: Notification(pri=2 contentView=null vibrate=null sound=null defaults=0x0 flags=0x91 kind=[null])
07-17 22:03:19.345: E/NotificationService(533): WARNING: In a future release this will crash the app: com.koo.lightmanager
07-17 22:03:29.316: E/NotificationService(533): Not posting notification with icon==0: Notification(pri=2 contentView=null vibrate=null sound=null defaults=0x0 flags=0x91 kind=[null])
07-17 22:03:29.316: E/NotificationService(533): WARNING: In a future release this will crash the app: com.koo.lightmanager
07-17 22:03:29.326: W/Settings(1095): Setting airplane_mode_on has moved from android.provider.Settings.System to android.provider.Settings.Global, returning read-only value.
07-17 22:03:29.336: W/Settings(1095): Setting bluetooth_on has moved from android.provider.Settings.System to android.provider.Settings.Global, returning read-only value.
07-17 22:03:29.346: E/NotificationService(533): Not posting notification with icon==0: Notification(pri=2 contentView=null vibrate=null sound=null defaults=0x0 flags=0x91 kind=[null])
07-17 22:03:29.346: E/NotificationService(533): WARNING: In a future release this will crash the app: com.koo.lightmanager
07-17 22:03:39.316: E/NotificationService(533): Not posting notification with icon==0: Notification(pri=2 contentView=null vibrate=null sound=null defaults=0x0 flags=0x91 kind=[null])
07-17 22:03:39.316: E/NotificationService(533): WARNING: In a future release this will crash the app: com.koo.lightmanager
07-17 22:03:39.326: W/Settings(1095): Setting airplane_mode_on has moved from android.provider.Settings.System to android.provider.Settings.Global, returning read-only value.
07-17 22:03:39.336: W/Settings(1095): Setting bluetooth_on has moved from android.provider.Settings.System to android.provider.Settings.Global, returning read-only value.
07-17 22:03:39.346: E/NotificationService(533): Not posting notification with icon==0: Notification(pri=2 contentView=null vibrate=null sound=null defaults=0x0 flags=0x91 kind=[null])
07-17 22:03:39.346: E/NotificationService(533): WARNING: In a future release this will crash the app: com.koo.lightmanager
07-17 22:03:40.368: E/NotificationService(533): Not posting notification with icon==0: Notification(pri=2 contentView=null vibrate=null sound=null defaults=0x0 flags=0x91 kind=[null])
07-17 22:03:40.368: E/NotificationService(533): WARNING: In a future release this will crash the app: com.koo.lightmanager
07-17 22:03:40.378: W/Settings(1095): Setting airplane_mode_on has moved from android.provider.Settings.System to android.provider.Settings.Global, returning read-only value.
07-17 22:03:40.388: W/Settings(1095): Setting bluetooth_on has moved from android.provider.Settings.System to android.provider.Settings.Global, returning read-only value.
07-17 22:03:40.388: E/NotificationService(533): Not posting notification with icon==0: Notification(pri=2 contentView=null vibrate=null sound=null defaults=0x0 flags=0x91 kind=[null])
07-17 22:03:40.388: E/NotificationService(533): WARNING: In a future release this will crash the app: com.koo.lightmanager
07-17 22:03:49.317: E/NotificationService(533): Not posting notification with icon==0: Notification(pri=2 contentView=null vibrate=null sound=null defaults=0x0 flags=0x91 kind=[null])
07-17 22:03:49.317: E/NotificationService(533): WARNING: In a future release this will crash the app: com.koo.lightmanager
07-17 22:03:49.327: W/Settings(1095): Setting airplane_mode_on has moved from android.provider.Settings.System to android.provider.Settings.Global, returning read-only value.
07-17 22:03:49.337: W/Settings(1095): Setting bluetooth_on has moved from android.provider.Settings.System to android.provider.Settings.Global, returning read-only value.
07-17 22:03:49.347: E/NotificationService(533): Not posting notification with icon==0: Notification(pri=2 contentView=null vibrate=null sound=null defaults=0x0 flags=0x91 kind=[null])
07-17 22:03:49.347: E/NotificationService(533): WARNING: In a future release this will crash the app: com.koo.lightmanager
07-17 22:03:58.577: D/dalvikvm(1095): GC_CONCURRENT freed 384K, 5% free 9027K/9448K, paused 6ms+5ms, total 50ms
07-17 22:04:09.308: E/NotificationService(533): Not posting notification with icon==0: Notification(pri=2 contentView=null vibrate=null sound=null defaults=0x0 flags=0x91 kind=[null])
07-17 22:04:09.308: E/NotificationService(533): WARNING: In a future release this will crash the app: com.koo.lightmanager
07-17 22:04:09.318: W/Settings(1095): Setting airplane_mode_on has moved from android.provider.Settings.System to android.provider.Settings.Global, returning read-only value.
07-17 22:04:09.328: W/Settings(1095): Setting bluetooth_on has moved from android.provider.Settings.System to android.provider.Settings.Global, returning read-only value.
07-17 22:04:09.328: E/NotificationService(533): Not posting notification with icon==0: Notification(pri=2 contentView=null vibrate=null sound=null defaults=0x0 flags=0x91 kind=[null])
07-17 22:04:09.328: E/NotificationService(533): WARNING: In a future release this will crash the app: com.koo.lightmanager
07-17 22:04:19.329: E/NotificationService(533): Not posting notification with icon==0: Notification(pri=2 contentView=null vibrate=null sound=null defaults=0x0 flags=0x91 kind=[null])
07-17 22:04:19.329: E/NotificationService(533): WARNING: In a future release this will crash the app: com.koo.lightmanager
07-17 22:04:19.359: W/Settings(1095): Setting airplane_mode_on has moved from android.provider.Settings.System to android.provider.Settings.Global, returning read-only value.
07-17 22:04:19.359: W/Settings(1095): Setting bluetooth_on has moved from android.provider.Settings.System to android.provider.Settings.Global, returning read-only value.
07-17 22:04:19.369: E/NotificationService(533): Not posting notification with icon==0: Notification(pri=2 contentView=null vibrate=null sound=null defaults=0x0 flags=0x91 kind=[null])
07-17 22:04:19.369: E/NotificationService(533): WARNING: In a future release this will crash the app: com.koo.lightmanager
07-17 22:04:29.310: E/NotificationService(533): Not posting notification with icon==0: Notification(pri=2 contentView=null vibrate=null sound=null defaults=0x0 flags=0x91 kind=[null])
07-17 22:04:29.310: E/NotificationService(533): WARNING: In a future release this will crash the app: com.koo.lightmanager
07-17 22:04:29.320: W/Settings(1095): Setting airplane_mode_on has moved from android.provider.Settings.System to android.provider.Settings.Global, returning read-only value.
07-17 22:04:29.330: W/Settings(1095): Setting bluetooth_on has moved from android.provider.Settings.System to android.provider.Settings.Global, returning read-only value.
07-17 22:04:29.340: E/NotificationService(533): Not posting notification with icon==0: Notification(pri=2 contentView=null vibrate=null sound=null defaults=0x0 flags=0x91 kind=[null])
07-17 22:04:29.340: E/NotificationService(533): WARNING: In a future release this will crash the app: com.koo.lightmanager
07-17 22:04:39.981: D/dalvikvm(11354): GC_CONCURRENT freed 381K, 28% free 10178K/14104K, paused 7ms+8ms, total 70ms
07-17 22:04:40.372: E/NotificationService(533): Not posting notification with icon==0: Notification(pri=2 contentView=null vibrate=null sound=null defaults=0x0 flags=0x91 kind=[null])
07-17 22:04:40.372: E/NotificationService(533): WARNING: In a future release this will crash the app: com.koo.lightmanager
07-17 22:04:40.382: W/Settings(1095): Setting airplane_mode_on has moved from android.provider.Settings.System to android.provider.Settings.Global, returning read-only value.
07-17 22:04:40.382: W/Settings(1095): Setting bluetooth_on has moved from android.provider.Settings.System to android.provider.Settings.Global, returning read-only value.
07-17 22:04:40.392: E/NotificationService(533): Not posting notification with icon==0: Notification(pri=2 contentView=null vibrate=null sound=null defaults=0x0 flags=0x91 kind=[null])
07-17 22:04:40.392: E/NotificationService(533): WARNING: In a future release this will crash the app: com.koo.lightmanager
07-17 22:04:49.311: E/NotificationService(533): Not posting notification with icon==0: Notification(pri=2 contentView=null vibrate=null sound=null defaults=0x0 flags=0x91 kind=[null])
07-17 22:04:49.311: E/NotificationService(533): WARNING: In a future release this will crash the app: com.koo.lightmanager
07-17 22:04:49.331: W/Settings(1095): Setting airplane_mode_on has moved from android.provider.Settings.System to android.provider.Settings.Global, returning read-only value.
07-17 22:04:49.331: W/Settings(1095): Setting bluetooth_on has moved from android.provider.Settings.System to android.provider.Settings.Global, returning read-only value.
07-17 22:04:49.341: E/NotificationService(533): Not posting notification with icon==0: Notification(pri=2 contentView=null vibrate=null sound=null defaults=0x0 flags=0x91 kind=[null])
07-17 22:04:49.341: E/NotificationService(533): WARNING: In a future release this will crash the app: com.koo.lightmanager
07-17 22:04:57.520: D/AndroidRuntime(14231): >>>>>> AndroidRuntime START com.android.internal.os.RuntimeInit <<<<<<
